VL53L0X.c:56:6:setUpVL53L0X	8	static
VL53L0X.c:66:6:setAddress	16	static
VL53L0X.c:80:6:setUpVL53L0X_DataInit	24	static
VL53L0X.c:306:6:writeReg	16	static
VL53L0X.c:318:6:writeReg16Bit	16	static
VL53L0X.c:332:6:writeReg32Bit	16	static
VL53L0X.c:350:9:readReg	24	static
VL53L0X.c:368:10:readReg16Bit	24	static
VL53L0X.c:392:10:readReg32Bit	24	static
VL53L0X.c:418:6:writeMulti	16	static
VL53L0X.c:434:6:readMulti	24	static
VL53L0X.c:461:6:setSignalRateLimit	16	static
VL53L0X.c:473:7:getSignalRateLimit	8	static
VL53L0X.c:485:6:setMeasurementTimingBudget	80	static
VL53L0X.c:567:10:getMeasurementTimingBudget	56	static
VL53L0X.c:614:6:setVcselPulsePeriod	56	static
VL53L0X.c:782:9:getVcselPulsePeriod	16	static
VL53L0X.c:798:6:startContinuous	24	static
VL53L0X.c:832:6:stopContinuous	8	static
VL53L0X.c:845:10:readRangeContinuousMillimeters	16	static
VL53L0X.c:865:10:readRangeSingleMillimeters	8	static
VL53L0X.c:890:6:timeoutOccurred	16	static
VL53L0X.c:901:6:getSpadInfo	24	static
VL53L0X.c:943:6:getSequenceStepEnables	24	static
VL53L0X.c:957:6:getSequenceStepTimeouts	16	static
VL53L0X.c:991:10:decodeTimeout	16	static
VL53L0X.c:1001:10:encodeTimeout	24	static
VL53L0X.c:1023:10:timeoutMclksToMicroseconds	24	static
VL53L0X.c:1033:10:timeoutMicrosecondsToMclks	24	static
VL53L0X.c:1042:6:performSingleRefCalibration	16	static
