Archive member included because of file (symbol)

c:/program files (x86)/atollic/truestudio for arm lite 5.0.0/armtools/bin/../lib/gcc/arm-atollic-eabi/4.7.3/../../../../arm-atollic-eabi/lib/armv7-m\libc_s.a(lib_a-init.o)
                              src\startup_stm32f10x_hd.o (__libc_init_array)
c:/program files (x86)/atollic/truestudio for arm lite 5.0.0/armtools/bin/../lib/gcc/arm-atollic-eabi/4.7.3/../../../../arm-atollic-eabi/lib/armv7-m\libc_s.a(lib_a-strlen.o)
                              src\tiny_printf.o (strlen)
c:/program files (x86)/atollic/truestudio for arm lite 5.0.0/armtools/bin/../lib/gcc/arm-atollic-eabi/4.7.3/../../../../arm-atollic-eabi/lib/armv7-m\libc_s.a(lib_a-syscalls.o)
                              src\tiny_printf.o (_write)
c:/program files (x86)/atollic/truestudio for arm lite 5.0.0/armtools/bin/../lib/gcc/arm-atollic-eabi/4.7.3/../../../../arm-atollic-eabi/lib/armv7-m\libc_s.a(lib_a-reent.o)
                              c:/program files (x86)/atollic/truestudio for arm lite 5.0.0/armtools/bin/../lib/gcc/arm-atollic-eabi/4.7.3/../../../../arm-atollic-eabi/lib/armv7-m\libc_s.a(lib_a-syscalls.o) (errno)
c:/program files (x86)/atollic/truestudio for arm lite 5.0.0/armtools/bin/../lib/gcc/arm-atollic-eabi/4.7.3/../../../../arm-atollic-eabi/lib/armv7-m\libc_s.a(lib_a-freer.o)
                              c:/program files (x86)/atollic/truestudio for arm lite 5.0.0/armtools/bin/../lib/gcc/arm-atollic-eabi/4.7.3/../../../../arm-atollic-eabi/lib/armv7-m\libc_s.a(lib_a-reent.o) (_free_r)
c:/program files (x86)/atollic/truestudio for arm lite 5.0.0/armtools/bin/../lib/gcc/arm-atollic-eabi/4.7.3/../../../../arm-atollic-eabi/lib/armv7-m\libc_s.a(lib_a-impure.o)
                              c:/program files (x86)/atollic/truestudio for arm lite 5.0.0/armtools/bin/../lib/gcc/arm-atollic-eabi/4.7.3/../../../../arm-atollic-eabi/lib/armv7-m\libc_s.a(lib_a-reent.o) (_impure_ptr)
c:/program files (x86)/atollic/truestudio for arm lite 5.0.0/armtools/bin/../lib/gcc/arm-atollic-eabi/4.7.3/../../../../arm-atollic-eabi/lib/armv7-m\libc_s.a(lib_a-mallocr.o)
                              c:/program files (x86)/atollic/truestudio for arm lite 5.0.0/armtools/bin/../lib/gcc/arm-atollic-eabi/4.7.3/../../../../arm-atollic-eabi/lib/armv7-m\libc_s.a(lib_a-freer.o) (__malloc_free_list)
c:/program files (x86)/atollic/truestudio for arm lite 5.0.0/armtools/bin/../lib/gcc/arm-atollic-eabi/4.7.3/../../../../arm-atollic-eabi/lib/armv7-m\libc_s.a(lib_a-sbrkr.o)
                              c:/program files (x86)/atollic/truestudio for arm lite 5.0.0/armtools/bin/../lib/gcc/arm-atollic-eabi/4.7.3/../../../../arm-atollic-eabi/lib/armv7-m\libc_s.a(lib_a-mallocr.o) (_sbrk_r)

Allocating common symbols
Common symbol       size              file

gyro8               0x6               src\stm32f10x_it.o
Avg_Slope           0x2               src\stm32f10x_it.o
t                   0x8c              src\wirelessComms.o
Tx_chars            0x2               src\wirelessComms.o
recVal              0x2               src\stm32f10x_it.o
V25                 0x2               src\stm32f10x_it.o
p                   0x4               src\stm32f10x_it.o
errno               0x4               c:/program files (x86)/atollic/truestudio for arm lite 5.0.0/armtools/bin/../lib/gcc/arm-atollic-eabi/4.7.3/../../../../arm-atollic-eabi/lib/armv7-m\libc_s.a(lib_a-reent.o)
dataS4              0x23              src\wirelessComms.o
AD_value            0x2               src\stm32f10x_it.o
dataS2              0x23              src\wirelessComms.o
TemperatureC        0x2               src\stm32f10x_it.o
temp8               0x2               src\stm32f10x_it.o
lengthS1            0x2               src\wirelessComms.o
dataS3              0x23              src\wirelessComms.o
dataS1              0x23              src\wirelessComms.o
proceed             0x1               src\stm32f10x_it.o
mag8                0x6               src\stm32f10x_it.o
dum                 0x2               src\stm32f10x_it.o
acc8                0x6               src\stm32f10x_it.o
TxBuff              0x23              src\wirelessComms.o

Discarded input sections

 .text          0x00000000        0x0 c:/program files (x86)/atollic/truestudio for arm lite 5.0.0/armtools/bin/../lib/gcc/arm-atollic-eabi/4.7.3/armv7-m/crti.o
 .data          0x00000000        0x0 c:/program files (x86)/atollic/truestudio for arm lite 5.0.0/armtools/bin/../lib/gcc/arm-atollic-eabi/4.7.3/armv7-m/crti.o
 .bss           0x00000000        0x0 c:/program files (x86)/atollic/truestudio for arm lite 5.0.0/armtools/bin/../lib/gcc/arm-atollic-eabi/4.7.3/armv7-m/crti.o
 .data          0x00000000        0x4 c:/program files (x86)/atollic/truestudio for arm lite 5.0.0/armtools/bin/../lib/gcc/arm-atollic-eabi/4.7.3/armv7-m/crtbegin.o
 .text          0x00000000        0x0 src\wirelessComms.o
 .data          0x00000000        0x0 src\wirelessComms.o
 .bss           0x00000000        0x0 src\wirelessComms.o
[...]
Memory Configuration

Name             Origin             Length             Attributes
FLASH            0x08000000         0x00080000         xr
RAM              0x20000000         0x00010000         xrw
MEMORY_B1        0x60000000         0x00000000         xr
*default*        0x00000000         0xffffffff

Linker script and memory map

LOAD c:/program files (x86)/atollic/truestudio for arm lite 5.0.0/armtools/bin/../lib/gcc/arm-atollic-eabi/4.7.3/armv7-m/crti.o
LOAD c:/program files (x86)/atollic/truestudio for arm lite 5.0.0/armtools/bin/../lib/gcc/arm-atollic-eabi/4.7.3/armv7-m/crtbegin.o
LOAD src\wirelessComms.o
LOAD src\tiny_printf.o
LOAD src\system_stm32f10x.o
LOAD src\stm32f10x_it.o
LOAD src\startup_stm32f10x_hd.o
LOAD src\serial_terminal.o
LOAD src\main.o
LOAD src\gyro.o
LOAD src\controlLoopTimer.o
LOAD src\control.o
LOAD src\XBEE.o
LOAD src\CRC.o
LOAD src\AccMag.o
LOAD Libraries\STM32F10x_StdPeriph_Driver\src\stm32f10x_wwdg.o
LOAD Libraries\STM32F10x_StdPeriph_Driver\src\stm32f10x_usart.o
LOAD Libraries\STM32F10x_StdPeriph_Driver\src\stm32f10x_tim.o
LOAD Libraries\STM32F10x_StdPeriph_Driver\src\stm32f10x_spi.o
LOAD Libraries\STM32F10x_StdPeriph_Driver\src\stm32f10x_sdio.o
LOAD Libraries\STM32F10x_StdPeriph_Driver\src\stm32f10x_rtc.o
LOAD Libraries\STM32F10x_StdPeriph_Driver\src\stm32f10x_rcc.o
LOAD Libraries\STM32F10x_StdPeriph_Driver\src\stm32f10x_pwr.o
LOAD Libraries\STM32F10x_StdPeriph_Driver\src\stm32f10x_iwdg.o
LOAD Libraries\STM32F10x_StdPeriph_Driver\src\stm32f10x_i2c.o
LOAD Libraries\STM32F10x_StdPeriph_Driver\src\stm32f10x_gpio.o
LOAD Libraries\STM32F10x_StdPeriph_Driver\src\stm32f10x_fsmc.o
LOAD Libraries\STM32F10x_StdPeriph_Driver\src\stm32f10x_flash.o
LOAD Libraries\STM32F10x_StdPeriph_Driver\src\stm32f10x_exti.o
LOAD Libraries\STM32F10x_StdPeriph_Driver\src\stm32f10x_dma.o
LOAD Libraries\STM32F10x_StdPeriph_Driver\src\stm32f10x_dbgmcu.o
LOAD Libraries\STM32F10x_StdPeriph_Driver\src\stm32f10x_dac.o
LOAD Libraries\STM32F10x_StdPeriph_Driver\src\stm32f10x_crc.o
LOAD Libraries\STM32F10x_StdPeriph_Driver\src\stm32f10x_cec.o
LOAD Libraries\STM32F10x_StdPeriph_Driver\src\stm32f10x_can.o
LOAD Libraries\STM32F10x_StdPeriph_Driver\src\stm32f10x_bkp.o
LOAD Libraries\STM32F10x_StdPeriph_Driver\src\stm32f10x_adc.o
LOAD Libraries\STM32F10x_StdPeriph_Driver\src\misc.o
START GROUP
LOAD c:/program files (x86)/atollic/truestudio for arm lite 5.0.0/armtools/bin/../lib/gcc/arm-atollic-eabi/4.7.3/../../../../arm-atollic-eabi/lib/armv7-m\libc_s.a
LOAD c:/program files (x86)/atollic/truestudio for arm lite 5.0.0/armtools/bin/../lib/gcc/arm-atollic-eabi/4.7.3/../../../../arm-atollic-eabi/lib/armv7-m\libm.a
END GROUP
                0x00001000                malloc_getpagesize_P = 0x1000
START GROUP
LOAD c:/program files (x86)/atollic/truestudio for arm lite 5.0.0/armtools/bin/../lib/gcc/arm-atollic-eabi/4.7.3/armv7-m\libgcc.a
LOAD c:/program files (x86)/atollic/truestudio for arm lite 5.0.0/armtools/bin/../lib/gcc/arm-atollic-eabi/4.7.3/../../../../arm-atollic-eabi/lib/armv7-m\libc.a
END GROUP
LOAD c:/program files (x86)/atollic/truestudio for arm lite 5.0.0/armtools/bin/../lib/gcc/arm-atollic-eabi/4.7.3/armv7-m/crtend.o
LOAD c:/program files (x86)/atollic/truestudio for arm lite 5.0.0/armtools/bin/../lib/gcc/arm-atollic-eabi/4.7.3/armv7-m/crtn.o
                0x20010000                _estack = 0x20010000
                0x00000000                _Min_Heap_Size = 0x0
                0x00000200                _Min_Stack_Size = 0x200

.isr_vector     0x08000000      0x1e4
                0x08000000                . = ALIGN (0x4)
 *(.isr_vector)
 .isr_vector    0x08000000      0x1e4 src\startup_stm32f10x_hd.o
                0x08000000                g_pfnVectors
                0x080001e4                . = ALIGN (0x4)

.text           0x080001e4     0x38e0
                0x080001e4                . = ALIGN (0x4)
 *(.text)
 .text          0x080001e4       0x54 c:/program files (x86)/atollic/truestudio for arm lite 5.0.0/armtools/bin/../lib/gcc/arm-atollic-eabi/4.7.3/armv7-m/crtbegin.o
 *(.text*)
 .text.writeSPIcomms
                0x08000238       0xc0 src\wirelessComms.o
                0x08000238                writeSPIcomms
 .text.CElow    0x080002f8       0x18 src\wirelessComms.o
                0x080002f8                CElow
 .text.CEhigh   0x08000310       0x18 src\wirelessComms.o
                0x08000310                CEhigh
 .text.CSNlow   0x08000328       0x18 src\wirelessComms.o
                0x08000328                CSNlow
 .text.CSNhigh  0x08000340       0x18 src\wirelessComms.o
                0x08000340                CSNhigh
 .text.smallDelay
                0x08000358       0x84 src\wirelessComms.o
                0x08000358                smallDelay
 .text.SystemInit
                0x080003dc       0xa8 src\system_stm32f10x.o
                0x080003dc                SystemInit
 .text.SetSysClock
                0x08000484        0xc src\system_stm32f10x.o
 .text.SetSysClockTo72
                0x08000490      0x1ac src\system_stm32f10x.o
 .text.EXTI3_IRQHandler
                0x0800063c       0xcc src\stm32f10x_it.o
                0x0800063c                EXTI3_IRQHandler
 .text.NMI_Handler
                0x08000708        0xc src\stm32f10x_it.o
                0x08000708                NMI_Handler
 .text.HardFault_Handler
                0x08000714        0x8 src\stm32f10x_it.o
                0x08000714                HardFault_Handler
 .text.MemManage_Handler
                0x0800071c        0x8 src\stm32f10x_it.o
                0x0800071c                MemManage_Handler
 .text.BusFault_Handler
                0x08000724        0x8 src\stm32f10x_it.o
                0x08000724                BusFault_Handler
 .text.UsageFault_Handler
                0x0800072c        0x8 src\stm32f10x_it.o
                0x0800072c                UsageFault_Handler
 .text.SVC_Handler
                0x08000734        0xc src\stm32f10x_it.o
                0x08000734                SVC_Handler
 .text.DebugMon_Handler
                0x08000740        0xc src\stm32f10x_it.o
                0x08000740                DebugMon_Handler
 .text.PendSV_Handler
                0x0800074c        0xc src\stm32f10x_it.o
                0x0800074c                PendSV_Handler
 .text.SysTick_Handler
                0x08000758        0xc src\stm32f10x_it.o
                0x08000758                SysTick_Handler
 .text.Reset_Handler
                0x08000764       0x58 src\startup_stm32f10x_hd.o
                0x08000764                Reset_Handler
 .text.Default_Handler
                0x080007bc        0x4 src\startup_stm32f10x_hd.o
                0x080007bc                EXTI2_IRQHandler
                0x080007bc                TIM8_TRG_COM_IRQHandler
                0x080007bc                TIM8_CC_IRQHandler
                0x080007bc                TIM1_CC_IRQHandler
                0x080007bc                TIM6_IRQHandler
                0x080007bc                PVD_IRQHandler
                0x080007bc                SDIO_IRQHandler
                0x080007bc                EXTI0_IRQHandler
                0x080007bc                I2C2_EV_IRQHandler
                0x080007bc                ADC1_2_IRQHandler
                0x080007bc                SPI1_IRQHandler
                0x080007bc                TAMPER_IRQHandler
                0x080007bc                TIM8_UP_IRQHandler
                0x080007bc                DMA2_Channel2_IRQHandler
                0x080007bc                DMA1_Channel4_IRQHandler
                0x080007bc                USART3_IRQHandler
                0x080007bc                RTC_IRQHandler
                0x080007bc                DMA1_Channel7_IRQHandler
                0x080007bc                CAN1_RX1_IRQHandler
                0x080007bc                UART5_IRQHandler
                0x080007bc                ADC3_IRQHandler
                0x080007bc                TIM4_IRQHandler
                0x080007bc                DMA2_Channel1_IRQHandler
                0x080007bc                I2C1_EV_IRQHandler
                0x080007bc                DMA1_Channel6_IRQHandler
                0x080007bc                UART4_IRQHandler
                0x080007bc                TIM3_IRQHandler
                0x080007bc                RCC_IRQHandler
                0x080007bc                TIM1_TRG_COM_IRQHandler
                0x080007bc                DMA1_Channel1_IRQHandler
                0x080007bc                Default_Handler
                0x080007bc                EXTI15_10_IRQHandler
                0x080007bc                TIM7_IRQHandler
                0x080007bc                TIM5_IRQHandler
                0x080007bc                EXTI9_5_IRQHandler
                0x080007bc                SPI2_IRQHandler
                0x080007bc                DMA1_Channel5_IRQHandler
                0x080007bc                EXTI4_IRQHandler
                0x080007bc                USB_LP_CAN1_RX0_IRQHandler
                0x080007bc                USB_HP_CAN1_TX_IRQHandler
                0x080007bc                DMA1_Channel3_IRQHandler
                0x080007bc                FSMC_IRQHandler
                0x080007bc                TIM1_UP_IRQHandler
                0x080007bc                WWDG_IRQHandler
                0x080007bc                TIM2_IRQHandler
                0x080007bc                TIM1_BRK_IRQHandler
                0x080007bc                EXTI1_IRQHandler
                0x080007bc                RTCAlarm_IRQHandler
                0x080007bc                DMA2_Channel4_5_IRQHandler
                0x080007bc                I2C2_ER_IRQHandler
                0x080007bc                DMA1_Channel2_IRQHandler
                0x080007bc                TIM8_BRK_IRQHandler
                0x080007bc                CAN1_SCE_IRQHandler
                0x080007bc                FLASH_IRQHandler
                0x080007bc                USART1_IRQHandler
                0x080007bc                SPI3_IRQHandler
                0x080007bc                I2C1_ER_IRQHandler
                0x080007bc                USBWakeUp_IRQHandler
                0x080007bc                DMA2_Channel3_IRQHandler
 .text.serialTerminal_Init
                0x080007c0        0xc src\serial_terminal.o
                0x080007c0                serialTerminal_Init
 .text.serialTerminal_packetize
                0x080007cc      0x5a8 src\serial_terminal.o
                0x080007cc                serialTerminal_packetize
 .text.USART2_IRQHandler
                0x08000d74       0x48 src\main.o
                0x08000d74                USART2_IRQHandler
 .text.main     0x08000dbc      0x1f8 src\main.o
                0x08000dbc                main
 .text.setUpGyro
                0x08000fb4       0x10 src\gyro.o
                0x08000fb4                setUpGyro
 .text.initSPIgyro
                0x08000fc4       0xe0 src\gyro.o
                0x08000fc4                initSPIgyro
 .text.spiGyroRegisterSetup
                0x080010a4       0x2c src\gyro.o
                0x080010a4                spiGyroRegisterSetup
 .text.writeSPIgyro
                0x080010d0       0xe4 src\gyro.o
                0x080010d0                writeSPIgyro
 .text.getGyro  0x080011b4       0xa8 src\gyro.o
                0x080011b4                getGyro
 .text.getTemp  0x0800125c       0x34 src\gyro.o
                0x0800125c                getTemp
 .text.setUpADC
                0x08001290       0xdc src\gyro.o
                0x08001290                setUpADC
 .text.readADCtempValue
                0x0800136c       0xa0 src\gyro.o
                0x0800136c                readADCtempValue
 .text.setUpXbee
                0x0800140c       0xd4 src\XBEE.o
                0x0800140c                setUpXbee
 .text.S_DMA    0x080014e0      0x108 src\XBEE.o
                0x080014e0                S_DMA
 .text.initCRC  0x080015e8       0x18 src\CRC.o
                0x080015e8                initCRC
 .text.crcCalc  0x08001600       0x74 src\CRC.o
                0x08001600                crcCalc
 .text.buildTable
                0x08001674       0x98 src\CRC.o
 .text.setUpEcompass
                0x0800170c       0x10 src\AccMag.o
                0x0800170c                setUpEcompass
 .text.initI2CEcompass
                0x0800171c       0xa0 src\AccMag.o
                0x0800171c                initI2CEcompass
 .text.initRegistersEcompass
                0x080017bc      0x47c src\AccMag.o
                0x080017bc                initRegistersEcompass
 .text.eCompassRead
                0x08001c38      0x198 src\AccMag.o
                0x08001c38                eCompassRead
 .text.eCompassRead2
                0x08001dd0      0x190 src\AccMag.o
                0x08001dd0                eCompassRead2
 .text.getAcc   0x08001f60       0x94 src\AccMag.o
                0x08001f60                getAcc
 .text.getMag   0x08001ff4       0x9c src\AccMag.o
                0x08001ff4                getMag
 .text.USART_Init
                0x08002090      0x1ac Libraries\STM32F10x_StdPeriph_Driver\src\stm32f10x_usart.o
                0x08002090                USART_Init
 .text.USART_Cmd
                0x0800223c       0x40 Libraries\STM32F10x_StdPeriph_Driver\src\stm32f10x_usart.o
                0x0800223c                USART_Cmd
 .text.USART_ITConfig
                0x0800227c       0xa4 Libraries\STM32F10x_StdPeriph_Driver\src\stm32f10x_usart.o
                0x0800227c                USART_ITConfig
 .text.USART_DMACmd
                0x08002320       0x48 Libraries\STM32F10x_StdPeriph_Driver\src\stm32f10x_usart.o
                0x08002320                USART_DMACmd
 .text.USART_ReceiveData
                0x08002368       0x24 Libraries\STM32F10x_StdPeriph_Driver\src\stm32f10x_usart.o
                0x08002368                USART_ReceiveData
 .text.USART_GetFlagStatus
                0x0800238c       0x40 Libraries\STM32F10x_StdPeriph_Driver\src\stm32f10x_usart.o
                0x0800238c                USART_GetFlagStatus
 .text.USART_ClearFlag
                0x080023cc       0x24 Libraries\STM32F10x_StdPeriph_Driver\src\stm32f10x_usart.o
                0x080023cc                USART_ClearFlag
 .text.USART_GetITStatus
                0x080023f0       0xc4 Libraries\STM32F10x_StdPeriph_Driver\src\stm32f10x_usart.o
                0x080023f0                USART_GetITStatus
 .text.USART_ClearITPendingBit
                0x080024b4       0x44 Libraries\STM32F10x_StdPeriph_Driver\src\stm32f10x_usart.o
                0x080024b4                USART_ClearITPendingBit
 .text.SPI_I2S_DeInit
                0x080024f8       0x88 Libraries\STM32F10x_StdPeriph_Driver\src\stm32f10x_spi.o
                0x080024f8                SPI_I2S_DeInit
 .text.SPI_Init
                0x08002580       0x88 Libraries\STM32F10x_StdPeriph_Driver\src\stm32f10x_spi.o
                0x08002580                SPI_Init
 .text.SPI_Cmd  0x08002608       0x40 Libraries\STM32F10x_StdPeriph_Driver\src\stm32f10x_spi.o
                0x08002608                SPI_Cmd
 .text.SPI_I2S_SendData
                0x08002648       0x1c Libraries\STM32F10x_StdPeriph_Driver\src\stm32f10x_spi.o
                0x08002648                SPI_I2S_SendData
 .text.SPI_I2S_ReceiveData
                0x08002664       0x1c Libraries\STM32F10x_StdPeriph_Driver\src\stm32f10x_spi.o
                0x08002664                SPI_I2S_ReceiveData
 .text.SPI_I2S_GetFlagStatus
                0x08002680       0x40 Libraries\STM32F10x_StdPeriph_Driver\src\stm32f10x_spi.o
                0x08002680                SPI_I2S_GetFlagStatus
 .text.RCC_GetClocksFreq
                0x080026c0      0x1d4 Libraries\STM32F10x_StdPeriph_Driver\src\stm32f10x_rcc.o
                0x080026c0                RCC_GetClocksFreq
 .text.RCC_AHBPeriphClockCmd
                0x08002894       0x54 Libraries\STM32F10x_StdPeriph_Driver\src\stm32f10x_rcc.o
                0x08002894                RCC_AHBPeriphClockCmd
 .text.RCC_APB2PeriphClockCmd
                0x080028e8       0x54 Libraries\STM32F10x_StdPeriph_Driver\src\stm32f10x_rcc.o
                0x080028e8                RCC_APB2PeriphClockCmd
 .text.RCC_APB1PeriphClockCmd
                0x0800293c       0x54 Libraries\STM32F10x_StdPeriph_Driver\src\stm32f10x_rcc.o
                0x0800293c                RCC_APB1PeriphClockCmd
 .text.RCC_APB2PeriphResetCmd
                0x08002990       0x54 Libraries\STM32F10x_StdPeriph_Driver\src\stm32f10x_rcc.o
                0x08002990                RCC_APB2PeriphResetCmd
 .text.RCC_APB1PeriphResetCmd
                0x080029e4       0x54 Libraries\STM32F10x_StdPeriph_Driver\src\stm32f10x_rcc.o
                0x080029e4                RCC_APB1PeriphResetCmd
 .text.I2C_DeInit
                0x08002a38       0x50 Libraries\STM32F10x_StdPeriph_Driver\src\stm32f10x_i2c.o
                0x08002a38                I2C_DeInit
 .text.I2C_Init
                0x08002a88      0x1ac Libraries\STM32F10x_StdPeriph_Driver\src\stm32f10x_i2c.o
                0x08002a88                I2C_Init
 .text.I2C_Cmd  0x08002c34       0x40 Libraries\STM32F10x_StdPeriph_Driver\src\stm32f10x_i2c.o
                0x08002c34                I2C_Cmd
 .text.I2C_GenerateSTART
                0x08002c74       0x40 Libraries\STM32F10x_StdPeriph_Driver\src\stm32f10x_i2c.o
                0x08002c74                I2C_GenerateSTART
 .text.I2C_GenerateSTOP
                0x08002cb4       0x40 Libraries\STM32F10x_StdPeriph_Driver\src\stm32f10x_i2c.o
                0x08002cb4                I2C_GenerateSTOP
 .text.I2C_AcknowledgeConfig
                0x08002cf4       0x40 Libraries\STM32F10x_StdPeriph_Driver\src\stm32f10x_i2c.o
                0x08002cf4                I2C_AcknowledgeConfig
 .text.I2C_SendData
                0x08002d34       0x20 Libraries\STM32F10x_StdPeriph_Driver\src\stm32f10x_i2c.o
                0x08002d34                I2C_SendData
 .text.I2C_ReceiveData
                0x08002d54       0x1c Libraries\STM32F10x_StdPeriph_Driver\src\stm32f10x_i2c.o
                0x08002d54                I2C_ReceiveData
 .text.I2C_Send7bitAddress
                0x08002d70       0x3c Libraries\STM32F10x_StdPeriph_Driver\src\stm32f10x_i2c.o
                0x08002d70                I2C_Send7bitAddress
 .text.I2C_CheckEvent
                0x08002dac       0x70 Libraries\STM32F10x_StdPeriph_Driver\src\stm32f10x_i2c.o
                0x08002dac                I2C_CheckEvent
 .text.I2C_GetFlagStatus
                0x08002e1c       0x78 Libraries\STM32F10x_StdPeriph_Driver\src\stm32f10x_i2c.o
                0x08002e1c                I2C_GetFlagStatus
 .text.GPIO_Init
                0x08002e94      0x1b0 Libraries\STM32F10x_StdPeriph_Driver\src\stm32f10x_gpio.o
                0x08002e94                GPIO_Init
 .text.GPIO_SetBits
                0x08003044       0x1c Libraries\STM32F10x_StdPeriph_Driver\src\stm32f10x_gpio.o
                0x08003044                GPIO_SetBits
 .text.GPIO_ResetBits
                0x08003060       0x1c Libraries\STM32F10x_StdPeriph_Driver\src\stm32f10x_gpio.o
                0x08003060                GPIO_ResetBits
 .text.EXTI_GetITStatus
                0x0800307c       0x58 Libraries\STM32F10x_StdPeriph_Driver\src\stm32f10x_exti.o
                0x0800307c                EXTI_GetITStatus
 .text.EXTI_ClearITPendingBit
                0x080030d4       0x20 Libraries\STM32F10x_StdPeriph_Driver\src\stm32f10x_exti.o
                0x080030d4                EXTI_ClearITPendingBit
 .text.DMA_DeInit
                0x080030f4      0x220 Libraries\STM32F10x_StdPeriph_Driver\src\stm32f10x_dma.o
                0x080030f4                DMA_DeInit
 .text.DMA_Init
                0x08003314       0x80 Libraries\STM32F10x_StdPeriph_Driver\src\stm32f10x_dma.o
                0x08003314                DMA_Init
 .text.DMA_StructInit
                0x08003394       0x6c Libraries\STM32F10x_StdPeriph_Driver\src\stm32f10x_dma.o
                0x08003394                DMA_StructInit
 .text.DMA_Cmd  0x08003400       0x38 Libraries\STM32F10x_StdPeriph_Driver\src\stm32f10x_dma.o
                0x08003400                DMA_Cmd
 .text.DMA_ITConfig
                0x08003438       0x3c Libraries\STM32F10x_StdPeriph_Driver\src\stm32f10x_dma.o
                0x08003438                DMA_ITConfig
 .text.DMA_SetCurrDataCounter
                0x08003474       0x1c Libraries\STM32F10x_StdPeriph_Driver\src\stm32f10x_dma.o
                0x08003474                DMA_SetCurrDataCounter
 .text.DMA_GetFlagStatus
                0x08003490       0x60 Libraries\STM32F10x_StdPeriph_Driver\src\stm32f10x_dma.o
                0x08003490                DMA_GetFlagStatus
 .text.DMA_ClearFlag
                0x080034f0       0x38 Libraries\STM32F10x_StdPeriph_Driver\src\stm32f10x_dma.o
                0x080034f0                DMA_ClearFlag
 .text.ADC_Init
                0x08003528       0xb0 Libraries\STM32F10x_StdPeriph_Driver\src\stm32f10x_adc.o
                0x08003528                ADC_Init
 .text.ADC_Cmd  0x080035d8       0x38 Libraries\STM32F10x_StdPeriph_Driver\src\stm32f10x_adc.o
                0x080035d8                ADC_Cmd
 .text.ADC_ResetCalibration
                0x08003610       0x20 Libraries\STM32F10x_StdPeriph_Driver\src\stm32f10x_adc.o
                0x08003610                ADC_ResetCalibration
 .text.ADC_GetResetCalibrationStatus
                0x08003630       0x38 Libraries\STM32F10x_StdPeriph_Driver\src\stm32f10x_adc.o
                0x08003630                ADC_GetResetCalibrationStatus
 .text.ADC_StartCalibration
                0x08003668       0x20 Libraries\STM32F10x_StdPeriph_Driver\src\stm32f10x_adc.o
                0x08003668                ADC_StartCalibration
 .text.ADC_GetCalibrationStatus
                0x08003688       0x38 Libraries\STM32F10x_StdPeriph_Driver\src\stm32f10x_adc.o
                0x08003688                ADC_GetCalibrationStatus
 .text.ADC_SoftwareStartConvCmd
                0x080036c0       0x38 Libraries\STM32F10x_StdPeriph_Driver\src\stm32f10x_adc.o
                0x080036c0                ADC_SoftwareStartConvCmd
 .text.ADC_RegularChannelConfig
                0x080036f8      0x1bc Libraries\STM32F10x_StdPeriph_Driver\src\stm32f10x_adc.o
                0x080036f8                ADC_RegularChannelConfig
 .text.ADC_GetConversionValue
                0x080038b4       0x1c Libraries\STM32F10x_StdPeriph_Driver\src\stm32f10x_adc.o
                0x080038b4                ADC_GetConversionValue
 .text.ADC_TempSensorVrefintCmd
                0x080038d0       0x4c Libraries\STM32F10x_StdPeriph_Driver\src\stm32f10x_adc.o
                0x080038d0                ADC_TempSensorVrefintCmd
 .text.ADC_GetFlagStatus
                0x0800391c       0x3c Libraries\STM32F10x_StdPeriph_Driver\src\stm32f10x_adc.o
                0x0800391c                ADC_GetFlagStatus
 .text.ADC_ClearFlag
                0x08003958       0x20 Libraries\STM32F10x_StdPeriph_Driver\src\stm32f10x_adc.o
                0x08003958                ADC_ClearFlag
 .text.NVIC_Init
                0x08003978       0xe8 Libraries\STM32F10x_StdPeriph_Driver\src\misc.o
                0x08003978                NVIC_Init
 .text.__libc_init_array
                0x08003a60       0x4c c:/program files (x86)/atollic/truestudio for arm lite 5.0.0/armtools/bin/../lib/gcc/arm-atollic-eabi/4.7.3/../../../../arm-atollic-eabi/lib/armv7-m\libc_s.a(lib_a-init.o)
                0x08003a60                __libc_init_array
 *(.glue_7)
 .glue_7        0x00000000        0x0 linker stubs
 *(.glue_7t)
 .glue_7t       0x00000000        0x0 linker stubs
 *(.eh_frame)
 .eh_frame      0x08003aac        0x0 c:/program files (x86)/atollic/truestudio for arm lite 5.0.0/armtools/bin/../lib/gcc/arm-atollic-eabi/4.7.3/armv7-m/crtbegin.o
 *(.init)
 .init          0x08003aac        0x4 c:/program files (x86)/atollic/truestudio for arm lite 5.0.0/armtools/bin/../lib/gcc/arm-atollic-eabi/4.7.3/armv7-m/crti.o
                0x08003aac                _init
 .init          0x08003ab0        0x8 c:/program files (x86)/atollic/truestudio for arm lite 5.0.0/armtools/bin/../lib/gcc/arm-atollic-eabi/4.7.3/armv7-m/crtn.o
 *(.fini)
 .fini          0x08003ab8        0x4 c:/program files (x86)/atollic/truestudio for arm lite 5.0.0/armtools/bin/../lib/gcc/arm-atollic-eabi/4.7.3/armv7-m/crti.o
                0x08003ab8                _fini
 .fini          0x08003abc        0x8 c:/program files (x86)/atollic/truestudio for arm lite 5.0.0/armtools/bin/../lib/gcc/arm-atollic-eabi/4.7.3/armv7-m/crtn.o
                0x08003ac4                . = ALIGN (0x4)
                0x08003ac4                _etext = .

.vfp11_veneer   0x08003ac4        0x0
 .vfp11_veneer  0x00000000        0x0 linker stubs

.v4_bx          0x08003ac4        0x0
 .v4_bx         0x00000000        0x0 linker stubs

.iplt           0x08003ac4        0x0
 .iplt          0x00000000        0x0 c:/program files (x86)/atollic/truestudio for arm lite 5.0.0/armtools/bin/../lib/gcc/arm-atollic-eabi/4.7.3/armv7-m/crtbegin.o

.rel.dyn        0x08003ac4        0x0
 .rel.iplt      0x00000000        0x0 c:/program files (x86)/atollic/truestudio for arm lite 5.0.0/armtools/bin/../lib/gcc/arm-atollic-eabi/4.7.3/armv7-m/crtbegin.o

.rodata         0x08003ac4        0x0
                0x08003ac4                . = ALIGN (0x4)
 *(.rodata)
 *(.rodata*)
                0x08003ac4                . = ALIGN (0x4)

.ARM.extab
 *(.ARM.extab* .gnu.linkonce.armextab.*)

.ARM            0x08003ac4        0x0
                0x08003ac4                __exidx_start = .
 *(.ARM.exidx*)
                0x08003ac4                __exidx_end = .

.preinit_array  0x08003ac4        0x0
                0x08003ac4                PROVIDE (__preinit_array_start, .)
 *(.preinit_array*)
                0x08003ac4                PROVIDE (__preinit_array_end, .)

.init_array     0x08003ac4        0x4
                0x08003ac4                PROVIDE (__init_array_start, .)
 *(SORT(.init_array.*))
 *(.init_array*)
 .init_array    0x08003ac4        0x4 c:/program files (x86)/atollic/truestudio for arm lite 5.0.0/armtools/bin/../lib/gcc/arm-atollic-eabi/4.7.3/armv7-m/crtbegin.o
                0x08003ac8                PROVIDE (__init_array_end, .)

.fini_array     0x08003ac8        0x4
                0x08003ac8                PROVIDE (__fini_array_start, .)
 *(SORT(.fini_array.*))
 *(.fini_array*)
 .fini_array    0x08003ac8        0x4 c:/program files (x86)/atollic/truestudio for arm lite 5.0.0/armtools/bin/../lib/gcc/arm-atollic-eabi/4.7.3/armv7-m/crtbegin.o
                0x08003acc                PROVIDE (__fini_array_end, .)
                0x08003acc                _sidata = LOADADDR (.data)

.data           0x20000000       0x14 load address 0x08003acc
                0x20000000                . = ALIGN (0x4)
                0x20000000                _sdata = .
 *(.data)
 *(.data*)
 .data.APBAHBPrescTable
                0x20000000       0x10 Libraries\STM32F10x_StdPeriph_Driver\src\stm32f10x_rcc.o
 .data.ADCPrescTable
                0x20000010        0x4 Libraries\STM32F10x_StdPeriph_Driver\src\stm32f10x_rcc.o
                0x20000014                . = ALIGN (0x4)
                0x20000014                _edata = .

.jcr            0x20000014        0x0 load address 0x08003ae0
 .jcr           0x20000014        0x0 c:/program files (x86)/atollic/truestudio for arm lite 5.0.0/armtools/bin/../lib/gcc/arm-atollic-eabi/4.7.3/armv7-m/crtbegin.o

.igot.plt       0x20000014        0x0 load address 0x08003ae0
 .igot.plt      0x00000000        0x0 c:/program files (x86)/atollic/truestudio for arm lite 5.0.0/armtools/bin/../lib/gcc/arm-atollic-eabi/4.7.3/armv7-m/crtbegin.o
                0x20000014                . = ALIGN (0x4)

.bss            0x20000014      0x590 load address 0x08003ae0
                0x20000014                _sbss = .
                0x20000014                __bss_start__ = _sbss
 *(.bss)
 .bss           0x20000014       0x1c c:/program files (x86)/atollic/truestudio for arm lite 5.0.0/armtools/bin/../lib/gcc/arm-atollic-eabi/4.7.3/armv7-m/crtbegin.o
 *(.bss*)
 .bss.crcTable  0x20000030      0x400 src\CRC.o
 .bss.currentCRC
                0x20000430        0x4 src\CRC.o
 *(COMMON)
 COMMON         0x20000434      0x147 src\wirelessComms.o
                0x20000434                t
                0x200004c0                Tx_chars
                0x200004c4                dataS4
                0x200004e8                dataS2
                0x2000050c                lengthS1
                0x20000510                dataS3
                0x20000534                dataS1
                0x20000558                TxBuff
 *fill*         0x2000057b        0x1 00
 COMMON         0x2000057c       0x26 src\stm32f10x_it.o
                0x2000057c                gyro8
                0x20000582                Avg_Slope
                0x20000584                recVal
                0x20000586                V25
                0x20000588                p
                0x2000058c                AD_value
                0x2000058e                TemperatureC
                0x20000590                temp8
                0x20000592                proceed
                0x20000594                mag8
                0x2000059a                dum
                0x2000059c                acc8
                0x200005a4                . = ALIGN (0x4)
 *fill*         0x200005a2        0x2 00
                0x200005a4                _ebss = .
                0x200005a4                __bss_end__ = _ebss

._user_heap_stack
                0x200005a4      0x200 load address 0x08003ae0
                0x200005a4                . = ALIGN (0x4)
                0x200005a4                PROVIDE (end, .)
                0x200005a4                PROVIDE (_end, .)
                0x200005a4                . = (. + _Min_Heap_Size)
                0x200007a4                . = (. + _Min_Stack_Size)
 *fill*         0x200005a4      0x200 00
                0x200007a4                . = ALIGN (0x4)

.memory_b1_text
 *(.mb1text)
 *(.mb1text*)
 *(.mb1rodata)
 *(.mb1rodata*)

/DISCARD/
 libc.a(*)
 libm.a(*)
 libgcc.a(*)

.ARM.attributes
                0x00000000       0x29
 *(.ARM.attributes)
 .ARM.attributes
                0x00000000       0x1d c:/program files (x86)/atollic/truestudio for arm lite 5.0.0/armtools/bin/../lib/gcc/arm-atollic-eabi/4.7.3/armv7-m/crti.o
 .ARM.attributes
                0x0000001d       0x2d c:/program files (x86)/atollic/truestudio for arm lite 5.0.0/armtools/bin/../lib/gcc/arm-atollic-eabi/4.7.3/armv7-m/crtbegin.o
 .ARM.attributes
                0x0000004a       0x33 src\wirelessComms.o
 .ARM.attributes
                0x0000007d       0x33 src\system_stm32f10x.o
 .ARM.attributes
                0x000000b0       0x33 src\stm32f10x_it.o
 .ARM.attributes
                0x000000e3       0x21 src\startup_stm32f10x_hd.o
 .ARM.attributes
                0x00000104       0x33 src\serial_terminal.o
 .ARM.attributes
                0x00000137       0x33 src\main.o
 .ARM.attributes
                0x0000016a       0x33 src\gyro.o
 .ARM.attributes
                0x0000019d       0x33 src\XBEE.o
 .ARM.attributes
                0x000001d0       0x33 src\CRC.o
 .ARM.attributes
                0x00000203       0x33 src\AccMag.o
 .ARM.attributes
                0x00000236       0x33 Libraries\STM32F10x_StdPeriph_Driver\src\stm32f10x_usart.o
 .ARM.attributes
                0x00000269       0x33 Libraries\STM32F10x_StdPeriph_Driver\src\stm32f10x_spi.o
 .ARM.attributes
                0x0000029c       0x33 Libraries\STM32F10x_StdPeriph_Driver\src\stm32f10x_rcc.o
 .ARM.attributes
                0x000002cf       0x33 Libraries\STM32F10x_StdPeriph_Driver\src\stm32f10x_i2c.o
 .ARM.attributes
                0x00000302       0x33 Libraries\STM32F10x_StdPeriph_Driver\src\stm32f10x_gpio.o
 .ARM.attributes
                0x00000335       0x33 Libraries\STM32F10x_StdPeriph_Driver\src\stm32f10x_exti.o
 .ARM.attributes
                0x00000368       0x33 Libraries\STM32F10x_StdPeriph_Driver\src\stm32f10x_dma.o
 .ARM.attributes
                0x0000039b       0x33 Libraries\STM32F10x_StdPeriph_Driver\src\stm32f10x_adc.o
 .ARM.attributes
                0x000003ce       0x33 Libraries\STM32F10x_StdPeriph_Driver\src\misc.o
 .ARM.attributes
                0x00000401       0x2d c:/program files (x86)/atollic/truestudio for arm lite 5.0.0/armtools/bin/../lib/gcc/arm-atollic-eabi/4.7.3/../../../../arm-atollic-eabi/lib/armv7-m\libc_s.a(lib_a-init.o)
 .ARM.attributes
                0x0000042e       0x1d c:/program files (x86)/atollic/truestudio for arm lite 5.0.0/armtools/bin/../lib/gcc/arm-atollic-eabi/4.7.3/armv7-m/crtn.o
OUTPUT(tailSensor.elf elf32-littlearm)

.debug_info     0x00000000     0x7d9c
 .debug_info    0x00000000      0x9fd src\wirelessComms.o
 .debug_info    0x000009fd      0x4bc src\system_stm32f10x.o
 .debug_info    0x00000eb9      0x35a src\stm32f10x_it.o
 .debug_info    0x00001213       0x7c src\startup_stm32f10x_hd.o
 .debug_info    0x0000128f      0x32e src\serial_terminal.o
 .debug_info    0x000015bd      0x5dd src\main.o
 .debug_info    0x00001b9a      0x838 src\gyro.o
 .debug_info    0x000023d2      0x81b src\XBEE.o
 .debug_info    0x00002bed      0x1ae src\CRC.o
 .debug_info    0x00002d9b      0x5c7 src\AccMag.o
 .debug_info    0x00003362      0xa91 Libraries\STM32F10x_StdPeriph_Driver\src\stm32f10x_usart.o
 .debug_info    0x00003df3      0x990 Libraries\STM32F10x_StdPeriph_Driver\src\stm32f10x_spi.o
 .debug_info    0x00004783      0x929 Libraries\STM32F10x_StdPeriph_Driver\src\stm32f10x_rcc.o
 .debug_info    0x000050ac      0xbbd Libraries\STM32F10x_StdPeriph_Driver\src\stm32f10x_i2c.o
 .debug_info    0x00005c69      0x73d Libraries\STM32F10x_StdPeriph_Driver\src\stm32f10x_gpio.o
 .debug_info    0x000063a6      0x371 Libraries\STM32F10x_StdPeriph_Driver\src\stm32f10x_exti.o
 .debug_info    0x00006717      0x4b5 Libraries\STM32F10x_StdPeriph_Driver\src\stm32f10x_dma.o
 .debug_info    0x00006bcc      0xc3a Libraries\STM32F10x_StdPeriph_Driver\src\stm32f10x_adc.o
 .debug_info    0x00007806      0x596 Libraries\STM32F10x_StdPeriph_Driver\src\misc.o

.debug_abbrev   0x00000000     0x1a3c
 .debug_abbrev  0x00000000      0x1ca src\wirelessComms.o
 .debug_abbrev  0x000001ca      0x150 src\system_stm32f10x.o
 .debug_abbrev  0x0000031a       0xcf src\stm32f10x_it.o
 .debug_abbrev  0x000003e9       0x12 src\startup_stm32f10x_hd.o
 .debug_abbrev  0x000003fb      0x123 src\serial_terminal.o
 .debug_abbrev  0x0000051e      0x19b src\main.o
 .debug_abbrev  0x000006b9      0x21b src\gyro.o
 .debug_abbrev  0x000008d4      0x19a src\XBEE.o
 .debug_abbrev  0x00000a6e       0xd0 src\CRC.o
 .debug_abbrev  0x00000b3e      0x1af src\AccMag.o
 .debug_abbrev  0x00000ced      0x166 Libraries\STM32F10x_StdPeriph_Driver\src\stm32f10x_usart.o
 .debug_abbrev  0x00000e53      0x182 Libraries\STM32F10x_StdPeriph_Driver\src\stm32f10x_spi.o
 .debug_abbrev  0x00000fd5      0x1be Libraries\STM32F10x_StdPeriph_Driver\src\stm32f10x_rcc.o
 .debug_abbrev  0x00001193      0x168 Libraries\STM32F10x_StdPeriph_Driver\src\stm32f10x_i2c.o
 .debug_abbrev  0x000012fb      0x1cc Libraries\STM32F10x_StdPeriph_Driver\src\stm32f10x_gpio.o
 .debug_abbrev  0x000014c7      0x155 Libraries\STM32F10x_StdPeriph_Driver\src\stm32f10x_exti.o
 .debug_abbrev  0x0000161c      0x159 Libraries\STM32F10x_StdPeriph_Driver\src\stm32f10x_dma.o
 .debug_abbrev  0x00001775      0x19c Libraries\STM32F10x_StdPeriph_Driver\src\stm32f10x_adc.o
 .debug_abbrev  0x00001911      0x12b Libraries\STM32F10x_StdPeriph_Driver\src\misc.o

.debug_loc      0x00000000     0x35e6
 .debug_loc     0x00000000      0x24c src\wirelessComms.o
 .debug_loc     0x0000024c       0xc8 src\system_stm32f10x.o
 .debug_loc     0x00000314      0x1c4 src\stm32f10x_it.o
 .debug_loc     0x000004d8       0x66 src\serial_terminal.o
 .debug_loc     0x0000053e       0xd4 src\main.o
 .debug_loc     0x00000612      0x20c src\gyro.o
 .debug_loc     0x0000081e       0xe0 src\XBEE.o
 .debug_loc     0x000008fe       0x9c src\CRC.o
 .debug_loc     0x0000099a      0x1ec src\AccMag.o
 .debug_loc     0x00000b86      0x658 Libraries\STM32F10x_StdPeriph_Driver\src\stm32f10x_usart.o
 .debug_loc     0x000011de      0x508 Libraries\STM32F10x_StdPeriph_Driver\src\stm32f10x_spi.o
 .debug_loc     0x000016e6      0x6dc Libraries\STM32F10x_StdPeriph_Driver\src\stm32f10x_rcc.o
 .debug_loc     0x00001dc2      0x738 Libraries\STM32F10x_StdPeriph_Driver\src\stm32f10x_i2c.o
 .debug_loc     0x000024fa      0x3e4 Libraries\STM32F10x_StdPeriph_Driver\src\stm32f10x_gpio.o
 .debug_loc     0x000028de      0x1b4 Libraries\STM32F10x_StdPeriph_Driver\src\stm32f10x_exti.o
 .debug_loc     0x00002a92      0x268 Libraries\STM32F10x_StdPeriph_Driver\src\stm32f10x_dma.o
 .debug_loc     0x00002cfa      0x7d4 Libraries\STM32F10x_StdPeriph_Driver\src\stm32f10x_adc.o
 .debug_loc     0x000034ce      0x118 Libraries\STM32F10x_StdPeriph_Driver\src\misc.o

.debug_aranges  0x00000000      0x9c0
 .debug_aranges
                0x00000000       0x78 src\wirelessComms.o
 .debug_aranges
                0x00000078       0x38 src\system_stm32f10x.o
 .debug_aranges
                0x000000b0       0x68 src\stm32f10x_it.o
 .debug_aranges
                0x00000118       0x28 src\startup_stm32f10x_hd.o
 .debug_aranges
                0x00000140       0x28 src\serial_terminal.o
 .debug_aranges
                0x00000168       0x38 src\main.o
 .debug_aranges
                0x000001a0       0x68 src\gyro.o
 .debug_aranges
                0x00000208       0x38 src\XBEE.o
 .debug_aranges
                0x00000240       0x30 src\CRC.o
 .debug_aranges
                0x00000270       0x60 src\AccMag.o
 .debug_aranges
                0x000002d0      0x100 Libraries\STM32F10x_StdPeriph_Driver\src\stm32f10x_usart.o
 .debug_aranges
                0x000003d0       0xd0 Libraries\STM32F10x_StdPeriph_Driver\src\stm32f10x_spi.o
 .debug_aranges
                0x000004a0      0x118 Libraries\STM32F10x_StdPeriph_Driver\src\stm32f10x_rcc.o
 .debug_aranges
                0x000005b8      0x120 Libraries\STM32F10x_StdPeriph_Driver\src\stm32f10x_i2c.o
 .debug_aranges
                0x000006d8       0xa8 Libraries\STM32F10x_StdPeriph_Driver\src\stm32f10x_gpio.o
 .debug_aranges
                0x00000780       0x58 Libraries\STM32F10x_StdPeriph_Driver\src\stm32f10x_exti.o
 .debug_aranges
                0x000007d8       0x70 Libraries\STM32F10x_StdPeriph_Driver\src\stm32f10x_dma.o
 .debug_aranges
                0x00000848      0x138 Libraries\STM32F10x_StdPeriph_Driver\src\stm32f10x_adc.o
 .debug_aranges
                0x00000980       0x40 Libraries\STM32F10x_StdPeriph_Driver\src\misc.o

.debug_ranges   0x00000000      0x898
 .debug_ranges  0x00000000       0x68 src\wirelessComms.o
 .debug_ranges  0x00000068       0x28 src\system_stm32f10x.o
 .debug_ranges  0x00000090       0x58 src\stm32f10x_it.o
 .debug_ranges  0x000000e8       0x20 src\startup_stm32f10x_hd.o
 .debug_ranges  0x00000108       0x18 src\serial_terminal.o
 .debug_ranges  0x00000120       0x28 src\main.o
 .debug_ranges  0x00000148       0x58 src\gyro.o
 .debug_ranges  0x000001a0       0x28 src\XBEE.o
 .debug_ranges  0x000001c8       0x20 src\CRC.o
 .debug_ranges  0x000001e8       0x50 src\AccMag.o
 .debug_ranges  0x00000238       0xf0 Libraries\STM32F10x_StdPeriph_Driver\src\stm32f10x_usart.o
 .debug_ranges  0x00000328       0xc0 Libraries\STM32F10x_StdPeriph_Driver\src\stm32f10x_spi.o
 .debug_ranges  0x000003e8      0x108 Libraries\STM32F10x_StdPeriph_Driver\src\stm32f10x_rcc.o
 .debug_ranges  0x000004f0      0x110 Libraries\STM32F10x_StdPeriph_Driver\src\stm32f10x_i2c.o
 .debug_ranges  0x00000600       0x98 Libraries\STM32F10x_StdPeriph_Driver\src\stm32f10x_gpio.o
 .debug_ranges  0x00000698       0x48 Libraries\STM32F10x_StdPeriph_Driver\src\stm32f10x_exti.o
 .debug_ranges  0x000006e0       0x60 Libraries\STM32F10x_StdPeriph_Driver\src\stm32f10x_dma.o
 .debug_ranges  0x00000740      0x128 Libraries\STM32F10x_StdPeriph_Driver\src\stm32f10x_adc.o
 .debug_ranges  0x00000868       0x30 Libraries\STM32F10x_StdPeriph_Driver\src\misc.o

.debug_line     0x00000000     0x3965
 .debug_line    0x00000000      0x5b3 src\wirelessComms.o
 .debug_line    0x000005b3      0x1e5 src\system_stm32f10x.o
 .debug_line    0x00000798      0x20e src\stm32f10x_it.o
 .debug_line    0x000009a6       0x7c src\startup_stm32f10x_hd.o
 .debug_line    0x00000a22      0x1e1 src\serial_terminal.o
 .debug_line    0x00000c03      0x246 src\main.o
 .debug_line    0x00000e49      0x304 src\gyro.o
 .debug_line    0x0000114d      0x25e src\XBEE.o
 .debug_line    0x000013ab      0x133 src\CRC.o
 .debug_line    0x000014de      0x41c src\AccMag.o
 .debug_line    0x000018fa      0x450 Libraries\STM32F10x_StdPeriph_Driver\src\stm32f10x_usart.o
 .debug_line    0x00001d4a      0x3d7 Libraries\STM32F10x_StdPeriph_Driver\src\stm32f10x_spi.o
 .debug_line    0x00002121      0x472 Libraries\STM32F10x_StdPeriph_Driver\src\stm32f10x_rcc.o
 .debug_line    0x00002593      0x48c Libraries\STM32F10x_StdPeriph_Driver\src\stm32f10x_i2c.o
 .debug_line    0x00002a1f      0x364 Libraries\STM32F10x_StdPeriph_Driver\src\stm32f10x_gpio.o
 .debug_line    0x00002d83      0x259 Libraries\STM32F10x_StdPeriph_Driver\src\stm32f10x_exti.o
 .debug_line    0x00002fdc      0x2b8 Libraries\STM32F10x_StdPeriph_Driver\src\stm32f10x_dma.o
 .debug_line    0x00003294      0x4d8 Libraries\STM32F10x_StdPeriph_Driver\src\stm32f10x_adc.o
 .debug_line    0x0000376c      0x1f9 Libraries\STM32F10x_StdPeriph_Driver\src\misc.o

.debug_str      0x00000000     0x2a77
 .debug_str     0x00000000      0xa3b src\wirelessComms.o
                                0xa87 (size before relaxing)
 .debug_str     0x00000a3b      0x144 src\system_stm32f10x.o
                                0x2ab (size before relaxing)
 .debug_str     0x00000b7f       0xfc src\stm32f10x_it.o
                                0x275 (size before relaxing)
 .debug_str     0x00000c7b      0x191 src\serial_terminal.o
                                0x306 (size before relaxing)
 .debug_str     0x00000e0c       0x64 src\main.o
                                0x3d3 (size before relaxing)
 .debug_str     0x00000e70      0x1a6 src\gyro.o
                                0x596 (size before relaxing)
 .debug_str     0x00001016       0xe7 src\XBEE.o
                                0x940 (size before relaxing)
 .debug_str     0x000010fd       0x6e src\CRC.o
                                0x1a4 (size before relaxing)
 .debug_str     0x0000116b      0x15a src\AccMag.o
                                0x438 (size before relaxing)
 .debug_str     0x000012c5      0x421 Libraries\STM32F10x_StdPeriph_Driver\src\stm32f10x_usart.o
                                0x670 (size before relaxing)
 .debug_str     0x000016e6      0x2cb Libraries\STM32F10x_StdPeriph_Driver\src\stm32f10x_spi.o
                                0x5dd (size before relaxing)
 .debug_str     0x000019b1      0x375 Libraries\STM32F10x_StdPeriph_Driver\src\stm32f10x_rcc.o
                                0x5fa (size before relaxing)
 .debug_str     0x00001d26      0x33a Libraries\STM32F10x_StdPeriph_Driver\src\stm32f10x_i2c.o
                                0x646 (size before relaxing)
 .debug_str     0x00002060      0x24a Libraries\STM32F10x_StdPeriph_Driver\src\stm32f10x_gpio.o
                                0x4f9 (size before relaxing)
 .debug_str     0x000022aa       0xf3 Libraries\STM32F10x_StdPeriph_Driver\src\stm32f10x_exti.o
                                0x33e (size before relaxing)
 .debug_str     0x0000239d      0x13a Libraries\STM32F10x_StdPeriph_Driver\src\stm32f10x_dma.o
                                0x3a1 (size before relaxing)
 .debug_str     0x000024d7      0x453 Libraries\STM32F10x_StdPeriph_Driver\src\stm32f10x_adc.o
                                0x6db (size before relaxing)
 .debug_str     0x0000292a      0x14d Libraries\STM32F10x_StdPeriph_Driver\src\misc.o
                                0x3a9 (size before relaxing)

.comment        0x00000000       0x83
 .comment       0x00000000       0x83 src\wirelessComms.o
                                 0x84 (size before relaxing)
 .comment       0x00000000       0x84 src\system_stm32f10x.o
 .comment       0x00000000       0x84 src\stm32f10x_it.o
 .comment       0x00000000       0x84 src\serial_terminal.o
 .comment       0x00000000       0x84 src\main.o
 .comment       0x00000000       0x84 src\gyro.o
 .comment       0x00000000       0x84 src\XBEE.o
 .comment       0x00000000       0x84 src\CRC.o
 .comment       0x00000000       0x84 src\AccMag.o
 .comment       0x00000000       0x84 Libraries\STM32F10x_StdPeriph_Driver\src\stm32f10x_usart.o
 .comment       0x00000000       0x84 Libraries\STM32F10x_StdPeriph_Driver\src\stm32f10x_spi.o
 .comment       0x00000000       0x84 Libraries\STM32F10x_StdPeriph_Driver\src\stm32f10x_rcc.o
 .comment       0x00000000       0x84 Libraries\STM32F10x_StdPeriph_Driver\src\stm32f10x_i2c.o
 .comment       0x00000000       0x84 Libraries\STM32F10x_StdPeriph_Driver\src\stm32f10x_gpio.o
 .comment       0x00000000       0x84 Libraries\STM32F10x_StdPeriph_Driver\src\stm32f10x_exti.o
 .comment       0x00000000       0x84 Libraries\STM32F10x_StdPeriph_Driver\src\stm32f10x_dma.o
 .comment       0x00000000       0x84 Libraries\STM32F10x_StdPeriph_Driver\src\stm32f10x_adc.o
 .comment       0x00000000       0x84 Libraries\STM32F10x_StdPeriph_Driver\src\misc.o

.debug_frame    0x00000000     0x1d44
 .debug_frame   0x00000000      0x16c src\wirelessComms.o
 .debug_frame   0x0000016c       0x80 src\system_stm32f10x.o
 .debug_frame   0x000001ec      0x108 src\stm32f10x_it.o
 .debug_frame   0x000002f4       0x4c src\serial_terminal.o
 .debug_frame   0x00000340       0x88 src\main.o
 .debug_frame   0x000003c8      0x13c src\gyro.o
 .debug_frame   0x00000504       0x90 src\XBEE.o
 .debug_frame   0x00000594       0x64 src\CRC.o
 .debug_frame   0x000005f8      0x128 src\AccMag.o
 .debug_frame   0x00000720      0x344 Libraries\STM32F10x_StdPeriph_Driver\src\stm32f10x_usart.o
 .debug_frame   0x00000a64      0x29c Libraries\STM32F10x_StdPeriph_Driver\src\stm32f10x_spi.o
 .debug_frame   0x00000d00      0x388 Libraries\STM32F10x_StdPeriph_Driver\src\stm32f10x_rcc.o
 .debug_frame   0x00001088      0x3b4 Libraries\STM32F10x_StdPeriph_Driver\src\stm32f10x_i2c.o
 .debug_frame   0x0000143c      0x210 Libraries\STM32F10x_StdPeriph_Driver\src\stm32f10x_gpio.o
 .debug_frame   0x0000164c       0xec Libraries\STM32F10x_StdPeriph_Driver\src\stm32f10x_exti.o
 .debug_frame   0x00001738      0x144 Libraries\STM32F10x_StdPeriph_Driver\src\stm32f10x_dma.o
 .debug_frame   0x0000187c      0x400 Libraries\STM32F10x_StdPeriph_Driver\src\stm32f10x_adc.o
 .debug_frame   0x00001c7c       0x9c Libraries\STM32F10x_StdPeriph_Driver\src\misc.o
 .debug_frame   0x00001d18       0x2c c:/program files (x86)/atollic/truestudio for arm lite 5.0.0/armtools/bin/../lib/gcc/arm-atollic-eabi/4.7.3/../../../../arm-atollic-eabi/lib/armv7-m\libc_s.a(lib_a-init.o)

Cross Reference Table

Symbol                                            File
ADC1_2_IRQHandler                                 src\startup_stm32f10x_hd.o
ADC3_IRQHandler                                   src\startup_stm32f10x_hd.o
ADC_AnalogWatchdogCmd                             Libraries\STM32F10x_StdPeriph_Driver\src\stm32f10x_adc.o
ADC_AnalogWatchdogSingleChannelConfig             Libraries\STM32F10x_StdPeriph_Driver\src\stm32f10x_adc.o
ADC_AnalogWatchdogThresholdsConfig                Libraries\STM32F10x_StdPeriph_Driver\src\stm32f10x_adc.o
ADC_AutoInjectedConvCmd                           Libraries\STM32F10x_StdPeriph_Driver\src\stm32f10x_adc.o
ADC_ClearFlag                                     Libraries\STM32F10x_StdPeriph_Driver\src\stm32f10x_adc.o
                                                  src\gyro.o
ADC_ClearITPendingBit                             Libraries\STM32F10x_StdPeriph_Driver\src\stm32f10x_adc.o
ADC_Cmd                                           Libraries\STM32F10x_StdPeriph_Driver\src\stm32f10x_adc.o
                                                  src\gyro.o
ADC_DMACmd                                        Libraries\STM32F10x_StdPeriph_Driver\src\stm32f10x_adc.o
ADC_DeInit                                        Libraries\STM32F10x_StdPeriph_Driver\src\stm32f10x_adc.o
ADC_DiscModeChannelCountConfig                    Libraries\STM32F10x_StdPeriph_Driver\src\stm32f10x_adc.o
ADC_DiscModeCmd                                   Libraries\STM32F10x_StdPeriph_Driver\src\stm32f10x_adc.o
ADC_ExternalTrigConvCmd                           Libraries\STM32F10x_StdPeriph_Driver\src\stm32f10x_adc.o
ADC_ExternalTrigInjectedConvCmd                   Libraries\STM32F10x_StdPeriph_Driver\src\stm32f10x_adc.o
ADC_ExternalTrigInjectedConvConfig                Libraries\STM32F10x_StdPeriph_Driver\src\stm32f10x_adc.o
ADC_GetCalibrationStatus                          Libraries\STM32F10x_StdPeriph_Driver\src\stm32f10x_adc.o
                                                  src\gyro.o
ADC_GetConversionValue                            Libraries\STM32F10x_StdPeriph_Driver\src\stm32f10x_adc.o
                                                  src\gyro.o
ADC_GetDualModeConversionValue                    Libraries\STM32F10x_StdPeriph_Driver\src\stm32f10x_adc.o
ADC_GetFlagStatus                                 Libraries\STM32F10x_StdPeriph_Driver\src\stm32f10x_adc.o
                                                  src\gyro.o
ADC_GetITStatus                                   Libraries\STM32F10x_StdPeriph_Driver\src\stm32f10x_adc.o
ADC_GetInjectedConversionValue                    Libraries\STM32F10x_StdPeriph_Driver\src\stm32f10x_adc.o
ADC_GetResetCalibrationStatus                     Libraries\STM32F10x_StdPeriph_Driver\src\stm32f10x_adc.o
                                                  src\gyro.o
ADC_GetSoftwareStartConvStatus                    Libraries\STM32F10x_StdPeriph_Driver\src\stm32f10x_adc.o
ADC_GetSoftwareStartInjectedConvCmdStatus         Libraries\STM32F10x_StdPeriph_Driver\src\stm32f10x_adc.o
ADC_ITConfig                                      Libraries\STM32F10x_StdPeriph_Driver\src\stm32f10x_adc.o
ADC_Init                                          Libraries\STM32F10x_StdPeriph_Driver\src\stm32f10x_adc.o
                                                  src\gyro.o
ADC_InjectedChannelConfig                         Libraries\STM32F10x_StdPeriph_Driver\src\stm32f10x_adc.o
ADC_InjectedDiscModeCmd                           Libraries\STM32F10x_StdPeriph_Driver\src\stm32f10x_adc.o
ADC_InjectedSequencerLengthConfig                 Libraries\STM32F10x_StdPeriph_Driver\src\stm32f10x_adc.o
ADC_RegularChannelConfig                          Libraries\STM32F10x_StdPeriph_Driver\src\stm32f10x_adc.o
                                                  src\gyro.o
ADC_ResetCalibration                              Libraries\STM32F10x_StdPeriph_Driver\src\stm32f10x_adc.o
                                                  src\gyro.o
ADC_SetInjectedOffset                             Libraries\STM32F10x_StdPeriph_Driver\src\stm32f10x_adc.o
ADC_SoftwareStartConvCmd                          Libraries\STM32F10x_StdPeriph_Driver\src\stm32f10x_adc.o
                                                  src\gyro.o
ADC_SoftwareStartInjectedConvCmd                  Libraries\STM32F10x_StdPeriph_Driver\src\stm32f10x_adc.o
ADC_StartCalibration                              Libraries\STM32F10x_StdPeriph_Driver\src\stm32f10x_adc.o
                                                  src\gyro.o
ADC_StructInit                                    Libraries\STM32F10x_StdPeriph_Driver\src\stm32f10x_adc.o
ADC_TempSensorVrefintCmd                          Libraries\STM32F10x_StdPeriph_Driver\src\stm32f10x_adc.o
                                                  src\gyro.o
AD_value                                          src\control.o
                                                  src\gyro.o
                                                  src\main.o
                                                  src\stm32f10x_it.o
AHBPrescTable                                     src\system_stm32f10x.o
Avg_Slope                                         src\control.o
                                                  src\gyro.o
                                                  src\main.o
                                                  src\stm32f10x_it.o
BKP_ClearFlag                                     Libraries\STM32F10x_StdPeriph_Driver\src\stm32f10x_bkp.o
BKP_ClearITPendingBit                             Libraries\STM32F10x_StdPeriph_Driver\src\stm32f10x_bkp.o
BKP_DeInit                                        Libraries\STM32F10x_StdPeriph_Driver\src\stm32f10x_bkp.o
BKP_GetFlagStatus                                 Libraries\STM32F10x_StdPeriph_Driver\src\stm32f10x_bkp.o
BKP_GetITStatus                                   Libraries\STM32F10x_StdPeriph_Driver\src\stm32f10x_bkp.o
BKP_ITConfig                                      Libraries\STM32F10x_StdPeriph_Driver\src\stm32f10x_bkp.o
BKP_RTCOutputConfig                               Libraries\STM32F10x_StdPeriph_Driver\src\stm32f10x_bkp.o
BKP_ReadBackupRegister                            Libraries\STM32F10x_StdPeriph_Driver\src\stm32f10x_bkp.o
BKP_SetRTCCalibrationValue                        Libraries\STM32F10x_StdPeriph_Driver\src\stm32f10x_bkp.o
BKP_TamperPinCmd                                  Libraries\STM32F10x_StdPeriph_Driver\src\stm32f10x_bkp.o
BKP_TamperPinLevelConfig                          Libraries\STM32F10x_StdPeriph_Driver\src\stm32f10x_bkp.o
BKP_WriteBackupRegister                           Libraries\STM32F10x_StdPeriph_Driver\src\stm32f10x_bkp.o
BusFault_Handler                                  src\stm32f10x_it.o
CAN1_RX1_IRQHandler                               src\startup_stm32f10x_hd.o
CAN1_SCE_IRQHandler                               src\startup_stm32f10x_hd.o
CAN_CancelTransmit                                Libraries\STM32F10x_StdPeriph_Driver\src\stm32f10x_can.o
CAN_ClearFlag                                     Libraries\STM32F10x_StdPeriph_Driver\src\stm32f10x_can.o
CAN_ClearITPendingBit                             Libraries\STM32F10x_StdPeriph_Driver\src\stm32f10x_can.o
CAN_DBGFreeze                                     Libraries\STM32F10x_StdPeriph_Driver\src\stm32f10x_can.o
CAN_DeInit                                        Libraries\STM32F10x_StdPeriph_Driver\src\stm32f10x_can.o
CAN_FIFORelease                                   Libraries\STM32F10x_StdPeriph_Driver\src\stm32f10x_can.o
CAN_FilterInit                                    Libraries\STM32F10x_StdPeriph_Driver\src\stm32f10x_can.o
CAN_GetFlagStatus                                 Libraries\STM32F10x_StdPeriph_Driver\src\stm32f10x_can.o
CAN_GetITStatus                                   Libraries\STM32F10x_StdPeriph_Driver\src\stm32f10x_can.o
CAN_GetLSBTransmitErrorCounter                    Libraries\STM32F10x_StdPeriph_Driver\src\stm32f10x_can.o
CAN_GetLastErrorCode                              Libraries\STM32F10x_StdPeriph_Driver\src\stm32f10x_can.o
CAN_GetReceiveErrorCounter                        Libraries\STM32F10x_StdPeriph_Driver\src\stm32f10x_can.o
CAN_ITConfig                                      Libraries\STM32F10x_StdPeriph_Driver\src\stm32f10x_can.o
CAN_Init                                          Libraries\STM32F10x_StdPeriph_Driver\src\stm32f10x_can.o
CAN_MessagePending                                Libraries\STM32F10x_StdPeriph_Driver\src\stm32f10x_can.o
CAN_OperatingModeRequest                          Libraries\STM32F10x_StdPeriph_Driver\src\stm32f10x_can.o
CAN_Receive                                       Libraries\STM32F10x_StdPeriph_Driver\src\stm32f10x_can.o
CAN_SlaveStartBank                                Libraries\STM32F10x_StdPeriph_Driver\src\stm32f10x_can.o
CAN_Sleep                                         Libraries\STM32F10x_StdPeriph_Driver\src\stm32f10x_can.o
CAN_StructInit                                    Libraries\STM32F10x_StdPeriph_Driver\src\stm32f10x_can.o
CAN_TTComModeCmd                                  Libraries\STM32F10x_StdPeriph_Driver\src\stm32f10x_can.o
CAN_Transmit                                      Libraries\STM32F10x_StdPeriph_Driver\src\stm32f10x_can.o
CAN_TransmitStatus                                Libraries\STM32F10x_StdPeriph_Driver\src\stm32f10x_can.o
CAN_WakeUp                                        Libraries\STM32F10x_StdPeriph_Driver\src\stm32f10x_can.o
CEC_ClearFlag                                     Libraries\STM32F10x_StdPeriph_Driver\src\stm32f10x_cec.o
CEC_ClearITPendingBit                             Libraries\STM32F10x_StdPeriph_Driver\src\stm32f10x_cec.o
CEC_Cmd                                           Libraries\STM32F10x_StdPeriph_Driver\src\stm32f10x_cec.o
CEC_DeInit                                        Libraries\STM32F10x_StdPeriph_Driver\src\stm32f10x_cec.o
CEC_EndOfMessageCmd                               Libraries\STM32F10x_StdPeriph_Driver\src\stm32f10x_cec.o
CEC_GetFlagStatus                                 Libraries\STM32F10x_StdPeriph_Driver\src\stm32f10x_cec.o
CEC_GetITStatus                                   Libraries\STM32F10x_StdPeriph_Driver\src\stm32f10x_cec.o
CEC_ITConfig                                      Libraries\STM32F10x_StdPeriph_Driver\src\stm32f10x_cec.o
CEC_Init                                          Libraries\STM32F10x_StdPeriph_Driver\src\stm32f10x_cec.o
CEC_OwnAddressConfig                              Libraries\STM32F10x_StdPeriph_Driver\src\stm32f10x_cec.o
CEC_ReceiveDataByte                               Libraries\STM32F10x_StdPeriph_Driver\src\stm32f10x_cec.o
CEC_SendDataByte                                  Libraries\STM32F10x_StdPeriph_Driver\src\stm32f10x_cec.o
CEC_SetPrescaler                                  Libraries\STM32F10x_StdPeriph_Driver\src\stm32f10x_cec.o
CEC_StartOfMessage                                Libraries\STM32F10x_StdPeriph_Driver\src\stm32f10x_cec.o
CEhigh                                            src\wirelessComms.o
                                                  src\stm32f10x_it.o
CElow                                             src\wirelessComms.o
                                                  src\stm32f10x_it.o
CRC_CalcBlockCRC                                  Libraries\STM32F10x_StdPeriph_Driver\src\stm32f10x_crc.o
CRC_CalcCRC                                       Libraries\STM32F10x_StdPeriph_Driver\src\stm32f10x_crc.o
CRC_GetCRC                                        Libraries\STM32F10x_StdPeriph_Driver\src\stm32f10x_crc.o
CRC_GetIDRegister                                 Libraries\STM32F10x_StdPeriph_Driver\src\stm32f10x_crc.o
CRC_ResetDR                                       Libraries\STM32F10x_StdPeriph_Driver\src\stm32f10x_crc.o
CRC_SetIDRegister                                 Libraries\STM32F10x_StdPeriph_Driver\src\stm32f10x_crc.o
CSNhigh                                           src\wirelessComms.o
                                                  src\stm32f10x_it.o
CSNlow                                            src\wirelessComms.o
                                                  src\stm32f10x_it.o
DAC_Cmd                                           Libraries\STM32F10x_StdPeriph_Driver\src\stm32f10x_dac.o
DAC_DMACmd                                        Libraries\STM32F10x_StdPeriph_Driver\src\stm32f10x_dac.o
DAC_DeInit                                        Libraries\STM32F10x_StdPeriph_Driver\src\stm32f10x_dac.o
DAC_DualSoftwareTriggerCmd                        Libraries\STM32F10x_StdPeriph_Driver\src\stm32f10x_dac.o
DAC_GetDataOutputValue                            Libraries\STM32F10x_StdPeriph_Driver\src\stm32f10x_dac.o
DAC_Init                                          Libraries\STM32F10x_StdPeriph_Driver\src\stm32f10x_dac.o
DAC_SetChannel1Data                               Libraries\STM32F10x_StdPeriph_Driver\src\stm32f10x_dac.o
DAC_SetChannel2Data                               Libraries\STM32F10x_StdPeriph_Driver\src\stm32f10x_dac.o
DAC_SetDualChannelData                            Libraries\STM32F10x_StdPeriph_Driver\src\stm32f10x_dac.o
DAC_SoftwareTriggerCmd                            Libraries\STM32F10x_StdPeriph_Driver\src\stm32f10x_dac.o
DAC_StructInit                                    Libraries\STM32F10x_StdPeriph_Driver\src\stm32f10x_dac.o
DAC_WaveGenerationCmd                             Libraries\STM32F10x_StdPeriph_Driver\src\stm32f10x_dac.o
DBGMCU_Config                                     Libraries\STM32F10x_StdPeriph_Driver\src\stm32f10x_dbgmcu.o
DBGMCU_GetDEVID                                   Libraries\STM32F10x_StdPeriph_Driver\src\stm32f10x_dbgmcu.o
DBGMCU_GetREVID                                   Libraries\STM32F10x_StdPeriph_Driver\src\stm32f10x_dbgmcu.o
DMA1_Channel1_IRQHandler                          src\startup_stm32f10x_hd.o
DMA1_Channel2_IRQHandler                          src\startup_stm32f10x_hd.o
DMA1_Channel3_IRQHandler                          src\startup_stm32f10x_hd.o
DMA1_Channel4_IRQHandler                          src\startup_stm32f10x_hd.o
DMA1_Channel5_IRQHandler                          src\startup_stm32f10x_hd.o
DMA1_Channel6_IRQHandler                          src\startup_stm32f10x_hd.o
DMA1_Channel7_IRQHandler                          src\startup_stm32f10x_hd.o
DMA2_Channel1_IRQHandler                          src\startup_stm32f10x_hd.o
DMA2_Channel2_IRQHandler                          src\startup_stm32f10x_hd.o
DMA2_Channel3_IRQHandler                          src\startup_stm32f10x_hd.o
DMA2_Channel4_5_IRQHandler                        src\startup_stm32f10x_hd.o
DMA_ClearFlag                                     Libraries\STM32F10x_StdPeriph_Driver\src\stm32f10x_dma.o
                                                  src\XBEE.o
                                                  src\main.o
DMA_ClearITPendingBit                             Libraries\STM32F10x_StdPeriph_Driver\src\stm32f10x_dma.o
DMA_Cmd                                           Libraries\STM32F10x_StdPeriph_Driver\src\stm32f10x_dma.o
                                                  src\XBEE.o
                                                  src\main.o
                                                  src\wirelessComms.o
DMA_DeInit                                        Libraries\STM32F10x_StdPeriph_Driver\src\stm32f10x_dma.o
                                                  src\XBEE.o
                                                  src\wirelessComms.o
DMA_GetCurrDataCounter                            Libraries\STM32F10x_StdPeriph_Driver\src\stm32f10x_dma.o
DMA_GetFlagStatus                                 Libraries\STM32F10x_StdPeriph_Driver\src\stm32f10x_dma.o
                                                  src\XBEE.o
                                                  src\main.o
DMA_GetITStatus                                   Libraries\STM32F10x_StdPeriph_Driver\src\stm32f10x_dma.o
DMA_ITConfig                                      Libraries\STM32F10x_StdPeriph_Driver\src\stm32f10x_dma.o
                                                  src\XBEE.o
DMA_Init                                          Libraries\STM32F10x_StdPeriph_Driver\src\stm32f10x_dma.o
                                                  src\XBEE.o
                                                  src\wirelessComms.o
DMA_SetCurrDataCounter                            Libraries\STM32F10x_StdPeriph_Driver\src\stm32f10x_dma.o
                                                  src\main.o
DMA_StructInit                                    Libraries\STM32F10x_StdPeriph_Driver\src\stm32f10x_dma.o
                                                  src\XBEE.o
                                                  src\wirelessComms.o
DebugMon_Handler                                  src\stm32f10x_it.o
Default_Handler                                   src\startup_stm32f10x_hd.o
EXTI0_IRQHandler                                  src\startup_stm32f10x_hd.o
EXTI15_10_IRQHandler                              src\startup_stm32f10x_hd.o
EXTI1_IRQHandler                                  src\startup_stm32f10x_hd.o
EXTI2_IRQHandler                                  src\startup_stm32f10x_hd.o
EXTI3_IRQHandler                                  src\stm32f10x_it.o
EXTI4_IRQHandler                                  src\startup_stm32f10x_hd.o
EXTI9_5_IRQHandler                                src\startup_stm32f10x_hd.o
EXTI_ClearFlag                                    Libraries\STM32F10x_StdPeriph_Driver\src\stm32f10x_exti.o
EXTI_ClearITPendingBit                            Libraries\STM32F10x_StdPeriph_Driver\src\stm32f10x_exti.o
                                                  src\stm32f10x_it.o
EXTI_DeInit                                       Libraries\STM32F10x_StdPeriph_Driver\src\stm32f10x_exti.o
EXTI_GenerateSWInterrupt                          Libraries\STM32F10x_StdPeriph_Driver\src\stm32f10x_exti.o
EXTI_GetFlagStatus                                Libraries\STM32F10x_StdPeriph_Driver\src\stm32f10x_exti.o
EXTI_GetITStatus                                  Libraries\STM32F10x_StdPeriph_Driver\src\stm32f10x_exti.o
                                                  src\stm32f10x_it.o
EXTI_Init                                         Libraries\STM32F10x_StdPeriph_Driver\src\stm32f10x_exti.o
                                                  src\wirelessComms.o
EXTI_StructInit                                   Libraries\STM32F10x_StdPeriph_Driver\src\stm32f10x_exti.o
FLASH_ClearFlag                                   Libraries\STM32F10x_StdPeriph_Driver\src\stm32f10x_flash.o
FLASH_EnableWriteProtection                       Libraries\STM32F10x_StdPeriph_Driver\src\stm32f10x_flash.o
FLASH_EraseAllBank1Pages                          Libraries\STM32F10x_StdPeriph_Driver\src\stm32f10x_flash.o
FLASH_EraseAllPages                               Libraries\STM32F10x_StdPeriph_Driver\src\stm32f10x_flash.o
FLASH_EraseOptionBytes                            Libraries\STM32F10x_StdPeriph_Driver\src\stm32f10x_flash.o
FLASH_ErasePage                                   Libraries\STM32F10x_StdPeriph_Driver\src\stm32f10x_flash.o
FLASH_GetBank1Status                              Libraries\STM32F10x_StdPeriph_Driver\src\stm32f10x_flash.o
FLASH_GetFlagStatus                               Libraries\STM32F10x_StdPeriph_Driver\src\stm32f10x_flash.o
FLASH_GetPrefetchBufferStatus                     Libraries\STM32F10x_StdPeriph_Driver\src\stm32f10x_flash.o
FLASH_GetReadOutProtectionStatus                  Libraries\STM32F10x_StdPeriph_Driver\src\stm32f10x_flash.o
FLASH_GetStatus                                   Libraries\STM32F10x_StdPeriph_Driver\src\stm32f10x_flash.o
FLASH_GetUserOptionByte                           Libraries\STM32F10x_StdPeriph_Driver\src\stm32f10x_flash.o
FLASH_GetWriteProtectionOptionByte                Libraries\STM32F10x_StdPeriph_Driver\src\stm32f10x_flash.o
FLASH_HalfCycleAccessCmd                          Libraries\STM32F10x_StdPeriph_Driver\src\stm32f10x_flash.o
FLASH_IRQHandler                                  src\startup_stm32f10x_hd.o
FLASH_ITConfig                                    Libraries\STM32F10x_StdPeriph_Driver\src\stm32f10x_flash.o
FLASH_Lock                                        Libraries\STM32F10x_StdPeriph_Driver\src\stm32f10x_flash.o
FLASH_LockBank1                                   Libraries\STM32F10x_StdPeriph_Driver\src\stm32f10x_flash.o
FLASH_PrefetchBufferCmd                           Libraries\STM32F10x_StdPeriph_Driver\src\stm32f10x_flash.o
FLASH_ProgramHalfWord                             Libraries\STM32F10x_StdPeriph_Driver\src\stm32f10x_flash.o
FLASH_ProgramOptionByteData                       Libraries\STM32F10x_StdPeriph_Driver\src\stm32f10x_flash.o
FLASH_ProgramWord                                 Libraries\STM32F10x_StdPeriph_Driver\src\stm32f10x_flash.o
FLASH_ReadOutProtection                           Libraries\STM32F10x_StdPeriph_Driver\src\stm32f10x_flash.o
FLASH_SetLatency                                  Libraries\STM32F10x_StdPeriph_Driver\src\stm32f10x_flash.o
FLASH_Unlock                                      Libraries\STM32F10x_StdPeriph_Driver\src\stm32f10x_flash.o
FLASH_UnlockBank1                                 Libraries\STM32F10x_StdPeriph_Driver\src\stm32f10x_flash.o
FLASH_UserOptionByteConfig                        Libraries\STM32F10x_StdPeriph_Driver\src\stm32f10x_flash.o
FLASH_WaitForLastBank1Operation                   Libraries\STM32F10x_StdPeriph_Driver\src\stm32f10x_flash.o
FLASH_WaitForLastOperation                        Libraries\STM32F10x_StdPeriph_Driver\src\stm32f10x_flash.o
FSMC_ClearFlag                                    Libraries\STM32F10x_StdPeriph_Driver\src\stm32f10x_fsmc.o
FSMC_ClearITPendingBit                            Libraries\STM32F10x_StdPeriph_Driver\src\stm32f10x_fsmc.o
FSMC_GetECC                                       Libraries\STM32F10x_StdPeriph_Driver\src\stm32f10x_fsmc.o
FSMC_GetFlagStatus                                Libraries\STM32F10x_StdPeriph_Driver\src\stm32f10x_fsmc.o
FSMC_GetITStatus                                  Libraries\STM32F10x_StdPeriph_Driver\src\stm32f10x_fsmc.o
FSMC_IRQHandler                                   src\startup_stm32f10x_hd.o
FSMC_ITConfig                                     Libraries\STM32F10x_StdPeriph_Driver\src\stm32f10x_fsmc.o
FSMC_NANDCmd                                      Libraries\STM32F10x_StdPeriph_Driver\src\stm32f10x_fsmc.o
FSMC_NANDDeInit                                   Libraries\STM32F10x_StdPeriph_Driver\src\stm32f10x_fsmc.o
FSMC_NANDECCCmd                                   Libraries\STM32F10x_StdPeriph_Driver\src\stm32f10x_fsmc.o
FSMC_NANDInit                                     Libraries\STM32F10x_StdPeriph_Driver\src\stm32f10x_fsmc.o
FSMC_NANDStructInit                               Libraries\STM32F10x_StdPeriph_Driver\src\stm32f10x_fsmc.o
FSMC_NORSRAMCmd                                   Libraries\STM32F10x_StdPeriph_Driver\src\stm32f10x_fsmc.o
FSMC_NORSRAMDeInit                                Libraries\STM32F10x_StdPeriph_Driver\src\stm32f10x_fsmc.o
FSMC_NORSRAMInit                                  Libraries\STM32F10x_StdPeriph_Driver\src\stm32f10x_fsmc.o
FSMC_NORSRAMStructInit                            Libraries\STM32F10x_StdPeriph_Driver\src\stm32f10x_fsmc.o
FSMC_PCCARDCmd                                    Libraries\STM32F10x_StdPeriph_Driver\src\stm32f10x_fsmc.o
FSMC_PCCARDDeInit                                 Libraries\STM32F10x_StdPeriph_Driver\src\stm32f10x_fsmc.o
FSMC_PCCARDInit                                   Libraries\STM32F10x_StdPeriph_Driver\src\stm32f10x_fsmc.o
FSMC_PCCARDStructInit                             Libraries\STM32F10x_StdPeriph_Driver\src\stm32f10x_fsmc.o
GPIO_AFIODeInit                                   Libraries\STM32F10x_StdPeriph_Driver\src\stm32f10x_gpio.o
GPIO_DeInit                                       Libraries\STM32F10x_StdPeriph_Driver\src\stm32f10x_gpio.o
GPIO_ETH_MediaInterfaceConfig                     Libraries\STM32F10x_StdPeriph_Driver\src\stm32f10x_gpio.o
GPIO_EXTILineConfig                               Libraries\STM32F10x_StdPeriph_Driver\src\stm32f10x_gpio.o
                                                  src\wirelessComms.o
GPIO_EventOutputCmd                               Libraries\STM32F10x_StdPeriph_Driver\src\stm32f10x_gpio.o
GPIO_EventOutputConfig                            Libraries\STM32F10x_StdPeriph_Driver\src\stm32f10x_gpio.o
GPIO_Init                                         Libraries\STM32F10x_StdPeriph_Driver\src\stm32f10x_gpio.o
                                                  src\AccMag.o
                                                  src\XBEE.o
                                                  src\gyro.o
                                                  src\main.o
                                                  src\wirelessComms.o
GPIO_PinLockConfig                                Libraries\STM32F10x_StdPeriph_Driver\src\stm32f10x_gpio.o
GPIO_PinRemapConfig                               Libraries\STM32F10x_StdPeriph_Driver\src\stm32f10x_gpio.o
GPIO_ReadInputData                                Libraries\STM32F10x_StdPeriph_Driver\src\stm32f10x_gpio.o
GPIO_ReadInputDataBit                             Libraries\STM32F10x_StdPeriph_Driver\src\stm32f10x_gpio.o
GPIO_ReadOutputData                               Libraries\STM32F10x_StdPeriph_Driver\src\stm32f10x_gpio.o
GPIO_ReadOutputDataBit                            Libraries\STM32F10x_StdPeriph_Driver\src\stm32f10x_gpio.o
GPIO_ResetBits                                    Libraries\STM32F10x_StdPeriph_Driver\src\stm32f10x_gpio.o
                                                  src\gyro.o
                                                  src\wirelessComms.o
GPIO_SetBits                                      Libraries\STM32F10x_StdPeriph_Driver\src\stm32f10x_gpio.o
                                                  src\gyro.o
                                                  src\main.o
                                                  src\wirelessComms.o
GPIO_StructInit                                   Libraries\STM32F10x_StdPeriph_Driver\src\stm32f10x_gpio.o
GPIO_Write                                        Libraries\STM32F10x_StdPeriph_Driver\src\stm32f10x_gpio.o
GPIO_WriteBit                                     Libraries\STM32F10x_StdPeriph_Driver\src\stm32f10x_gpio.o
HardFault_Handler                                 src\stm32f10x_it.o
I2C1_ER_IRQHandler                                src\startup_stm32f10x_hd.o
I2C1_EV_IRQHandler                                src\startup_stm32f10x_hd.o
I2C2_ER_IRQHandler                                src\startup_stm32f10x_hd.o
I2C2_EV_IRQHandler                                src\startup_stm32f10x_hd.o
I2C_ARPCmd                                        Libraries\STM32F10x_StdPeriph_Driver\src\stm32f10x_i2c.o
I2C_AcknowledgeConfig                             Libraries\STM32F10x_StdPeriph_Driver\src\stm32f10x_i2c.o
                                                  src\AccMag.o
I2C_CalculatePEC                                  Libraries\STM32F10x_StdPeriph_Driver\src\stm32f10x_i2c.o
I2C_CheckEvent                                    Libraries\STM32F10x_StdPeriph_Driver\src\stm32f10x_i2c.o
                                                  src\AccMag.o
I2C_ClearFlag                                     Libraries\STM32F10x_StdPeriph_Driver\src\stm32f10x_i2c.o
I2C_ClearITPendingBit                             Libraries\STM32F10x_StdPeriph_Driver\src\stm32f10x_i2c.o
I2C_Cmd                                           Libraries\STM32F10x_StdPeriph_Driver\src\stm32f10x_i2c.o
                                                  src\AccMag.o
I2C_DMACmd                                        Libraries\STM32F10x_StdPeriph_Driver\src\stm32f10x_i2c.o
I2C_DMALastTransferCmd                            Libraries\STM32F10x_StdPeriph_Driver\src\stm32f10x_i2c.o
I2C_DeInit                                        Libraries\STM32F10x_StdPeriph_Driver\src\stm32f10x_i2c.o
                                                  src\AccMag.o
I2C_DualAddressCmd                                Libraries\STM32F10x_StdPeriph_Driver\src\stm32f10x_i2c.o
I2C_FastModeDutyCycleConfig                       Libraries\STM32F10x_StdPeriph_Driver\src\stm32f10x_i2c.o
I2C_GeneralCallCmd                                Libraries\STM32F10x_StdPeriph_Driver\src\stm32f10x_i2c.o
I2C_GenerateSTART                                 Libraries\STM32F10x_StdPeriph_Driver\src\stm32f10x_i2c.o
                                                  src\AccMag.o
I2C_GenerateSTOP                                  Libraries\STM32F10x_StdPeriph_Driver\src\stm32f10x_i2c.o
                                                  src\AccMag.o
I2C_GetFlagStatus                                 Libraries\STM32F10x_StdPeriph_Driver\src\stm32f10x_i2c.o
                                                  src\AccMag.o
I2C_GetITStatus                                   Libraries\STM32F10x_StdPeriph_Driver\src\stm32f10x_i2c.o
I2C_GetLastEvent                                  Libraries\STM32F10x_StdPeriph_Driver\src\stm32f10x_i2c.o
I2C_GetPEC                                        Libraries\STM32F10x_StdPeriph_Driver\src\stm32f10x_i2c.o
I2C_ITConfig                                      Libraries\STM32F10x_StdPeriph_Driver\src\stm32f10x_i2c.o
I2C_Init                                          Libraries\STM32F10x_StdPeriph_Driver\src\stm32f10x_i2c.o
                                                  src\AccMag.o
I2C_NACKPositionConfig                            Libraries\STM32F10x_StdPeriph_Driver\src\stm32f10x_i2c.o
I2C_OwnAddress2Config                             Libraries\STM32F10x_StdPeriph_Driver\src\stm32f10x_i2c.o
I2C_PECPositionConfig                             Libraries\STM32F10x_StdPeriph_Driver\src\stm32f10x_i2c.o
I2C_ReadRegister                                  Libraries\STM32F10x_StdPeriph_Driver\src\stm32f10x_i2c.o
I2C_ReceiveData                                   Libraries\STM32F10x_StdPeriph_Driver\src\stm32f10x_i2c.o
                                                  src\AccMag.o
I2C_SMBusAlertConfig                              Libraries\STM32F10x_StdPeriph_Driver\src\stm32f10x_i2c.o
I2C_Send7bitAddress                               Libraries\STM32F10x_StdPeriph_Driver\src\stm32f10x_i2c.o
                                                  src\AccMag.o
I2C_SendData                                      Libraries\STM32F10x_StdPeriph_Driver\src\stm32f10x_i2c.o
                                                  src\AccMag.o
I2C_SoftwareResetCmd                              Libraries\STM32F10x_StdPeriph_Driver\src\stm32f10x_i2c.o
I2C_StretchClockCmd                               Libraries\STM32F10x_StdPeriph_Driver\src\stm32f10x_i2c.o
I2C_StructInit                                    Libraries\STM32F10x_StdPeriph_Driver\src\stm32f10x_i2c.o
I2C_TransmitPEC                                   Libraries\STM32F10x_StdPeriph_Driver\src\stm32f10x_i2c.o
I2S_Cmd                                           Libraries\STM32F10x_StdPeriph_Driver\src\stm32f10x_spi.o
I2S_Init                                          Libraries\STM32F10x_StdPeriph_Driver\src\stm32f10x_spi.o
I2S_StructInit                                    Libraries\STM32F10x_StdPeriph_Driver\src\stm32f10x_spi.o
IWDG_Enable                                       Libraries\STM32F10x_StdPeriph_Driver\src\stm32f10x_iwdg.o
IWDG_GetFlagStatus                                Libraries\STM32F10x_StdPeriph_Driver\src\stm32f10x_iwdg.o
IWDG_ReloadCounter                                Libraries\STM32F10x_StdPeriph_Driver\src\stm32f10x_iwdg.o
IWDG_SetPrescaler                                 Libraries\STM32F10x_StdPeriph_Driver\src\stm32f10x_iwdg.o
IWDG_SetReload                                    Libraries\STM32F10x_StdPeriph_Driver\src\stm32f10x_iwdg.o
IWDG_WriteAccessCmd                               Libraries\STM32F10x_StdPeriph_Driver\src\stm32f10x_iwdg.o
MemManage_Handler                                 src\stm32f10x_it.o
NMI_Handler                                       src\stm32f10x_it.o
NVIC_Init                                         Libraries\STM32F10x_StdPeriph_Driver\src\misc.o
                                                  src\XBEE.o
                                                  src\wirelessComms.o
NVIC_PriorityGroupConfig                          Libraries\STM32F10x_StdPeriph_Driver\src\misc.o
NVIC_SetVectorTable                               Libraries\STM32F10x_StdPeriph_Driver\src\misc.o
NVIC_SystemLPConfig                               Libraries\STM32F10x_StdPeriph_Driver\src\misc.o
PVD_IRQHandler                                    src\startup_stm32f10x_hd.o
PWR_BackupAccessCmd                               Libraries\STM32F10x_StdPeriph_Driver\src\stm32f10x_pwr.o
PWR_ClearFlag                                     Libraries\STM32F10x_StdPeriph_Driver\src\stm32f10x_pwr.o
PWR_DeInit                                        Libraries\STM32F10x_StdPeriph_Driver\src\stm32f10x_pwr.o
PWR_EnterSTANDBYMode                              Libraries\STM32F10x_StdPeriph_Driver\src\stm32f10x_pwr.o
PWR_EnterSTOPMode                                 Libraries\STM32F10x_StdPeriph_Driver\src\stm32f10x_pwr.o
PWR_GetFlagStatus                                 Libraries\STM32F10x_StdPeriph_Driver\src\stm32f10x_pwr.o
PWR_PVDCmd                                        Libraries\STM32F10x_StdPeriph_Driver\src\stm32f10x_pwr.o
PWR_PVDLevelConfig                                Libraries\STM32F10x_StdPeriph_Driver\src\stm32f10x_pwr.o
PWR_WakeUpPinCmd                                  Libraries\STM32F10x_StdPeriph_Driver\src\stm32f10x_pwr.o
PendSV_Handler                                    src\stm32f10x_it.o
RCC_ADCCLKConfig                                  Libraries\STM32F10x_StdPeriph_Driver\src\stm32f10x_rcc.o
RCC_AHBPeriphClockCmd                             Libraries\STM32F10x_StdPeriph_Driver\src\stm32f10x_rcc.o
                                                  src\XBEE.o
                                                  src\wirelessComms.o
RCC_APB1PeriphClockCmd                            Libraries\STM32F10x_StdPeriph_Driver\src\stm32f10x_rcc.o
                                                  src\AccMag.o
                                                  src\XBEE.o
                                                  src\gyro.o
RCC_APB1PeriphResetCmd                            Libraries\STM32F10x_StdPeriph_Driver\src\stm32f10x_rcc.o
                                                  Libraries\STM32F10x_StdPeriph_Driver\src\stm32f10x_can.o
                                                  Libraries\STM32F10x_StdPeriph_Driver\src\stm32f10x_cec.o
                                                  Libraries\STM32F10x_StdPeriph_Driver\src\stm32f10x_dac.o
                                                  Libraries\STM32F10x_StdPeriph_Driver\src\stm32f10x_i2c.o
                                                  Libraries\STM32F10x_StdPeriph_Driver\src\stm32f10x_pwr.o
                                                  Libraries\STM32F10x_StdPeriph_Driver\src\stm32f10x_spi.o
                                                  Libraries\STM32F10x_StdPeriph_Driver\src\stm32f10x_tim.o
                                                  Libraries\STM32F10x_StdPeriph_Driver\src\stm32f10x_usart.o
                                                  Libraries\STM32F10x_StdPeriph_Driver\src\stm32f10x_wwdg.o
RCC_APB2PeriphClockCmd                            Libraries\STM32F10x_StdPeriph_Driver\src\stm32f10x_rcc.o
                                                  src\AccMag.o
                                                  src\XBEE.o
                                                  src\gyro.o
                                                  src\main.o
                                                  src\wirelessComms.o
RCC_APB2PeriphResetCmd                            Libraries\STM32F10x_StdPeriph_Driver\src\stm32f10x_rcc.o
                                                  Libraries\STM32F10x_StdPeriph_Driver\src\stm32f10x_adc.o
                                                  Libraries\STM32F10x_StdPeriph_Driver\src\stm32f10x_gpio.o
                                                  Libraries\STM32F10x_StdPeriph_Driver\src\stm32f10x_spi.o
                                                  Libraries\STM32F10x_StdPeriph_Driver\src\stm32f10x_tim.o
                                                  Libraries\STM32F10x_StdPeriph_Driver\src\stm32f10x_usart.o
RCC_AdjustHSICalibrationValue                     Libraries\STM32F10x_StdPeriph_Driver\src\stm32f10x_rcc.o
RCC_BackupResetCmd                                Libraries\STM32F10x_StdPeriph_Driver\src\stm32f10x_rcc.o
                                                  Libraries\STM32F10x_StdPeriph_Driver\src\stm32f10x_bkp.o
RCC_ClearFlag                                     Libraries\STM32F10x_StdPeriph_Driver\src\stm32f10x_rcc.o
RCC_ClearITPendingBit                             Libraries\STM32F10x_StdPeriph_Driver\src\stm32f10x_rcc.o
RCC_ClockSecuritySystemCmd                        Libraries\STM32F10x_StdPeriph_Driver\src\stm32f10x_rcc.o
RCC_DeInit                                        Libraries\STM32F10x_StdPeriph_Driver\src\stm32f10x_rcc.o
RCC_GetClocksFreq                                 Libraries\STM32F10x_StdPeriph_Driver\src\stm32f10x_rcc.o
                                                  Libraries\STM32F10x_StdPeriph_Driver\src\stm32f10x_i2c.o
                                                  Libraries\STM32F10x_StdPeriph_Driver\src\stm32f10x_spi.o
                                                  Libraries\STM32F10x_StdPeriph_Driver\src\stm32f10x_usart.o
RCC_GetFlagStatus                                 Libraries\STM32F10x_StdPeriph_Driver\src\stm32f10x_rcc.o
RCC_GetITStatus                                   Libraries\STM32F10x_StdPeriph_Driver\src\stm32f10x_rcc.o
RCC_GetSYSCLKSource                               Libraries\STM32F10x_StdPeriph_Driver\src\stm32f10x_rcc.o
RCC_HCLKConfig                                    Libraries\STM32F10x_StdPeriph_Driver\src\stm32f10x_rcc.o
RCC_HSEConfig                                     Libraries\STM32F10x_StdPeriph_Driver\src\stm32f10x_rcc.o
RCC_HSICmd                                        Libraries\STM32F10x_StdPeriph_Driver\src\stm32f10x_rcc.o
RCC_IRQHandler                                    src\startup_stm32f10x_hd.o
RCC_ITConfig                                      Libraries\STM32F10x_StdPeriph_Driver\src\stm32f10x_rcc.o
RCC_LSEConfig                                     Libraries\STM32F10x_StdPeriph_Driver\src\stm32f10x_rcc.o
RCC_LSICmd                                        Libraries\STM32F10x_StdPeriph_Driver\src\stm32f10x_rcc.o
RCC_MCOConfig                                     Libraries\STM32F10x_StdPeriph_Driver\src\stm32f10x_rcc.o
RCC_PCLK1Config                                   Libraries\STM32F10x_StdPeriph_Driver\src\stm32f10x_rcc.o
RCC_PCLK2Config                                   Libraries\STM32F10x_StdPeriph_Driver\src\stm32f10x_rcc.o
RCC_PLLCmd                                        Libraries\STM32F10x_StdPeriph_Driver\src\stm32f10x_rcc.o
RCC_PLLConfig                                     Libraries\STM32F10x_StdPeriph_Driver\src\stm32f10x_rcc.o
RCC_RTCCLKCmd                                     Libraries\STM32F10x_StdPeriph_Driver\src\stm32f10x_rcc.o
RCC_RTCCLKConfig                                  Libraries\STM32F10x_StdPeriph_Driver\src\stm32f10x_rcc.o
RCC_SYSCLKConfig                                  Libraries\STM32F10x_StdPeriph_Driver\src\stm32f10x_rcc.o
RCC_USBCLKConfig                                  Libraries\STM32F10x_StdPeriph_Driver\src\stm32f10x_rcc.o
RCC_WaitForHSEStartUp                             Libraries\STM32F10x_StdPeriph_Driver\src\stm32f10x_rcc.o
RTCAlarm_IRQHandler                               src\startup_stm32f10x_hd.o
RTC_ClearFlag                                     Libraries\STM32F10x_StdPeriph_Driver\src\stm32f10x_rtc.o
RTC_ClearITPendingBit                             Libraries\STM32F10x_StdPeriph_Driver\src\stm32f10x_rtc.o
RTC_EnterConfigMode                               Libraries\STM32F10x_StdPeriph_Driver\src\stm32f10x_rtc.o
RTC_ExitConfigMode                                Libraries\STM32F10x_StdPeriph_Driver\src\stm32f10x_rtc.o
RTC_GetCounter                                    Libraries\STM32F10x_StdPeriph_Driver\src\stm32f10x_rtc.o
RTC_GetDivider                                    Libraries\STM32F10x_StdPeriph_Driver\src\stm32f10x_rtc.o
RTC_GetFlagStatus                                 Libraries\STM32F10x_StdPeriph_Driver\src\stm32f10x_rtc.o
RTC_GetITStatus                                   Libraries\STM32F10x_StdPeriph_Driver\src\stm32f10x_rtc.o
RTC_IRQHandler                                    src\startup_stm32f10x_hd.o
RTC_ITConfig                                      Libraries\STM32F10x_StdPeriph_Driver\src\stm32f10x_rtc.o
RTC_SetAlarm                                      Libraries\STM32F10x_StdPeriph_Driver\src\stm32f10x_rtc.o
RTC_SetCounter                                    Libraries\STM32F10x_StdPeriph_Driver\src\stm32f10x_rtc.o
RTC_SetPrescaler                                  Libraries\STM32F10x_StdPeriph_Driver\src\stm32f10x_rtc.o
RTC_WaitForLastTask                               Libraries\STM32F10x_StdPeriph_Driver\src\stm32f10x_rtc.o
RTC_WaitForSynchro                                Libraries\STM32F10x_StdPeriph_Driver\src\stm32f10x_rtc.o
Reset_Handler                                     src\startup_stm32f10x_hd.o
SDIO_CEATAITCmd                                   Libraries\STM32F10x_StdPeriph_Driver\src\stm32f10x_sdio.o
SDIO_ClearFlag                                    Libraries\STM32F10x_StdPeriph_Driver\src\stm32f10x_sdio.o
SDIO_ClearITPendingBit                            Libraries\STM32F10x_StdPeriph_Driver\src\stm32f10x_sdio.o
SDIO_ClockCmd                                     Libraries\STM32F10x_StdPeriph_Driver\src\stm32f10x_sdio.o
SDIO_CmdStructInit                                Libraries\STM32F10x_StdPeriph_Driver\src\stm32f10x_sdio.o
SDIO_CommandCompletionCmd                         Libraries\STM32F10x_StdPeriph_Driver\src\stm32f10x_sdio.o
SDIO_DMACmd                                       Libraries\STM32F10x_StdPeriph_Driver\src\stm32f10x_sdio.o
SDIO_DataConfig                                   Libraries\STM32F10x_StdPeriph_Driver\src\stm32f10x_sdio.o
SDIO_DataStructInit                               Libraries\STM32F10x_StdPeriph_Driver\src\stm32f10x_sdio.o
SDIO_DeInit                                       Libraries\STM32F10x_StdPeriph_Driver\src\stm32f10x_sdio.o
SDIO_GetCommandResponse                           Libraries\STM32F10x_StdPeriph_Driver\src\stm32f10x_sdio.o
SDIO_GetDataCounter                               Libraries\STM32F10x_StdPeriph_Driver\src\stm32f10x_sdio.o
SDIO_GetFIFOCount                                 Libraries\STM32F10x_StdPeriph_Driver\src\stm32f10x_sdio.o
SDIO_GetFlagStatus                                Libraries\STM32F10x_StdPeriph_Driver\src\stm32f10x_sdio.o
SDIO_GetITStatus                                  Libraries\STM32F10x_StdPeriph_Driver\src\stm32f10x_sdio.o
SDIO_GetPowerState                                Libraries\STM32F10x_StdPeriph_Driver\src\stm32f10x_sdio.o
SDIO_GetResponse                                  Libraries\STM32F10x_StdPeriph_Driver\src\stm32f10x_sdio.o
SDIO_IRQHandler                                   src\startup_stm32f10x_hd.o
SDIO_ITConfig                                     Libraries\STM32F10x_StdPeriph_Driver\src\stm32f10x_sdio.o
SDIO_Init                                         Libraries\STM32F10x_StdPeriph_Driver\src\stm32f10x_sdio.o
SDIO_ReadData                                     Libraries\STM32F10x_StdPeriph_Driver\src\stm32f10x_sdio.o
SDIO_SendCEATACmd                                 Libraries\STM32F10x_StdPeriph_Driver\src\stm32f10x_sdio.o
SDIO_SendCommand                                  Libraries\STM32F10x_StdPeriph_Driver\src\stm32f10x_sdio.o
SDIO_SendSDIOSuspendCmd                           Libraries\STM32F10x_StdPeriph_Driver\src\stm32f10x_sdio.o
SDIO_SetPowerState                                Libraries\STM32F10x_StdPeriph_Driver\src\stm32f10x_sdio.o
SDIO_SetSDIOOperation                             Libraries\STM32F10x_StdPeriph_Driver\src\stm32f10x_sdio.o
SDIO_SetSDIOReadWaitMode                          Libraries\STM32F10x_StdPeriph_Driver\src\stm32f10x_sdio.o
SDIO_StartSDIOReadWait                            Libraries\STM32F10x_StdPeriph_Driver\src\stm32f10x_sdio.o
SDIO_StopSDIOReadWait                             Libraries\STM32F10x_StdPeriph_Driver\src\stm32f10x_sdio.o
SDIO_StructInit                                   Libraries\STM32F10x_StdPeriph_Driver\src\stm32f10x_sdio.o
SDIO_WriteData                                    Libraries\STM32F10x_StdPeriph_Driver\src\stm32f10x_sdio.o
SPI1_IRQHandler                                   src\startup_stm32f10x_hd.o
SPI2_IRQHandler                                   src\startup_stm32f10x_hd.o
SPI3_IRQHandler                                   src\startup_stm32f10x_hd.o
SPI_BiDirectionalLineConfig                       Libraries\STM32F10x_StdPeriph_Driver\src\stm32f10x_spi.o
SPI_CalculateCRC                                  Libraries\STM32F10x_StdPeriph_Driver\src\stm32f10x_spi.o
SPI_Cmd                                           Libraries\STM32F10x_StdPeriph_Driver\src\stm32f10x_spi.o
                                                  src\gyro.o
                                                  src\wirelessComms.o
SPI_DataSizeConfig                                Libraries\STM32F10x_StdPeriph_Driver\src\stm32f10x_spi.o
SPI_GetCRC                                        Libraries\STM32F10x_StdPeriph_Driver\src\stm32f10x_spi.o
SPI_GetCRCPolynomial                              Libraries\STM32F10x_StdPeriph_Driver\src\stm32f10x_spi.o
SPI_I2S_ClearFlag                                 Libraries\STM32F10x_StdPeriph_Driver\src\stm32f10x_spi.o
SPI_I2S_ClearITPendingBit                         Libraries\STM32F10x_StdPeriph_Driver\src\stm32f10x_spi.o
SPI_I2S_DMACmd                                    Libraries\STM32F10x_StdPeriph_Driver\src\stm32f10x_spi.o
                                                  src\wirelessComms.o
SPI_I2S_DeInit                                    Libraries\STM32F10x_StdPeriph_Driver\src\stm32f10x_spi.o
                                                  src\gyro.o
                                                  src\wirelessComms.o
SPI_I2S_GetFlagStatus                             Libraries\STM32F10x_StdPeriph_Driver\src\stm32f10x_spi.o
                                                  src\gyro.o
                                                  src\wirelessComms.o
SPI_I2S_GetITStatus                               Libraries\STM32F10x_StdPeriph_Driver\src\stm32f10x_spi.o
SPI_I2S_ITConfig                                  Libraries\STM32F10x_StdPeriph_Driver\src\stm32f10x_spi.o
SPI_I2S_ReceiveData                               Libraries\STM32F10x_StdPeriph_Driver\src\stm32f10x_spi.o
                                                  src\gyro.o
                                                  src\wirelessComms.o
SPI_I2S_SendData                                  Libraries\STM32F10x_StdPeriph_Driver\src\stm32f10x_spi.o
                                                  src\gyro.o
                                                  src\wirelessComms.o
SPI_Init                                          Libraries\STM32F10x_StdPeriph_Driver\src\stm32f10x_spi.o
                                                  src\gyro.o