Archive member included because of file (symbol)

c:/program files (x86)/atollic/truestudio for arm lite 5.0.0/armtools/bin/../lib/gcc/arm-atollic-eabi/4.7.3/../../../../arm-atollic-eabi/lib/armv7-m\libc_s.a(lib_a-init.o)
                              src\startup_stm32f10x_hd.o (__libc_init_array)
c:/program files (x86)/atollic/truestudio for arm lite 5.0.0/armtools/bin/../lib/gcc/arm-atollic-eabi/4.7.3/../../../../arm-atollic-eabi/lib/armv7-m\libc_s.a(lib_a-strlen.o)
                              src\tiny_printf.o (strlen)
c:/program files (x86)/atollic/truestudio for arm lite 5.0.0/armtools/bin/../lib/gcc/arm-atollic-eabi/4.7.3/../../../../arm-atollic-eabi/lib/armv7-m\libc_s.a(lib_a-syscalls.o)
                              src\tiny_printf.o (_write)
c:/program files (x86)/atollic/truestudio for arm lite 5.0.0/armtools/bin/../lib/gcc/arm-atollic-eabi/4.7.3/../../../../arm-atollic-eabi/lib/armv7-m\libc_s.a(lib_a-reent.o)
                              c:/program files (x86)/atollic/truestudio for arm lite 5.0.0/armtools/bin/../lib/gcc/arm-atollic-eabi/4.7.3/../../../../arm-atollic-eabi/lib/armv7-m\libc_s.a(lib_a-syscalls.o) (errno)
c:/program files (x86)/atollic/truestudio for arm lite 5.0.0/armtools/bin/../lib/gcc/arm-atollic-eabi/4.7.3/../../../../arm-atollic-eabi/lib/armv7-m\libc_s.a(lib_a-freer.o)
                              c:/program files (x86)/atollic/truestudio for arm lite 5.0.0/armtools/bin/../lib/gcc/arm-atollic-eabi/4.7.3/../../../../arm-atollic-eabi/lib/armv7-m\libc_s.a(lib_a-reent.o) (_free_r)
c:/program files (x86)/atollic/truestudio for arm lite 5.0.0/armtools/bin/../lib/gcc/arm-atollic-eabi/4.7.3/../../../../arm-atollic-eabi/lib/armv7-m\libc_s.a(lib_a-impure.o)
                              c:/program files (x86)/atollic/truestudio for arm lite 5.0.0/armtools/bin/../lib/gcc/arm-atollic-eabi/4.7.3/../../../../arm-atollic-eabi/lib/armv7-m\libc_s.a(lib_a-reent.o) (_impure_ptr)
c:/program files (x86)/atollic/truestudio for arm lite 5.0.0/armtools/bin/../lib/gcc/arm-atollic-eabi/4.7.3/../../../../arm-atollic-eabi/lib/armv7-m\libc_s.a(lib_a-mallocr.o)
                              c:/program files (x86)/atollic/truestudio for arm lite 5.0.0/armtools/bin/../lib/gcc/arm-atollic-eabi/4.7.3/../../../../arm-atollic-eabi/lib/armv7-m\libc_s.a(lib_a-freer.o) (__malloc_free_list)
c:/program files (x86)/atollic/truestudio for arm lite 5.0.0/armtools/bin/../lib/gcc/arm-atollic-eabi/4.7.3/../../../../arm-atollic-eabi/lib/armv7-m\libc_s.a(lib_a-sbrkr.o)
                              c:/program files (x86)/atollic/truestudio for arm lite 5.0.0/armtools/bin/../lib/gcc/arm-atollic-eabi/4.7.3/../../../../arm-atollic-eabi/lib/armv7-m\libc_s.a(lib_a-mallocr.o) (_sbrk_r)
c:/program files (x86)/atollic/truestudio for arm lite 5.0.0/armtools/bin/../lib/gcc/arm-atollic-eabi/4.7.3/armv7-m\libgcc.a(_arm_addsubdf3.o)
                              src\gyro.o (__aeabi_i2d)
c:/program files (x86)/atollic/truestudio for arm lite 5.0.0/armtools/bin/../lib/gcc/arm-atollic-eabi/4.7.3/armv7-m\libgcc.a(_arm_muldivdf3.o)
                              src\gyro.o (__aeabi_dmul)
c:/program files (x86)/atollic/truestudio for arm lite 5.0.0/armtools/bin/../lib/gcc/arm-atollic-eabi/4.7.3/armv7-m\libgcc.a(_arm_truncdfsf2.o)
                              src\gyro.o (__aeabi_d2f)
c:/program files (x86)/atollic/truestudio for arm lite 5.0.0/armtools/bin/../lib/gcc/arm-atollic-eabi/4.7.3/armv7-m\libgcc.a(_arm_addsubsf3.o)
                              src\AccMag.o (__aeabi_i2f)

Allocating common symbols
Common symbol       size              file

gyro8               0xc               src\main.o
t                   0xc8              src\serial_terminal.o
acc                 0xc               src\main.o
Tx_chars            0x2               src\serial_terminal.o
recVal              0x2               src\main.o
errno               0x4               c:/program files (x86)/atollic/truestudio for arm lite 5.0.0/armtools/bin/../lib/gcc/arm-atollic-eabi/4.7.3/../../../../arm-atollic-eabi/lib/armv7-m\libc_s.a(lib_a-reent.o)
dataS4              0x32              src\serial_terminal.o
g                   0x25              src\main.o
dataS2              0x32              src\serial_terminal.o
temp                0x1               src\main.o
temp8               0x1               src\main.o
gyro                0xc               src\main.o
lengthS1            0x2               src\serial_terminal.o
dataS3              0x32              src\serial_terminal.o
dataS1              0x32              src\serial_terminal.o
mag8                0xc               src\main.o
acc8                0xc               src\main.o
TxBuff              0x32              src\serial_terminal.o
mag                 0xc               src\main.o

Discarded input sections

 .text          0x00000000        0x0 c:/program files (x86)/atollic/truestudio for arm lite 5.0.0/armtools/bin/../lib/gcc/arm-atollic-eabi/4.7.3/armv7-m/crti.o
[...]
Memory Configuration

Name             Origin             Length             Attributes
FLASH            0x08000000         0x00080000         xr
RAM              0x20000000         0x00010000         xrw
MEMORY_B1        0x60000000         0x00000000         xr
*default*        0x00000000         0xffffffff

Linker script and memory map

LOAD c:/program files (x86)/atollic/truestudio for arm lite 5.0.0/armtools/bin/../lib/gcc/arm-atollic-eabi/4.7.3/armv7-m/crti.o
LOAD c:/program files (x86)/atollic/truestudio for arm lite 5.0.0/armtools/bin/../lib/gcc/arm-atollic-eabi/4.7.3/armv7-m/crtbegin.o
LOAD src\tiny_printf.o
LOAD src\system_stm32f10x.o
LOAD src\stm32f1xx_it.o
LOAD src\stm32f10x_it.o
LOAD src\startup_stm32f10x_hd.o
LOAD src\serial_terminal.o
LOAD src\main.o
LOAD src\gyro.o
LOAD src\controlLoopTimer.o
LOAD src\control.o
LOAD src\XBEE.o
LOAD src\CRC.o
LOAD src\AccMag.o
LOAD Libraries\STM32F10x_StdPeriph_Driver\src\stm32f10x_wwdg.o
LOAD Libraries\STM32F10x_StdPeriph_Driver\src\stm32f10x_usart.o
LOAD Libraries\STM32F10x_StdPeriph_Driver\src\stm32f10x_tim.o
LOAD Libraries\STM32F10x_StdPeriph_Driver\src\stm32f10x_spi.o
LOAD Libraries\STM32F10x_StdPeriph_Driver\src\stm32f10x_sdio.o
LOAD Libraries\STM32F10x_StdPeriph_Driver\src\stm32f10x_rtc.o
LOAD Libraries\STM32F10x_StdPeriph_Driver\src\stm32f10x_rcc.o
LOAD Libraries\STM32F10x_StdPeriph_Driver\src\stm32f10x_pwr.o
LOAD Libraries\STM32F10x_StdPeriph_Driver\src\stm32f10x_iwdg.o
LOAD Libraries\STM32F10x_StdPeriph_Driver\src\stm32f10x_i2c.o
LOAD Libraries\STM32F10x_StdPeriph_Driver\src\stm32f10x_gpio.o
LOAD Libraries\STM32F10x_StdPeriph_Driver\src\stm32f10x_fsmc.o
LOAD Libraries\STM32F10x_StdPeriph_Driver\src\stm32f10x_flash.o
LOAD Libraries\STM32F10x_StdPeriph_Driver\src\stm32f10x_exti.o
LOAD Libraries\STM32F10x_StdPeriph_Driver\src\stm32f10x_dma.o
LOAD Libraries\STM32F10x_StdPeriph_Driver\src\stm32f10x_dbgmcu.o
LOAD Libraries\STM32F10x_StdPeriph_Driver\src\stm32f10x_dac.o
LOAD Libraries\STM32F10x_StdPeriph_Driver\src\stm32f10x_crc.o
LOAD Libraries\STM32F10x_StdPeriph_Driver\src\stm32f10x_cec.o
LOAD Libraries\STM32F10x_StdPeriph_Driver\src\stm32f10x_can.o
LOAD Libraries\STM32F10x_StdPeriph_Driver\src\stm32f10x_bkp.o
LOAD Libraries\STM32F10x_StdPeriph_Driver\src\stm32f10x_adc.o
LOAD Libraries\STM32F10x_StdPeriph_Driver\src\misc.o
START GROUP
LOAD c:/program files (x86)/atollic/truestudio for arm lite 5.0.0/armtools/bin/../lib/gcc/arm-atollic-eabi/4.7.3/../../../../arm-atollic-eabi/lib/armv7-m\libc_s.a
LOAD c:/program files (x86)/atollic/truestudio for arm lite 5.0.0/armtools/bin/../lib/gcc/arm-atollic-eabi/4.7.3/../../../../arm-atollic-eabi/lib/armv7-m\libm.a
END GROUP
                0x00001000                malloc_getpagesize_P = 0x1000
START GROUP
LOAD c:/program files (x86)/atollic/truestudio for arm lite 5.0.0/armtools/bin/../lib/gcc/arm-atollic-eabi/4.7.3/armv7-m\libgcc.a
LOAD c:/program files (x86)/atollic/truestudio for arm lite 5.0.0/armtools/bin/../lib/gcc/arm-atollic-eabi/4.7.3/../../../../arm-atollic-eabi/lib/armv7-m\libc.a
END GROUP
LOAD c:/program files (x86)/atollic/truestudio for arm lite 5.0.0/armtools/bin/../lib/gcc/arm-atollic-eabi/4.7.3/armv7-m/crtend.o
LOAD c:/program files (x86)/atollic/truestudio for arm lite 5.0.0/armtools/bin/../lib/gcc/arm-atollic-eabi/4.7.3/armv7-m/crtn.o
                0x20010000                _estack = 0x20010000
                0x00000000                _Min_Heap_Size = 0x0
                0x00000200                _Min_Stack_Size = 0x200

.isr_vector     0x08000000      0x1e4
                0x08000000                . = ALIGN (0x4)
 *(.isr_vector)
 .isr_vector    0x08000000      0x1e4 src\startup_stm32f10x_hd.o
                0x08000000                g_pfnVectors
                0x080001e4                . = ALIGN (0x4)

.text           0x080001e8     0x4a04
                0x080001e8                . = ALIGN (0x4)
 *(.text)
 .text          0x080001e8       0x54 c:/program files (x86)/atollic/truestudio for arm lite 5.0.0/armtools/bin/../lib/gcc/arm-atollic-eabi/4.7.3/armv7-m/crtbegin.o
 .text          0x0800023c      0x370 c:/program files (x86)/atollic/truestudio for arm lite 5.0.0/armtools/bin/../lib/gcc/arm-atollic-eabi/4.7.3/armv7-m\libgcc.a(_arm_addsubdf3.o)
                0x0800023c                __aeabi_drsub
                0x08000244                __aeabi_dsub
                0x08000244                __subdf3
                0x08000248                __aeabi_dadd
                0x08000248                __adddf3
                0x080004c0                __floatunsidf
                0x080004c0                __aeabi_ui2d
                0x080004e0                __floatsidf
                0x080004e0                __aeabi_i2d
                0x08000504                __aeabi_f2d
                0x08000504                __extendsfdf2
                0x08000540                __floatundidf
                0x08000540                __aeabi_ul2d
                0x08000550                __floatdidf
                0x08000550                __aeabi_l2d
 .text          0x080005ac      0x424 c:/program files (x86)/atollic/truestudio for arm lite 5.0.0/armtools/bin/../lib/gcc/arm-atollic-eabi/4.7.3/armv7-m\libgcc.a(_arm_muldivdf3.o)
                0x080005ac                __aeabi_dmul
                0x080005ac                __muldf3
                0x08000800                __divdf3
                0x08000800                __aeabi_ddiv
 .text          0x080009d0       0xa0 c:/program files (x86)/atollic/truestudio for arm lite 5.0.0/armtools/bin/../lib/gcc/arm-atollic-eabi/4.7.3/armv7-m\libgcc.a(_arm_truncdfsf2.o)
                0x080009d0                __truncdfsf2
                0x080009d0                __aeabi_d2f
 .text          0x08000a70      0x21c c:/program files (x86)/atollic/truestudio for arm lite 5.0.0/armtools/bin/../lib/gcc/arm-atollic-eabi/4.7.3/armv7-m\libgcc.a(_arm_addsubsf3.o)
                0x08000a70                __aeabi_frsub
                0x08000a78                __subsf3
                0x08000a78                __aeabi_fsub
                0x08000a7c                __aeabi_fadd
                0x08000a7c                __addsf3
                0x08000bdc                __aeabi_ui2f
                0x08000bdc                __floatunsisf
                0x08000be4                __aeabi_i2f
                0x08000be4                __floatsisf
                0x08000c00                __aeabi_ul2f
                0x08000c00                __floatundisf
                0x08000c10                __aeabi_l2f
                0x08000c10                __floatdisf
 *(.text*)
 .text.SystemInit
                0x08000c8c       0xa8 src\system_stm32f10x.o
                0x08000c8c                SystemInit
 .text.SetSysClock
                0x08000d34        0xc src\system_stm32f10x.o
 .text.SetSysClockTo72
                0x08000d40      0x1ac src\system_stm32f10x.o
 .text.NMI_Handler
                0x08000eec        0xc src\stm32f1xx_it.o
                0x08000eec                NMI_Handler
 .text.HardFault_Handler
                0x08000ef8        0x8 src\stm32f1xx_it.o
                0x08000ef8                HardFault_Handler
 .text.MemManage_Handler
                0x08000f00        0x8 src\stm32f1xx_it.o
                0x08000f00                MemManage_Handler
 .text.BusFault_Handler
                0x08000f08        0x8 src\stm32f1xx_it.o
                0x08000f08                BusFault_Handler
 .text.UsageFault_Handler
                0x08000f10        0x8 src\stm32f1xx_it.o
                0x08000f10                UsageFault_Handler
 .text.SVC_Handler
                0x08000f18        0xc src\stm32f1xx_it.o
                0x08000f18                SVC_Handler
 .text.DebugMon_Handler
                0x08000f24        0xc src\stm32f1xx_it.o
                0x08000f24                DebugMon_Handler
 .text.PendSV_Handler
                0x08000f30        0xc src\stm32f1xx_it.o
                0x08000f30                PendSV_Handler
 .text.SysTick_Handler
                0x08000f3c        0xc src\stm32f1xx_it.o
                0x08000f3c                SysTick_Handler
 .text.Reset_Handler
                0x08000f48       0x58 src\startup_stm32f10x_hd.o
                0x08000f48                Reset_Handler
 .text.Default_Handler
                0x08000fa0        0x4 src\startup_stm32f10x_hd.o
                0x08000fa0                EXTI2_IRQHandler
                0x08000fa0                TIM8_TRG_COM_IRQHandler
                0x08000fa0                TIM8_CC_IRQHandler
                0x08000fa0                TIM1_CC_IRQHandler
                0x08000fa0                TIM6_IRQHandler
                0x08000fa0                PVD_IRQHandler
                0x08000fa0                SDIO_IRQHandler
                0x08000fa0                EXTI3_IRQHandler
                0x08000fa0                EXTI0_IRQHandler
                0x08000fa0                I2C2_EV_IRQHandler
                0x08000fa0                ADC1_2_IRQHandler
                0x08000fa0                SPI1_IRQHandler
                0x08000fa0                TAMPER_IRQHandler
                0x08000fa0                TIM8_UP_IRQHandler
                0x08000fa0                DMA2_Channel2_IRQHandler
                0x08000fa0                DMA1_Channel4_IRQHandler
                0x08000fa0                USART3_IRQHandler
                0x08000fa0                RTC_IRQHandler
                0x08000fa0                DMA1_Channel7_IRQHandler
                0x08000fa0                CAN1_RX1_IRQHandler
                0x08000fa0                UART5_IRQHandler
                0x08000fa0                ADC3_IRQHandler
                0x08000fa0                TIM4_IRQHandler
                0x08000fa0                DMA2_Channel1_IRQHandler
                0x08000fa0                I2C1_EV_IRQHandler
                0x08000fa0                DMA1_Channel6_IRQHandler
                0x08000fa0                UART4_IRQHandler
                0x08000fa0                TIM3_IRQHandler
                0x08000fa0                RCC_IRQHandler
                0x08000fa0                TIM1_TRG_COM_IRQHandler
                0x08000fa0                DMA1_Channel1_IRQHandler
                0x08000fa0                Default_Handler
                0x08000fa0                EXTI15_10_IRQHandler
                0x08000fa0                TIM7_IRQHandler
                0x08000fa0                TIM5_IRQHandler
                0x08000fa0                EXTI9_5_IRQHandler
                0x08000fa0                SPI2_IRQHandler
                0x08000fa0                DMA1_Channel5_IRQHandler
                0x08000fa0                EXTI4_IRQHandler
                0x08000fa0                USB_LP_CAN1_RX0_IRQHandler
                0x08000fa0                USB_HP_CAN1_TX_IRQHandler
                0x08000fa0                DMA1_Channel3_IRQHandler
                0x08000fa0                FSMC_IRQHandler
                0x08000fa0                TIM1_UP_IRQHandler
                0x08000fa0                WWDG_IRQHandler
                0x08000fa0                TIM2_IRQHandler
                0x08000fa0                TIM1_BRK_IRQHandler
                0x08000fa0                EXTI1_IRQHandler
                0x08000fa0                RTCAlarm_IRQHandler
                0x08000fa0                DMA2_Channel4_5_IRQHandler
                0x08000fa0                I2C2_ER_IRQHandler
                0x08000fa0                DMA1_Channel2_IRQHandler
                0x08000fa0                TIM8_BRK_IRQHandler
                0x08000fa0                CAN1_SCE_IRQHandler
                0x08000fa0                FLASH_IRQHandler
                0x08000fa0                USART1_IRQHandler
                0x08000fa0                SPI3_IRQHandler
                0x08000fa0                I2C1_ER_IRQHandler
                0x08000fa0                USBWakeUp_IRQHandler
                0x08000fa0                DMA2_Channel3_IRQHandler
 .text.serialTerminal_Init
                0x08000fa4        0xc src\serial_terminal.o
                0x08000fa4                serialTerminal_Init
 .text.serialTerminal_packetize
                0x08000fb0      0x5b0 src\serial_terminal.o
                0x08000fb0                serialTerminal_packetize
 .text.USART2_IRQHandler
                0x08001560       0x48 src\main.o
                0x08001560                USART2_IRQHandler
 .text.main     0x080015a8      0x198 src\main.o
                0x080015a8                main
 .text.convertFloatToByteArray
                0x08001740      0x120 src\main.o
                0x08001740                convertFloatToByteArray
 .text.setUpGyro
                0x08001860       0x10 src\gyro.o
                0x08001860                setUpGyro
 .text.initSPIgyro
                0x08001870       0xe0 src\gyro.o
                0x08001870                initSPIgyro
 .text.spiGyroRegisterSetup
                0x08001950       0x2c src\gyro.o
                0x08001950                spiGyroRegisterSetup
 .text.writeSPIgyro
                0x0800197c       0xe4 src\gyro.o
                0x0800197c                writeSPIgyro
 .text.getGyro  0x08001a60      0x37c src\gyro.o
                0x08001a60                getGyro
 .text.getTemp  0x08001ddc       0x38 src\gyro.o
                0x08001ddc                getTemp
 .text.twosCompToDec16
                0x08001e14      0x160 src\gyro.o
                0x08001e14                twosCompToDec16
 .text.twosCompToDec8
                0x08001f74       0xbc src\gyro.o
                0x08001f74                twosCompToDec8
 .text.setUpXbee
                0x08002030       0xd4 src\XBEE.o
                0x08002030                setUpXbee
 .text.S_DMA    0x08002104      0x108 src\XBEE.o
                0x08002104                S_DMA
 .text.initCRC  0x0800220c       0x18 src\CRC.o
                0x0800220c                initCRC
 .text.crcCalc  0x08002224       0x74 src\CRC.o
                0x08002224                crcCalc
 .text.buildTable
                0x08002298       0x98 src\CRC.o
 .text.setUpEcompass
                0x08002330       0x10 src\AccMag.o
                0x08002330                setUpEcompass
 .text.initI2CEcompass
                0x08002340       0xa0 src\AccMag.o
                0x08002340                initI2CEcompass
 .text.initRegistersEcompass
                0x080023e0      0x47c src\AccMag.o
                0x080023e0                initRegistersEcompass
 .text.eCompassRead
                0x0800285c      0x198 src\AccMag.o
                0x0800285c                eCompassRead
 .text.eCompassRead2
                0x080029f4      0x190 src\AccMag.o
                0x080029f4                eCompassRead2
 *fill*         0x08002b84        0x4 00
 .text.getAcc   0x08002b88      0x2f8 src\AccMag.o
                0x08002b88                getAcc
 .text.getMag   0x08002e80      0x6a0 src\AccMag.o
                0x08002e80                getMag
 .text.twosCompToDec
                0x08003520      0x160 src\AccMag.o
                0x08003520                twosCompToDec
 .text.USART_Init
                0x08003680      0x1ac Libraries\STM32F10x_StdPeriph_Driver\src\stm32f10x_usart.o
                0x08003680                USART_Init
 .text.USART_Cmd
                0x0800382c       0x40 Libraries\STM32F10x_StdPeriph_Driver\src\stm32f10x_usart.o
                0x0800382c                USART_Cmd
 .text.USART_ITConfig
                0x0800386c       0xa4 Libraries\STM32F10x_StdPeriph_Driver\src\stm32f10x_usart.o
                0x0800386c                USART_ITConfig
 .text.USART_DMACmd
                0x08003910       0x48 Libraries\STM32F10x_StdPeriph_Driver\src\stm32f10x_usart.o
                0x08003910                USART_DMACmd
 .text.USART_ReceiveData
                0x08003958       0x24 Libraries\STM32F10x_StdPeriph_Driver\src\stm32f10x_usart.o
                0x08003958                USART_ReceiveData
 .text.USART_GetFlagStatus
                0x0800397c       0x40 Libraries\STM32F10x_StdPeriph_Driver\src\stm32f10x_usart.o
                0x0800397c                USART_GetFlagStatus
 .text.USART_ClearFlag
                0x080039bc       0x24 Libraries\STM32F10x_StdPeriph_Driver\src\stm32f10x_usart.o
                0x080039bc                USART_ClearFlag
 .text.USART_GetITStatus
                0x080039e0       0xc4 Libraries\STM32F10x_StdPeriph_Driver\src\stm32f10x_usart.o
                0x080039e0                USART_GetITStatus
 .text.USART_ClearITPendingBit
                0x08003aa4       0x44 Libraries\STM32F10x_StdPeriph_Driver\src\stm32f10x_usart.o
                0x08003aa4                USART_ClearITPendingBit
 .text.SPI_I2S_DeInit
                0x08003ae8       0x88 Libraries\STM32F10x_StdPeriph_Driver\src\stm32f10x_spi.o
                0x08003ae8                SPI_I2S_DeInit
 .text.SPI_Init
                0x08003b70       0x88 Libraries\STM32F10x_StdPeriph_Driver\src\stm32f10x_spi.o
                0x08003b70                SPI_Init
 .text.SPI_Cmd  0x08003bf8       0x40 Libraries\STM32F10x_StdPeriph_Driver\src\stm32f10x_spi.o
                0x08003bf8                SPI_Cmd
 .text.SPI_I2S_SendData
                0x08003c38       0x1c Libraries\STM32F10x_StdPeriph_Driver\src\stm32f10x_spi.o
                0x08003c38                SPI_I2S_SendData
 .text.SPI_I2S_ReceiveData
                0x08003c54       0x1c Libraries\STM32F10x_StdPeriph_Driver\src\stm32f10x_spi.o
                0x08003c54                SPI_I2S_ReceiveData
 .text.SPI_I2S_GetFlagStatus
                0x08003c70       0x40 Libraries\STM32F10x_StdPeriph_Driver\src\stm32f10x_spi.o
                0x08003c70                SPI_I2S_GetFlagStatus
 .text.RCC_GetClocksFreq
                0x08003cb0      0x1d4 Libraries\STM32F10x_StdPeriph_Driver\src\stm32f10x_rcc.o
                0x08003cb0                RCC_GetClocksFreq
 .text.RCC_AHBPeriphClockCmd
                0x08003e84       0x54 Libraries\STM32F10x_StdPeriph_Driver\src\stm32f10x_rcc.o
                0x08003e84                RCC_AHBPeriphClockCmd
 .text.RCC_APB2PeriphClockCmd
                0x08003ed8       0x54 Libraries\STM32F10x_StdPeriph_Driver\src\stm32f10x_rcc.o
                0x08003ed8                RCC_APB2PeriphClockCmd
 .text.RCC_APB1PeriphClockCmd
                0x08003f2c       0x54 Libraries\STM32F10x_StdPeriph_Driver\src\stm32f10x_rcc.o
                0x08003f2c                RCC_APB1PeriphClockCmd
 .text.RCC_APB2PeriphResetCmd
                0x08003f80       0x54 Libraries\STM32F10x_StdPeriph_Driver\src\stm32f10x_rcc.o
                0x08003f80                RCC_APB2PeriphResetCmd
 .text.RCC_APB1PeriphResetCmd
                0x08003fd4       0x54 Libraries\STM32F10x_StdPeriph_Driver\src\stm32f10x_rcc.o
                0x08003fd4                RCC_APB1PeriphResetCmd
 .text.I2C_DeInit
                0x08004028       0x50 Libraries\STM32F10x_StdPeriph_Driver\src\stm32f10x_i2c.o
                0x08004028                I2C_DeInit
 .text.I2C_Init
                0x08004078      0x1ac Libraries\STM32F10x_StdPeriph_Driver\src\stm32f10x_i2c.o
                0x08004078                I2C_Init
 .text.I2C_Cmd  0x08004224       0x40 Libraries\STM32F10x_StdPeriph_Driver\src\stm32f10x_i2c.o
                0x08004224                I2C_Cmd
 .text.I2C_GenerateSTART
                0x08004264       0x40 Libraries\STM32F10x_StdPeriph_Driver\src\stm32f10x_i2c.o
                0x08004264                I2C_GenerateSTART
 .text.I2C_GenerateSTOP
                0x080042a4       0x40 Libraries\STM32F10x_StdPeriph_Driver\src\stm32f10x_i2c.o
                0x080042a4                I2C_GenerateSTOP
 .text.I2C_AcknowledgeConfig
                0x080042e4       0x40 Libraries\STM32F10x_StdPeriph_Driver\src\stm32f10x_i2c.o
                0x080042e4                I2C_AcknowledgeConfig
 .text.I2C_SendData
                0x08004324       0x20 Libraries\STM32F10x_StdPeriph_Driver\src\stm32f10x_i2c.o
                0x08004324                I2C_SendData
 .text.I2C_ReceiveData
                0x08004344       0x1c Libraries\STM32F10x_StdPeriph_Driver\src\stm32f10x_i2c.o
                0x08004344                I2C_ReceiveData
 .text.I2C_Send7bitAddress
                0x08004360       0x3c Libraries\STM32F10x_StdPeriph_Driver\src\stm32f10x_i2c.o
                0x08004360                I2C_Send7bitAddress
 .text.I2C_CheckEvent
                0x0800439c       0x70 Libraries\STM32F10x_StdPeriph_Driver\src\stm32f10x_i2c.o
                0x0800439c                I2C_CheckEvent
 .text.I2C_GetFlagStatus
                0x0800440c       0x78 Libraries\STM32F10x_StdPeriph_Driver\src\stm32f10x_i2c.o
                0x0800440c                I2C_GetFlagStatus
 .text.GPIO_Init
                0x08004484      0x1b0 Libraries\STM32F10x_StdPeriph_Driver\src\stm32f10x_gpio.o
                0x08004484                GPIO_Init
 .text.GPIO_SetBits
                0x08004634       0x1c Libraries\STM32F10x_StdPeriph_Driver\src\stm32f10x_gpio.o
                0x08004634                GPIO_SetBits
 .text.GPIO_ResetBits
                0x08004650       0x1c Libraries\STM32F10x_StdPeriph_Driver\src\stm32f10x_gpio.o
                0x08004650                GPIO_ResetBits
 .text.DMA_DeInit
                0x0800466c      0x220 Libraries\STM32F10x_StdPeriph_Driver\src\stm32f10x_dma.o
                0x0800466c                DMA_DeInit
 .text.DMA_Init
                0x0800488c       0x80 Libraries\STM32F10x_StdPeriph_Driver\src\stm32f10x_dma.o
                0x0800488c                DMA_Init
 .text.DMA_StructInit
                0x0800490c       0x6c Libraries\STM32F10x_StdPeriph_Driver\src\stm32f10x_dma.o
                0x0800490c                DMA_StructInit
 .text.DMA_Cmd  0x08004978       0x38 Libraries\STM32F10x_StdPeriph_Driver\src\stm32f10x_dma.o
                0x08004978                DMA_Cmd
 .text.DMA_ITConfig
                0x080049b0       0x3c Libraries\STM32F10x_StdPeriph_Driver\src\stm32f10x_dma.o
                0x080049b0                DMA_ITConfig
 .text.DMA_SetCurrDataCounter
                0x080049ec       0x1c Libraries\STM32F10x_StdPeriph_Driver\src\stm32f10x_dma.o
                0x080049ec                DMA_SetCurrDataCounter
 .text.DMA_GetFlagStatus
                0x08004a08       0x60 Libraries\STM32F10x_StdPeriph_Driver\src\stm32f10x_dma.o
                0x08004a08                DMA_GetFlagStatus
 .text.DMA_ClearFlag
                0x08004a68       0x38 Libraries\STM32F10x_StdPeriph_Driver\src\stm32f10x_dma.o
                0x08004a68                DMA_ClearFlag
 .text.NVIC_Init
                0x08004aa0       0xe8 Libraries\STM32F10x_StdPeriph_Driver\src\misc.o
                0x08004aa0                NVIC_Init
 .text.__libc_init_array
                0x08004b88       0x4c c:/program files (x86)/atollic/truestudio for arm lite 5.0.0/armtools/bin/../lib/gcc/arm-atollic-eabi/4.7.3/../../../../arm-atollic-eabi/lib/armv7-m\libc_s.a(lib_a-init.o)
                0x08004b88                __libc_init_array
 *(.glue_7)
 .glue_7        0x00000000        0x0 linker stubs
 *(.glue_7t)
 .glue_7t       0x00000000        0x0 linker stubs
 *(.eh_frame)
 .eh_frame      0x08004bd4        0x0 c:/program files (x86)/atollic/truestudio for arm lite 5.0.0/armtools/bin/../lib/gcc/arm-atollic-eabi/4.7.3/armv7-m/crtbegin.o
 *(.init)
 .init          0x08004bd4        0x4 c:/program files (x86)/atollic/truestudio for arm lite 5.0.0/armtools/bin/../lib/gcc/arm-atollic-eabi/4.7.3/armv7-m/crti.o
                0x08004bd4                _init
 .init          0x08004bd8        0x8 c:/program files (x86)/atollic/truestudio for arm lite 5.0.0/armtools/bin/../lib/gcc/arm-atollic-eabi/4.7.3/armv7-m/crtn.o
 *(.fini)
 .fini          0x08004be0        0x4 c:/program files (x86)/atollic/truestudio for arm lite 5.0.0/armtools/bin/../lib/gcc/arm-atollic-eabi/4.7.3/armv7-m/crti.o
                0x08004be0                _fini
 .fini          0x08004be4        0x8 c:/program files (x86)/atollic/truestudio for arm lite 5.0.0/armtools/bin/../lib/gcc/arm-atollic-eabi/4.7.3/armv7-m/crtn.o
                0x08004bec                . = ALIGN (0x4)
                0x08004bec                _etext = .

.vfp11_veneer   0x08004bec        0x0
 .vfp11_veneer  0x00000000        0x0 linker stubs

.v4_bx          0x08004bec        0x0
 .v4_bx         0x00000000        0x0 linker stubs

.iplt           0x08004bec        0x0
 .iplt          0x00000000        0x0 c:/program files (x86)/atollic/truestudio for arm lite 5.0.0/armtools/bin/../lib/gcc/arm-atollic-eabi/4.7.3/armv7-m/crtbegin.o

.rel.dyn        0x08004bec        0x0
 .rel.iplt      0x00000000        0x0 c:/program files (x86)/atollic/truestudio for arm lite 5.0.0/armtools/bin/../lib/gcc/arm-atollic-eabi/4.7.3/armv7-m/crtbegin.o

.rodata         0x08004bec        0x0
                0x08004bec                . = ALIGN (0x4)
 *(.rodata)
 *(.rodata*)
                0x08004bec                . = ALIGN (0x4)

.ARM.extab
 *(.ARM.extab* .gnu.linkonce.armextab.*)

.ARM            0x08004bec        0x0
                0x08004bec                __exidx_start = .
 *(.ARM.exidx*)
                0x08004bec                __exidx_end = .

.preinit_array  0x08004bec        0x0
                0x08004bec                PROVIDE (__preinit_array_start, .)
 *(.preinit_array*)
                0x08004bec                PROVIDE (__preinit_array_end, .)

.init_array     0x08004bec        0x4
                0x08004bec                PROVIDE (__init_array_start, .)
 *(SORT(.init_array.*))
 *(.init_array*)
 .init_array    0x08004bec        0x4 c:/program files (x86)/atollic/truestudio for arm lite 5.0.0/armtools/bin/../lib/gcc/arm-atollic-eabi/4.7.3/armv7-m/crtbegin.o
                0x08004bf0                PROVIDE (__init_array_end, .)

.fini_array     0x08004bf0        0x4
                0x08004bf0                PROVIDE (__fini_array_start, .)
 *(SORT(.fini_array.*))
 *(.fini_array*)
 .fini_array    0x08004bf0        0x4 c:/program files (x86)/atollic/truestudio for arm lite 5.0.0/armtools/bin/../lib/gcc/arm-atollic-eabi/4.7.3/armv7-m/crtbegin.o
                0x08004bf4                PROVIDE (__fini_array_end, .)
                0x08004bf4                _sidata = LOADADDR (.data)

.data           0x20000000       0x14 load address 0x08004bf4
                0x20000000                . = ALIGN (0x4)
                0x20000000                _sdata = .
 *(.data)
 *(.data*)
 .data.APBAHBPrescTable
                0x20000000       0x10 Libraries\STM32F10x_StdPeriph_Driver\src\stm32f10x_rcc.o
 .data.ADCPrescTable
                0x20000010        0x4 Libraries\STM32F10x_StdPeriph_Driver\src\stm32f10x_rcc.o
                0x20000014                . = ALIGN (0x4)
                0x20000014                _edata = .

.jcr            0x20000014        0x0 load address 0x08004c08
 .jcr           0x20000014        0x0 c:/program files (x86)/atollic/truestudio for arm lite 5.0.0/armtools/bin/../lib/gcc/arm-atollic-eabi/4.7.3/armv7-m/crtbegin.o

.igot.plt       0x20000014        0x0 load address 0x08004c08
 .igot.plt      0x00000000        0x0 c:/program files (x86)/atollic/truestudio for arm lite 5.0.0/armtools/bin/../lib/gcc/arm-atollic-eabi/4.7.3/armv7-m/crtbegin.o
                0x20000014                . = ALIGN (0x4)

.bss            0x20000014      0x664 load address 0x08004c08
                0x20000014                _sbss = .
                0x20000014                __bss_start__ = _sbss
 *(.bss)
 .bss           0x20000014       0x1c c:/program files (x86)/atollic/truestudio for arm lite 5.0.0/armtools/bin/../lib/gcc/arm-atollic-eabi/4.7.3/armv7-m/crtbegin.o
 *(.bss*)
 .bss.crcTable  0x20000030      0x400 src\CRC.o
 .bss.currentCRC
                0x20000430        0x4 src\CRC.o
 *(COMMON)
 COMMON         0x20000434      0x1ce src\serial_terminal.o
                0x20000434                t
                0x200004fc                Tx_chars
                0x20000500                dataS4
                0x20000534                dataS2
                0x20000566                lengthS1
                0x20000568                dataS3
                0x2000059c                dataS1
                0x200005d0                TxBuff
 *fill*         0x20000602        0x2 00
 COMMON         0x20000604       0x74 src\main.o
                0x20000604                gyro8
                0x20000610                acc
                0x2000061c                recVal
                0x20000620                g
                0x20000645                temp
                0x20000646                temp8
                0x20000648                gyro
                0x20000654                mag8
                0x20000660                acc8
                0x2000066c                mag
                0x20000678                . = ALIGN (0x4)
                0x20000678                _ebss = .
                0x20000678                __bss_end__ = _ebss

._user_heap_stack
                0x20000678      0x200 load address 0x08004c08
                0x20000678                . = ALIGN (0x4)
                0x20000678                PROVIDE (end, .)
                0x20000678                PROVIDE (_end, .)
                0x20000678                . = (. + _Min_Heap_Size)
                0x20000878                . = (. + _Min_Stack_Size)
 *fill*         0x20000678      0x200 00
                0x20000878                . = ALIGN (0x4)

.memory_b1_text
 *(.mb1text)
 *(.mb1text*)
 *(.mb1rodata)
 *(.mb1rodata*)

/DISCARD/
 libc.a(*)
 libm.a(*)
 libgcc.a(*)

.ARM.attributes
                0x00000000       0x29
 *(.ARM.attributes)
 .ARM.attributes
                0x00000000       0x1d c:/program files (x86)/atollic/truestudio for arm lite 5.0.0/armtools/bin/../lib/gcc/arm-atollic-eabi/4.7.3/armv7-m/crti.o
 .ARM.attributes
                0x0000001d       0x2d c:/program files (x86)/atollic/truestudio for arm lite 5.0.0/armtools/bin/../lib/gcc/arm-atollic-eabi/4.7.3/armv7-m/crtbegin.o
 .ARM.attributes
                0x0000004a       0x33 src\system_stm32f10x.o
 .ARM.attributes
                0x0000007d       0x33 src\stm32f1xx_it.o
 .ARM.attributes
                0x000000b0       0x21 src\startup_stm32f10x_hd.o
 .ARM.attributes
                0x000000d1       0x33 src\serial_terminal.o
 .ARM.attributes
                0x00000104       0x33 src\main.o
 .ARM.attributes
                0x00000137       0x33 src\gyro.o
 .ARM.attributes
                0x0000016a       0x33 src\XBEE.o
 .ARM.attributes
                0x0000019d       0x33 src\CRC.o
 .ARM.attributes
                0x000001d0       0x33 src\AccMag.o
 .ARM.attributes
                0x00000203       0x33 Libraries\STM32F10x_StdPeriph_Driver\src\stm32f10x_usart.o
 .ARM.attributes
                0x00000236       0x33 Libraries\STM32F10x_StdPeriph_Driver\src\stm32f10x_spi.o
 .ARM.attributes
                0x00000269       0x33 Libraries\STM32F10x_StdPeriph_Driver\src\stm32f10x_rcc.o
 .ARM.attributes
                0x0000029c       0x33 Libraries\STM32F10x_StdPeriph_Driver\src\stm32f10x_i2c.o
 .ARM.attributes
                0x000002cf       0x33 Libraries\STM32F10x_StdPeriph_Driver\src\stm32f10x_gpio.o
 .ARM.attributes
                0x00000302       0x33 Libraries\STM32F10x_StdPeriph_Driver\src\stm32f10x_dma.o
 .ARM.attributes
                0x00000335       0x33 Libraries\STM32F10x_StdPeriph_Driver\src\misc.o
 .ARM.attributes
                0x00000368       0x2d c:/program files (x86)/atollic/truestudio for arm lite 5.0.0/armtools/bin/../lib/gcc/arm-atollic-eabi/4.7.3/../../../../arm-atollic-eabi/lib/armv7-m\libc_s.a(lib_a-init.o)
 .ARM.attributes
                0x00000395       0x1d c:/program files (x86)/atollic/truestudio for arm lite 5.0.0/armtools/bin/../lib/gcc/arm-atollic-eabi/4.7.3/armv7-m\libgcc.a(_arm_addsubdf3.o)
 .ARM.attributes
                0x000003b2       0x1d c:/program files (x86)/atollic/truestudio for arm lite 5.0.0/armtools/bin/../lib/gcc/arm-atollic-eabi/4.7.3/armv7-m\libgcc.a(_arm_muldivdf3.o)
 .ARM.attributes
                0x000003cf       0x1d c:/program files (x86)/atollic/truestudio for arm lite 5.0.0/armtools/bin/../lib/gcc/arm-atollic-eabi/4.7.3/armv7-m\libgcc.a(_arm_truncdfsf2.o)
 .ARM.attributes
                0x000003ec       0x1d c:/program files (x86)/atollic/truestudio for arm lite 5.0.0/armtools/bin/../lib/gcc/arm-atollic-eabi/4.7.3/armv7-m\libgcc.a(_arm_addsubsf3.o)
 .ARM.attributes
                0x00000409       0x1d c:/program files (x86)/atollic/truestudio for arm lite 5.0.0/armtools/bin/../lib/gcc/arm-atollic-eabi/4.7.3/armv7-m/crtn.o
OUTPUT(tailS1.elf elf32-littlearm)

.debug_info     0x00000000     0x611b
 .debug_info    0x00000000      0x4bc src\system_stm32f10x.o
 .debug_info    0x000004bc      0x15b src\stm32f1xx_it.o
 .debug_info    0x00000617       0x78 src\startup_stm32f10x_hd.o
 .debug_info    0x0000068f      0x32e src\serial_terminal.o
 .debug_info    0x000009bd      0x5b1 src\main.o
 .debug_info    0x00000f6e      0x6cf src\gyro.o
 .debug_info    0x0000163d      0x81b src\XBEE.o
 .debug_info    0x00001e58      0x1ae src\CRC.o
 .debug_info    0x00002006      0x686 src\AccMag.o
 .debug_info    0x0000268c      0xa91 Libraries\STM32F10x_StdPeriph_Driver\src\stm32f10x_usart.o
 .debug_info    0x0000311d      0x990 Libraries\STM32F10x_StdPeriph_Driver\src\stm32f10x_spi.o
 .debug_info    0x00003aad      0x929 Libraries\STM32F10x_StdPeriph_Driver\src\stm32f10x_rcc.o
 .debug_info    0x000043d6      0xbbd Libraries\STM32F10x_StdPeriph_Driver\src\stm32f10x_i2c.o
 .debug_info    0x00004f93      0x73d Libraries\STM32F10x_StdPeriph_Driver\src\stm32f10x_gpio.o
 .debug_info    0x000056d0      0x4b5 Libraries\STM32F10x_StdPeriph_Driver\src\stm32f10x_dma.o
 .debug_info    0x00005b85      0x596 Libraries\STM32F10x_StdPeriph_Driver\src\misc.o

.debug_abbrev   0x00000000     0x1529
 .debug_abbrev  0x00000000      0x150 src\system_stm32f10x.o
 .debug_abbrev  0x00000150       0x69 src\stm32f1xx_it.o
 .debug_abbrev  0x000001b9       0x12 src\startup_stm32f10x_hd.o
 .debug_abbrev  0x000001cb      0x123 src\serial_terminal.o
 .debug_abbrev  0x000002ee      0x1b1 src\main.o
 .debug_abbrev  0x0000049f      0x1ed src\gyro.o
 .debug_abbrev  0x0000068c      0x19a src\XBEE.o
 .debug_abbrev  0x00000826       0xd0 src\CRC.o
 .debug_abbrev  0x000008f6      0x1d5 src\AccMag.o
 .debug_abbrev  0x00000acb      0x166 Libraries\STM32F10x_StdPeriph_Driver\src\stm32f10x_usart.o
 .debug_abbrev  0x00000c31      0x182 Libraries\STM32F10x_StdPeriph_Driver\src\stm32f10x_spi.o
 .debug_abbrev  0x00000db3      0x1be Libraries\STM32F10x_StdPeriph_Driver\src\stm32f10x_rcc.o
 .debug_abbrev  0x00000f71      0x168 Libraries\STM32F10x_StdPeriph_Driver\src\stm32f10x_i2c.o
 .debug_abbrev  0x000010d9      0x1cc Libraries\STM32F10x_StdPeriph_Driver\src\stm32f10x_gpio.o
 .debug_abbrev  0x000012a5      0x159 Libraries\STM32F10x_StdPeriph_Driver\src\stm32f10x_dma.o
 .debug_abbrev  0x000013fe      0x12b Libraries\STM32F10x_StdPeriph_Driver\src\misc.o

.debug_loc      0x00000000     0x29b0
 .debug_loc     0x00000000       0xc8 src\system_stm32f10x.o
 .debug_loc     0x000000c8      0x18c src\stm32f1xx_it.o
 .debug_loc     0x00000254       0x66 src\serial_terminal.o
 .debug_loc     0x000002ba      0x10c src\main.o
 .debug_loc     0x000003c6      0x1aa src\gyro.o
 .debug_loc     0x00000570       0xe0 src\XBEE.o
 .debug_loc     0x00000650       0x9c src\CRC.o
 .debug_loc     0x000006ec      0x1ec src\AccMag.o
 .debug_loc     0x000008d8      0x658 Libraries\STM32F10x_StdPeriph_Driver\src\stm32f10x_usart.o
 .debug_loc     0x00000f30      0x508 Libraries\STM32F10x_StdPeriph_Driver\src\stm32f10x_spi.o
 .debug_loc     0x00001438      0x6dc Libraries\STM32F10x_StdPeriph_Driver\src\stm32f10x_rcc.o
 .debug_loc     0x00001b14      0x738 Libraries\STM32F10x_StdPeriph_Driver\src\stm32f10x_i2c.o
 .debug_loc     0x0000224c      0x3e4 Libraries\STM32F10x_StdPeriph_Driver\src\stm32f10x_gpio.o
 .debug_loc     0x00002630      0x268 Libraries\STM32F10x_StdPeriph_Driver\src\stm32f10x_dma.o
 .debug_loc     0x00002898      0x118 Libraries\STM32F10x_StdPeriph_Driver\src\misc.o

.debug_aranges  0x00000000      0x7a8
 .debug_aranges
                0x00000000       0x38 src\system_stm32f10x.o
 .debug_aranges
                0x00000038       0x60 src\stm32f1xx_it.o
 .debug_aranges
                0x00000098       0x28 src\startup_stm32f10x_hd.o
 .debug_aranges
                0x000000c0       0x28 src\serial_terminal.o
 .debug_aranges
                0x000000e8       0x40 src\main.o
 .debug_aranges
                0x00000128       0x58 src\gyro.o
 .debug_aranges
                0x00000180       0x38 src\XBEE.o
 .debug_aranges
                0x000001b8       0x30 src\CRC.o
 .debug_aranges
                0x000001e8       0x60 src\AccMag.o
 .debug_aranges
                0x00000248      0x100 Libraries\STM32F10x_StdPeriph_Driver\src\stm32f10x_usart.o
 .debug_aranges
                0x00000348       0xd0 Libraries\STM32F10x_StdPeriph_Driver\src\stm32f10x_spi.o
 .debug_aranges
                0x00000418      0x118 Libraries\STM32F10x_StdPeriph_Driver\src\stm32f10x_rcc.o
 .debug_aranges
                0x00000530      0x120 Libraries\STM32F10x_StdPeriph_Driver\src\stm32f10x_i2c.o
 .debug_aranges
                0x00000650       0xa8 Libraries\STM32F10x_StdPeriph_Driver\src\stm32f10x_gpio.o
 .debug_aranges
                0x000006f8       0x70 Libraries\STM32F10x_StdPeriph_Driver\src\stm32f10x_dma.o
 .debug_aranges
                0x00000768       0x40 Libraries\STM32F10x_StdPeriph_Driver\src\misc.o

.debug_ranges   0x00000000      0x6b0
 .debug_ranges  0x00000000       0x28 src\system_stm32f10x.o
 .debug_ranges  0x00000028       0x50 src\stm32f1xx_it.o
 .debug_ranges  0x00000078       0x20 src\startup_stm32f10x_hd.o
 .debug_ranges  0x00000098       0x18 src\serial_terminal.o
 .debug_ranges  0x000000b0       0x30 src\main.o
 .debug_ranges  0x000000e0       0x48 src\gyro.o
 .debug_ranges  0x00000128       0x28 src\XBEE.o
 .debug_ranges  0x00000150       0x20 src\CRC.o
 .debug_ranges  0x00000170       0x50 src\AccMag.o
 .debug_ranges  0x000001c0       0xf0 Libraries\STM32F10x_StdPeriph_Driver\src\stm32f10x_usart.o
 .debug_ranges  0x000002b0       0xc0 Libraries\STM32F10x_StdPeriph_Driver\src\stm32f10x_spi.o
 .debug_ranges  0x00000370      0x108 Libraries\STM32F10x_StdPeriph_Driver\src\stm32f10x_rcc.o
 .debug_ranges  0x00000478      0x110 Libraries\STM32F10x_StdPeriph_Driver\src\stm32f10x_i2c.o
 .debug_ranges  0x00000588       0x98 Libraries\STM32F10x_StdPeriph_Driver\src\stm32f10x_gpio.o
 .debug_ranges  0x00000620       0x60 Libraries\STM32F10x_StdPeriph_Driver\src\stm32f10x_dma.o
 .debug_ranges  0x00000680       0x30 Libraries\STM32F10x_StdPeriph_Driver\src\misc.o

.debug_line     0x00000000     0x2d7e
 .debug_line    0x00000000      0x1e5 src\system_stm32f10x.o
 .debug_line    0x000001e5      0x1a3 src\stm32f1xx_it.o
 .debug_line    0x00000388       0x7c src\startup_stm32f10x_hd.o
 .debug_line    0x00000404      0x1e1 src\serial_terminal.o
 .debug_line    0x000005e5      0x231 src\main.o
 .debug_line    0x00000816      0x318 src\gyro.o
 .debug_line    0x00000b2e      0x25e src\XBEE.o
 .debug_line    0x00000d8c      0x133 src\CRC.o
 .debug_line    0x00000ebf      0x585 src\AccMag.o
 .debug_line    0x00001444      0x450 Libraries\STM32F10x_StdPeriph_Driver\src\stm32f10x_usart.o
 .debug_line    0x00001894      0x3d7 Libraries\STM32F10x_StdPeriph_Driver\src\stm32f10x_spi.o
 .debug_line    0x00001c6b      0x472 Libraries\STM32F10x_StdPeriph_Driver\src\stm32f10x_rcc.o
 .debug_line    0x000020dd      0x48c Libraries\STM32F10x_StdPeriph_Driver\src\stm32f10x_i2c.o
 .debug_line    0x00002569      0x364 Libraries\STM32F10x_StdPeriph_Driver\src\stm32f10x_gpio.o
 .debug_line    0x000028cd      0x2b8 Libraries\STM32F10x_StdPeriph_Driver\src\stm32f10x_dma.o
 .debug_line    0x00002b85      0x1f9 Libraries\STM32F10x_StdPeriph_Driver\src\misc.o

.debug_str      0x00000000     0x22f4
 .debug_str     0x00000000      0x24d src\system_stm32f10x.o
                                0x2a7 (size before relaxing)
 .debug_str     0x0000024d       0xa6 src\stm32f1xx_it.o
                                0x1c7 (size before relaxing)
 .debug_str     0x000002f3      0x1cb src\serial_terminal.o
                                0x302 (size before relaxing)
 .debug_str     0x000004be      0x16b src\main.o
                                0x337 (size before relaxing)
 .debug_str     0x00000629      0x2bf src\gyro.o
                                0x47b (size before relaxing)
 .debug_str     0x000008e8      0x5d7 src\XBEE.o
                                0x93c (size before relaxing)
 .debug_str     0x00000ebf       0x6e src\CRC.o
                                0x1a0 (size before relaxing)
 .debug_str     0x00000f2d      0x154 src\AccMag.o
                                0x43a (size before relaxing)
 .debug_str     0x00001081      0x421 Libraries\STM32F10x_StdPeriph_Driver\src\stm32f10x_usart.o
                                0x66c (size before relaxing)
 .debug_str     0x000014a2      0x2cb Libraries\STM32F10x_StdPeriph_Driver\src\stm32f10x_spi.o
                                0x5d9 (size before relaxing)
 .debug_str     0x0000176d      0x375 Libraries\STM32F10x_StdPeriph_Driver\src\stm32f10x_rcc.o
                                0x5f6 (size before relaxing)
 .debug_str     0x00001ae2      0x33a Libraries\STM32F10x_StdPeriph_Driver\src\stm32f10x_i2c.o
                                0x642 (size before relaxing)
 .debug_str     0x00001e1c      0x24a Libraries\STM32F10x_StdPeriph_Driver\src\stm32f10x_gpio.o
                                0x4f5 (size before relaxing)
 .debug_str     0x00002066      0x13a Libraries\STM32F10x_StdPeriph_Driver\src\stm32f10x_dma.o
                                0x39d (size before relaxing)
 .debug_str     0x000021a0      0x154 Libraries\STM32F10x_StdPeriph_Driver\src\misc.o
                                0x3a5 (size before relaxing)

.comment        0x00000000       0x83
 .comment       0x00000000       0x83 src\system_stm32f10x.o
                                 0x84 (size before relaxing)
 .comment       0x00000000       0x84 src\stm32f1xx_it.o
 .comment       0x00000000       0x84 src\serial_terminal.o
 .comment       0x00000000       0x84 src\main.o
 .comment       0x00000000       0x84 src\gyro.o
 .comment       0x00000000       0x84 src\XBEE.o
 .comment       0x00000000       0x84 src\CRC.o
 .comment       0x00000000       0x84 src\AccMag.o
 .comment       0x00000000       0x84 Libraries\STM32F10x_StdPeriph_Driver\src\stm32f10x_usart.o
 .comment       0x00000000       0x84 Libraries\STM32F10x_StdPeriph_Driver\src\stm32f10x_spi.o
 .comment       0x00000000       0x84 Libraries\STM32F10x_StdPeriph_Driver\src\stm32f10x_rcc.o
 .comment       0x00000000       0x84 Libraries\STM32F10x_StdPeriph_Driver\src\stm32f10x_i2c.o
 .comment       0x00000000       0x84 Libraries\STM32F10x_StdPeriph_Driver\src\stm32f10x_gpio.o
 .comment       0x00000000       0x84 Libraries\STM32F10x_StdPeriph_Driver\src\stm32f10x_dma.o
 .comment       0x00000000       0x84 Libraries\STM32F10x_StdPeriph_Driver\src\misc.o

.debug_frame    0x00000000     0x16ac
 .debug_frame   0x00000000       0x80 src\system_stm32f10x.o
 .debug_frame   0x00000080       0xe8 src\stm32f1xx_it.o
 .debug_frame   0x00000168       0x4c src\serial_terminal.o
 .debug_frame   0x000001b4       0xa4 src\main.o
 .debug_frame   0x00000258      0x100 src\gyro.o
 .debug_frame   0x00000358       0x90 src\XBEE.o
 .debug_frame   0x000003e8       0x64 src\CRC.o
 .debug_frame   0x0000044c      0x128 src\AccMag.o
 .debug_frame   0x00000574      0x344 Libraries\STM32F10x_StdPeriph_Driver\src\stm32f10x_usart.o
 .debug_frame   0x000008b8      0x29c Libraries\STM32F10x_StdPeriph_Driver\src\stm32f10x_spi.o
 .debug_frame   0x00000b54      0x388 Libraries\STM32F10x_StdPeriph_Driver\src\stm32f10x_rcc.o
 .debug_frame   0x00000edc      0x3b4 Libraries\STM32F10x_StdPeriph_Driver\src\stm32f10x_i2c.o
 .debug_frame   0x00001290      0x210 Libraries\STM32F10x_StdPeriph_Driver\src\stm32f10x_gpio.o
 .debug_frame   0x000014a0      0x144 Libraries\STM32F10x_StdPeriph_Driver\src\stm32f10x_dma.o
 .debug_frame   0x000015e4       0x9c Libraries\STM32F10x_StdPeriph_Driver\src\misc.o
 .debug_frame   0x00001680       0x2c c:/program files (x86)/atollic/truestudio for arm lite 5.0.0/armtools/bin/../lib/gcc/arm-atollic-eabi/4.7.3/../../../../arm-atollic-eabi/lib/armv7-m\libc_s.a(lib_a-init.o)

Cross Reference Table

Symbol                                            File
ADC1_2_IRQHandler                                 src\startup_stm32f10x_hd.o
ADC3_IRQHandler                                   src\startup_stm32f10x_hd.o
ADC_AnalogWatchdogCmd                             Libraries\STM32F10x_StdPeriph_Driver\src\stm32f10x_adc.o
ADC_AnalogWatchdogSingleChannelConfig             Libraries\STM32F10x_StdPeriph_Driver\src\stm32f10x_adc.o
ADC_AnalogWatchdogThresholdsConfig                Libraries\STM32F10x_StdPeriph_Driver\src\stm32f10x_adc.o
ADC_AutoInjectedConvCmd                           Libraries\STM32F10x_StdPeriph_Driver\src\stm32f10x_adc.o
ADC_ClearFlag                                     Libraries\STM32F10x_StdPeriph_Driver\src\stm32f10x_adc.o
ADC_ClearITPendingBit                             Libraries\STM32F10x_StdPeriph_Driver\src\stm32f10x_adc.o
ADC_Cmd                                           Libraries\STM32F10x_StdPeriph_Driver\src\stm32f10x_adc.o
ADC_DMACmd                                        Libraries\STM32F10x_StdPeriph_Driver\src\stm32f10x_adc.o
ADC_DeInit                                        Libraries\STM32F10x_StdPeriph_Driver\src\stm32f10x_adc.o
ADC_DiscModeChannelCountConfig                    Libraries\STM32F10x_StdPeriph_Driver\src\stm32f10x_adc.o
ADC_DiscModeCmd                                   Libraries\STM32F10x_StdPeriph_Driver\src\stm32f10x_adc.o
ADC_ExternalTrigConvCmd                           Libraries\STM32F10x_StdPeriph_Driver\src\stm32f10x_adc.o
ADC_ExternalTrigInjectedConvCmd                   Libraries\STM32F10x_StdPeriph_Driver\src\stm32f10x_adc.o
ADC_ExternalTrigInjectedConvConfig                Libraries\STM32F10x_StdPeriph_Driver\src\stm32f10x_adc.o
ADC_GetCalibrationStatus                          Libraries\STM32F10x_StdPeriph_Driver\src\stm32f10x_adc.o
ADC_GetConversionValue                            Libraries\STM32F10x_StdPeriph_Driver\src\stm32f10x_adc.o
ADC_GetDualModeConversionValue                    Libraries\STM32F10x_StdPeriph_Driver\src\stm32f10x_adc.o
ADC_GetFlagStatus                                 Libraries\STM32F10x_StdPeriph_Driver\src\stm32f10x_adc.o
ADC_GetITStatus                                   Libraries\STM32F10x_StdPeriph_Driver\src\stm32f10x_adc.o
ADC_GetInjectedConversionValue                    Libraries\STM32F10x_StdPeriph_Driver\src\stm32f10x_adc.o
ADC_GetResetCalibrationStatus                     Libraries\STM32F10x_StdPeriph_Driver\src\stm32f10x_adc.o
ADC_GetSoftwareStartConvStatus                    Libraries\STM32F10x_StdPeriph_Driver\src\stm32f10x_adc.o
ADC_GetSoftwareStartInjectedConvCmdStatus         Libraries\STM32F10x_StdPeriph_Driver\src\stm32f10x_adc.o
ADC_ITConfig                                      Libraries\STM32F10x_StdPeriph_Driver\src\stm32f10x_adc.o
ADC_Init                                          Libraries\STM32F10x_StdPeriph_Driver\src\stm32f10x_adc.o
ADC_InjectedChannelConfig                         Libraries\STM32F10x_StdPeriph_Driver\src\stm32f10x_adc.o
ADC_InjectedDiscModeCmd                           Libraries\STM32F10x_StdPeriph_Driver\src\stm32f10x_adc.o
ADC_InjectedSequencerLengthConfig                 Libraries\STM32F10x_StdPeriph_Driver\src\stm32f10x_adc.o
ADC_RegularChannelConfig                          Libraries\STM32F10x_StdPeriph_Driver\src\stm32f10x_adc.o
ADC_ResetCalibration                              Libraries\STM32F10x_StdPeriph_Driver\src\stm32f10x_adc.o
ADC_SetInjectedOffset                             Libraries\STM32F10x_StdPeriph_Driver\src\stm32f10x_adc.o
ADC_SoftwareStartConvCmd                          Libraries\STM32F10x_StdPeriph_Driver\src\stm32f10x_adc.o
ADC_SoftwareStartInjectedConvCmd                  Libraries\STM32F10x_StdPeriph_Driver\src\stm32f10x_adc.o
ADC_StartCalibration                              Libraries\STM32F10x_StdPeriph_Driver\src\stm32f10x_adc.o
ADC_StructInit                                    Libraries\STM32F10x_StdPeriph_Driver\src\stm32f10x_adc.o
ADC_TempSensorVrefintCmd                          Libraries\STM32F10x_StdPeriph_Driver\src\stm32f10x_adc.o
AHBPrescTable                                     src\system_stm32f10x.o
BKP_ClearFlag                                     Libraries\STM32F10x_StdPeriph_Driver\src\stm32f10x_bkp.o
BKP_ClearITPendingBit                             Libraries\STM32F10x_StdPeriph_Driver\src\stm32f10x_bkp.o
BKP_DeInit                                        Libraries\STM32F10x_StdPeriph_Driver\src\stm32f10x_bkp.o
BKP_GetFlagStatus                                 Libraries\STM32F10x_StdPeriph_Driver\src\stm32f10x_bkp.o
BKP_GetITStatus                                   Libraries\STM32F10x_StdPeriph_Driver\src\stm32f10x_bkp.o
BKP_ITConfig                                      Libraries\STM32F10x_StdPeriph_Driver\src\stm32f10x_bkp.o
BKP_RTCOutputConfig                               Libraries\STM32F10x_StdPeriph_Driver\src\stm32f10x_bkp.o
BKP_ReadBackupRegister                            Libraries\STM32F10x_StdPeriph_Driver\src\stm32f10x_bkp.o
BKP_SetRTCCalibrationValue                        Libraries\STM32F10x_StdPeriph_Driver\src\stm32f10x_bkp.o
BKP_TamperPinCmd                                  Libraries\STM32F10x_StdPeriph_Driver\src\stm32f10x_bkp.o
BKP_TamperPinLevelConfig                          Libraries\STM32F10x_StdPeriph_Driver\src\stm32f10x_bkp.o
BKP_WriteBackupRegister                           Libraries\STM32F10x_StdPeriph_Driver\src\stm32f10x_bkp.o
BusFault_Handler                                  src\stm32f10x_it.o
                                                  src\stm32f1xx_it.o
CAN1_RX1_IRQHandler                               src\startup_stm32f10x_hd.o
CAN1_SCE_IRQHandler                               src\startup_stm32f10x_hd.o
CAN_CancelTransmit                                Libraries\STM32F10x_StdPeriph_Driver\src\stm32f10x_can.o
CAN_ClearFlag                                     Libraries\STM32F10x_StdPeriph_Driver\src\stm32f10x_can.o
CAN_ClearITPendingBit                             Libraries\STM32F10x_StdPeriph_Driver\src\stm32f10x_can.o
CAN_DBGFreeze                                     Libraries\STM32F10x_StdPeriph_Driver\src\stm32f10x_can.o
CAN_DeInit                                        Libraries\STM32F10x_StdPeriph_Driver\src\stm32f10x_can.o
CAN_FIFORelease                                   Libraries\STM32F10x_StdPeriph_Driver\src\stm32f10x_can.o
CAN_FilterInit                                    Libraries\STM32F10x_StdPeriph_Driver\src\stm32f10x_can.o
CAN_GetFlagStatus                                 Libraries\STM32F10x_StdPeriph_Driver\src\stm32f10x_can.o
CAN_GetITStatus                                   Libraries\STM32F10x_StdPeriph_Driver\src\stm32f10x_can.o
CAN_GetLSBTransmitErrorCounter                    Libraries\STM32F10x_StdPeriph_Driver\src\stm32f10x_can.o
CAN_GetLastErrorCode                              Libraries\STM32F10x_StdPeriph_Driver\src\stm32f10x_can.o
CAN_GetReceiveErrorCounter                        Libraries\STM32F10x_StdPeriph_Driver\src\stm32f10x_can.o
CAN_ITConfig                                      Libraries\STM32F10x_StdPeriph_Driver\src\stm32f10x_can.o
CAN_Init                                          Libraries\STM32F10x_StdPeriph_Driver\src\stm32f10x_can.o
CAN_MessagePending                                Libraries\STM32F10x_StdPeriph_Driver\src\stm32f10x_can.o
CAN_OperatingModeRequest                          Libraries\STM32F10x_StdPeriph_Driver\src\stm32f10x_can.o
CAN_Receive                                       Libraries\STM32F10x_StdPeriph_Driver\src\stm32f10x_can.o
CAN_SlaveStartBank                                Libraries\STM32F10x_StdPeriph_Driver\src\stm32f10x_can.o
CAN_Sleep                                         Libraries\STM32F10x_StdPeriph_Driver\src\stm32f10x_can.o
CAN_StructInit                                    Libraries\STM32F10x_StdPeriph_Driver\src\stm32f10x_can.o
CAN_TTComModeCmd                                  Libraries\STM32F10x_StdPeriph_Driver\src\stm32f10x_can.o
CAN_Transmit                                      Libraries\STM32F10x_StdPeriph_Driver\src\stm32f10x_can.o
CAN_TransmitStatus                                Libraries\STM32F10x_StdPeriph_Driver\src\stm32f10x_can.o
CAN_WakeUp                                        Libraries\STM32F10x_StdPeriph_Driver\src\stm32f10x_can.o
CEC_ClearFlag                                     Libraries\STM32F10x_StdPeriph_Driver\src\stm32f10x_cec.o
CEC_ClearITPendingBit                             Libraries\STM32F10x_StdPeriph_Driver\src\stm32f10x_cec.o
CEC_Cmd                                           Libraries\STM32F10x_StdPeriph_Driver\src\stm32f10x_cec.o
CEC_DeInit                                        Libraries\STM32F10x_StdPeriph_Driver\src\stm32f10x_cec.o
CEC_EndOfMessageCmd                               Libraries\STM32F10x_StdPeriph_Driver\src\stm32f10x_cec.o
CEC_GetFlagStatus                                 Libraries\STM32F10x_StdPeriph_Driver\src\stm32f10x_cec.o
CEC_GetITStatus                                   Libraries\STM32F10x_StdPeriph_Driver\src\stm32f10x_cec.o
CEC_ITConfig                                      Libraries\STM32F10x_StdPeriph_Driver\src\stm32f10x_cec.o
CEC_Init                                          Libraries\STM32F10x_StdPeriph_Driver\src\stm32f10x_cec.o
CEC_OwnAddressConfig                              Libraries\STM32F10x_StdPeriph_Driver\src\stm32f10x_cec.o
CEC_ReceiveDataByte                               Libraries\STM32F10x_StdPeriph_Driver\src\stm32f10x_cec.o
CEC_SendDataByte                                  Libraries\STM32F10x_StdPeriph_Driver\src\stm32f10x_cec.o
CEC_SetPrescaler                                  Libraries\STM32F10x_StdPeriph_Driver\src\stm32f10x_cec.o
CEC_StartOfMessage                                Libraries\STM32F10x_StdPeriph_Driver\src\stm32f10x_cec.o
CRC_CalcBlockCRC                                  Libraries\STM32F10x_StdPeriph_Driver\src\stm32f10x_crc.o
CRC_CalcCRC                                       Libraries\STM32F10x_StdPeriph_Driver\src\stm32f10x_crc.o
CRC_GetCRC                                        Libraries\STM32F10x_StdPeriph_Driver\src\stm32f10x_crc.o
CRC_GetIDRegister                                 Libraries\STM32F10x_StdPeriph_Driver\src\stm32f10x_crc.o
CRC_ResetDR                                       Libraries\STM32F10x_StdPeriph_Driver\src\stm32f10x_crc.o
CRC_SetIDRegister                                 Libraries\STM32F10x_StdPeriph_Driver\src\stm32f10x_crc.o
DAC_Cmd                                           Libraries\STM32F10x_StdPeriph_Driver\src\stm32f10x_dac.o
DAC_DMACmd                                        Libraries\STM32F10x_StdPeriph_Driver\src\stm32f10x_dac.o
DAC_DeInit                                        Libraries\STM32F10x_StdPeriph_Driver\src\stm32f10x_dac.o
DAC_DualSoftwareTriggerCmd                        Libraries\STM32F10x_StdPeriph_Driver\src\stm32f10x_dac.o
DAC_GetDataOutputValue                            Libraries\STM32F10x_StdPeriph_Driver\src\stm32f10x_dac.o
DAC_Init                                          Libraries\STM32F10x_StdPeriph_Driver\src\stm32f10x_dac.o
DAC_SetChannel1Data                               Libraries\STM32F10x_StdPeriph_Driver\src\stm32f10x_dac.o
DAC_SetChannel2Data                               Libraries\STM32F10x_StdPeriph_Driver\src\stm32f10x_dac.o
DAC_SetDualChannelData                            Libraries\STM32F10x_StdPeriph_Driver\src\stm32f10x_dac.o
DAC_SoftwareTriggerCmd                            Libraries\STM32F10x_StdPeriph_Driver\src\stm32f10x_dac.o
DAC_StructInit                                    Libraries\STM32F10x_StdPeriph_Driver\src\stm32f10x_dac.o
DAC_WaveGenerationCmd                             Libraries\STM32F10x_StdPeriph_Driver\src\stm32f10x_dac.o
DBGMCU_Config                                     Libraries\STM32F10x_StdPeriph_Driver\src\stm32f10x_dbgmcu.o
DBGMCU_GetDEVID                                   Libraries\STM32F10x_StdPeriph_Driver\src\stm32f10x_dbgmcu.o
DBGMCU_GetREVID                                   Libraries\STM32F10x_StdPeriph_Driver\src\stm32f10x_dbgmcu.o
DMA1_Channel1_IRQHandler                          src\startup_stm32f10x_hd.o
DMA1_Channel2_IRQHandler                          src\startup_stm32f10x_hd.o
DMA1_Channel3_IRQHandler                          src\startup_stm32f10x_hd.o
DMA1_Channel4_IRQHandler                          src\startup_stm32f10x_hd.o
DMA1_Channel5_IRQHandler                          src\startup_stm32f10x_hd.o
DMA1_Channel6_IRQHandler                          src\startup_stm32f10x_hd.o
DMA1_Channel7_IRQHandler                          src\startup_stm32f10x_hd.o
DMA2_Channel1_IRQHandler                          src\startup_stm32f10x_hd.o
DMA2_Channel2_IRQHandler                          src\startup_stm32f10x_hd.o
DMA2_Channel3_IRQHandler                          src\startup_stm32f10x_hd.o
DMA2_Channel4_5_IRQHandler                        src\startup_stm32f10x_hd.o
DMA_ClearFlag                                     Libraries\STM32F10x_StdPeriph_Driver\src\stm32f10x_dma.o
                                                  src\XBEE.o
                                                  src\controlLoopTimer.o
                                                  src\main.o
DMA_ClearITPendingBit                             Libraries\STM32F10x_StdPeriph_Driver\src\stm32f10x_dma.o
DMA_Cmd                                           Libraries\STM32F10x_StdPeriph_Driver\src\stm32f10x_dma.o
                                                  src\XBEE.o
                                                  src\main.o
DMA_DeInit                                        Libraries\STM32F10x_StdPeriph_Driver\src\stm32f10x_dma.o
                                                  src\XBEE.o
DMA_GetCurrDataCounter                            Libraries\STM32F10x_StdPeriph_Driver\src\stm32f10x_dma.o
DMA_GetFlagStatus                                 Libraries\STM32F10x_StdPeriph_Driver\src\stm32f10x_dma.o
                                                  src\XBEE.o
                                                  src\controlLoopTimer.o
                                                  src\main.o
DMA_GetITStatus                                   Libraries\STM32F10x_StdPeriph_Driver\src\stm32f10x_dma.o
DMA_ITConfig                                      Libraries\STM32F10x_StdPeriph_Driver\src\stm32f10x_dma.o
                                                  src\XBEE.o
DMA_Init                                          Libraries\STM32F10x_StdPeriph_Driver\src\stm32f10x_dma.o
                                                  src\XBEE.o
DMA_SetCurrDataCounter                            Libraries\STM32F10x_StdPeriph_Driver\src\stm32f10x_dma.o
                                                  src\main.o
DMA_StructInit                                    Libraries\STM32F10x_StdPeriph_Driver\src\stm32f10x_dma.o
                                                  src\XBEE.o
DebugMon_Handler                                  src\stm32f10x_it.o
                                                  src\stm32f1xx_it.o
Default_Handler                                   src\startup_stm32f10x_hd.o
EXTI0_IRQHandler                                  src\startup_stm32f10x_hd.o
EXTI15_10_IRQHandler                              src\startup_stm32f10x_hd.o
EXTI1_IRQHandler                                  src\startup_stm32f10x_hd.o
EXTI2_IRQHandler                                  src\startup_stm32f10x_hd.o
EXTI3_IRQHandler                                  src\startup_stm32f10x_hd.o
EXTI4_IRQHandler                                  src\startup_stm32f10x_hd.o
EXTI9_5_IRQHandler                                src\startup_stm32f10x_hd.o
EXTI_ClearFlag                                    Libraries\STM32F10x_StdPeriph_Driver\src\stm32f10x_exti.o
EXTI_ClearITPendingBit                            Libraries\STM32F10x_StdPeriph_Driver\src\stm32f10x_exti.o
EXTI_DeInit                                       Libraries\STM32F10x_StdPeriph_Driver\src\stm32f10x_exti.o
EXTI_GenerateSWInterrupt                          Libraries\STM32F10x_StdPeriph_Driver\src\stm32f10x_exti.o
EXTI_GetFlagStatus                                Libraries\STM32F10x_StdPeriph_Driver\src\stm32f10x_exti.o
EXTI_GetITStatus                                  Libraries\STM32F10x_StdPeriph_Driver\src\stm32f10x_exti.o
EXTI_Init                                         Libraries\STM32F10x_StdPeriph_Driver\src\stm32f10x_exti.o
EXTI_StructInit                                   Libraries\STM32F10x_StdPeriph_Driver\src\stm32f10x_exti.o
FLASH_ClearFlag                                   Libraries\STM32F10x_StdPeriph_Driver\src\stm32f10x_flash.o
FLASH_EnableWriteProtection                       Libraries\STM32F10x_StdPeriph_Driver\src\stm32f10x_flash.o
FLASH_EraseAllBank1Pages                          Libraries\STM32F10x_StdPeriph_Driver\src\stm32f10x_flash.o
FLASH_EraseAllPages                               Libraries\STM32F10x_StdPeriph_Driver\src\stm32f10x_flash.o
FLASH_EraseOptionBytes                            Libraries\STM32F10x_StdPeriph_Driver\src\stm32f10x_flash.o
FLASH_ErasePage                                   Libraries\STM32F10x_StdPeriph_Driver\src\stm32f10x_flash.o
FLASH_GetBank1Status                              Libraries\STM32F10x_StdPeriph_Driver\src\stm32f10x_flash.o
FLASH_GetFlagStatus                               Libraries\STM32F10x_StdPeriph_Driver\src\stm32f10x_flash.o
FLASH_GetPrefetchBufferStatus                     Libraries\STM32F10x_StdPeriph_Driver\src\stm32f10x_flash.o
FLASH_GetReadOutProtectionStatus                  Libraries\STM32F10x_StdPeriph_Driver\src\stm32f10x_flash.o
FLASH_GetStatus                                   Libraries\STM32F10x_StdPeriph_Driver\src\stm32f10x_flash.o
FLASH_GetUserOptionByte                           Libraries\STM32F10x_StdPeriph_Driver\src\stm32f10x_flash.o
FLASH_GetWriteProtectionOptionByte                Libraries\STM32F10x_StdPeriph_Driver\src\stm32f10x_flash.o
FLASH_HalfCycleAccessCmd                          Libraries\STM32F10x_StdPeriph_Driver\src\stm32f10x_flash.o
FLASH_IRQHandler                                  src\startup_stm32f10x_hd.o
FLASH_ITConfig                                    Libraries\STM32F10x_StdPeriph_Driver\src\stm32f10x_flash.o
FLASH_Lock                                        Libraries\STM32F10x_StdPeriph_Driver\src\stm32f10x_flash.o
FLASH_LockBank1                                   Libraries\STM32F10x_StdPeriph_Driver\src\stm32f10x_flash.o
FLASH_PrefetchBufferCmd                           Libraries\STM32F10x_StdPeriph_Driver\src\stm32f10x_flash.o
FLASH_ProgramHalfWord                             Libraries\STM32F10x_StdPeriph_Driver\src\stm32f10x_flash.o
FLASH_ProgramOptionByteData                       Libraries\STM32F10x_StdPeriph_Driver\src\stm32f10x_flash.o
FLASH_ProgramWord                                 Libraries\STM32F10x_StdPeriph_Driver\src\stm32f10x_flash.o
FLASH_ReadOutProtection                           Libraries\STM32F10x_StdPeriph_Driver\src\stm32f10x_flash.o
FLASH_SetLatency                                  Libraries\STM32F10x_StdPeriph_Driver\src\stm32f10x_flash.o
FLASH_Unlock                                      Libraries\STM32F10x_StdPeriph_Driver\src\stm32f10x_flash.o
FLASH_UnlockBank1                                 Libraries\STM32F10x_StdPeriph_Driver\src\stm32f10x_flash.o
FLASH_UserOptionByteConfig                        Libraries\STM32F10x_StdPeriph_Driver\src\stm32f10x_flash.o
FLASH_WaitForLastBank1Operation                   Libraries\STM32F10x_StdPeriph_Driver\src\stm32f10x_flash.o
FLASH_WaitForLastOperation                        Libraries\STM32F10x_StdPeriph_Driver\src\stm32f10x_flash.o
FSMC_ClearFlag                                    Libraries\STM32F10x_StdPeriph_Driver\src\stm32f10x_fsmc.o
FSMC_ClearITPendingBit                            Libraries\STM32F10x_StdPeriph_Driver\src\stm32f10x_fsmc.o
FSMC_GetECC                                       Libraries\STM32F10x_StdPeriph_Driver\src\stm32f10x_fsmc.o
FSMC_GetFlagStatus                                Libraries\STM32F10x_StdPeriph_Driver\src\stm32f10x_fsmc.o
FSMC_GetITStatus                                  Libraries\STM32F10x_StdPeriph_Driver\src\stm32f10x_fsmc.o
FSMC_IRQHandler                                   src\startup_stm32f10x_hd.o
FSMC_ITConfig                                     Libraries\STM32F10x_StdPeriph_Driver\src\stm32f10x_fsmc.o
FSMC_NANDCmd                                      Libraries\STM32F10x_StdPeriph_Driver\src\stm32f10x_fsmc.o
FSMC_NANDDeInit                                   Libraries\STM32F10x_StdPeriph_Driver\src\stm32f10x_fsmc.o
FSMC_NANDECCCmd                                   Libraries\STM32F10x_StdPeriph_Driver\src\stm32f10x_fsmc.o
FSMC_NANDInit                                     Libraries\STM32F10x_StdPeriph_Driver\src\stm32f10x_fsmc.o
FSMC_NANDStructInit                               Libraries\STM32F10x_StdPeriph_Driver\src\stm32f10x_fsmc.o
FSMC_NORSRAMCmd                                   Libraries\STM32F10x_StdPeriph_Driver\src\stm32f10x_fsmc.o
FSMC_NORSRAMDeInit                                Libraries\STM32F10x_StdPeriph_Driver\src\stm32f10x_fsmc.o
FSMC_NORSRAMInit                                  Libraries\STM32F10x_StdPeriph_Driver\src\stm32f10x_fsmc.o
FSMC_NORSRAMStructInit                            Libraries\STM32F10x_StdPeriph_Driver\src\stm32f10x_fsmc.o
FSMC_PCCARDCmd                                    Libraries\STM32F10x_StdPeriph_Driver\src\stm32f10x_fsmc.o
FSMC_PCCARDDeInit                                 Libraries\STM32F10x_StdPeriph_Driver\src\stm32f10x_fsmc.o
FSMC_PCCARDInit                                   Libraries\STM32F10x_StdPeriph_Driver\src\stm32f10x_fsmc.o
FSMC_PCCARDStructInit                             Libraries\STM32F10x_StdPeriph_Driver\src\stm32f10x_fsmc.o
GPIO_AFIODeInit                                   Libraries\STM32F10x_StdPeriph_Driver\src\stm32f10x_gpio.o
GPIO_DeInit                                       Libraries\STM32F10x_StdPeriph_Driver\src\stm32f10x_gpio.o
GPIO_ETH_MediaInterfaceConfig                     Libraries\STM32F10x_StdPeriph_Driver\src\stm32f10x_gpio.o
GPIO_EXTILineConfig                               Libraries\STM32F10x_StdPeriph_Driver\src\stm32f10x_gpio.o
GPIO_EventOutputCmd                               Libraries\STM32F10x_StdPeriph_Driver\src\stm32f10x_gpio.o
GPIO_EventOutputConfig                            Libraries\STM32F10x_StdPeriph_Driver\src\stm32f10x_gpio.o
GPIO_Init                                         Libraries\STM32F10x_StdPeriph_Driver\src\stm32f10x_gpio.o
                                                  src\AccMag.o
                                                  src\XBEE.o
                                                  src\gyro.o
GPIO_PinLockConfig                                Libraries\STM32F10x_StdPeriph_Driver\src\stm32f10x_gpio.o
GPIO_PinRemapConfig                               Libraries\STM32F10x_StdPeriph_Driver\src\stm32f10x_gpio.o
GPIO_ReadInputData                                Libraries\STM32F10x_StdPeriph_Driver\src\stm32f10x_gpio.o
GPIO_ReadInputDataBit                             Libraries\STM32F10x_StdPeriph_Driver\src\stm32f10x_gpio.o
GPIO_ReadOutputData                               Libraries\STM32F10x_StdPeriph_Driver\src\stm32f10x_gpio.o
GPIO_ReadOutputDataBit                            Libraries\STM32F10x_StdPeriph_Driver\src\stm32f10x_gpio.o
GPIO_ResetBits                                    Libraries\STM32F10x_StdPeriph_Driver\src\stm32f10x_gpio.o
                                                  src\gyro.o
GPIO_SetBits                                      Libraries\STM32F10x_StdPeriph_Driver\src\stm32f10x_gpio.o
                                                  src\gyro.o
GPIO_StructInit                                   Libraries\STM32F10x_StdPeriph_Driver\src\stm32f10x_gpio.o
GPIO_Write                                        Libraries\STM32F10x_StdPeriph_Driver\src\stm32f10x_gpio.o
GPIO_WriteBit                                     Libraries\STM32F10x_StdPeriph_Driver\src\stm32f10x_gpio.o
HardFault_Handler                                 src\stm32f10x_it.o
                                                  src\stm32f1xx_it.o
I2C1_ER_IRQHandler                                src\startup_stm32f10x_hd.o
I2C1_EV_IRQHandler                                src\startup_stm32f10x_hd.o
I2C2_ER_IRQHandler                                src\startup_stm32f10x_hd.o
I2C2_EV_IRQHandler                                src\startup_stm32f10x_hd.o
I2C_ARPCmd                                        Libraries\STM32F10x_StdPeriph_Driver\src\stm32f10x_i2c.o
I2C_AcknowledgeConfig                             Libraries\STM32F10x_StdPeriph_Driver\src\stm32f10x_i2c.o
                                                  src\AccMag.o
I2C_CalculatePEC                                  Libraries\STM32F10x_StdPeriph_Driver\src\stm32f10x_i2c.o
I2C_CheckEvent                                    Libraries\STM32F10x_StdPeriph_Driver\src\stm32f10x_i2c.o
                                                  src\AccMag.o
I2C_ClearFlag                                     Libraries\STM32F10x_StdPeriph_Driver\src\stm32f10x_i2c.o
I2C_ClearITPendingBit                             Libraries\STM32F10x_StdPeriph_Driver\src\stm32f10x_i2c.o
I2C_Cmd                                           Libraries\STM32F10x_StdPeriph_Driver\src\stm32f10x_i2c.o
                                                  src\AccMag.o
I2C_DMACmd                                        Libraries\STM32F10x_StdPeriph_Driver\src\stm32f10x_i2c.o
I2C_DMALastTransferCmd                            Libraries\STM32F10x_StdPeriph_Driver\src\stm32f10x_i2c.o
I2C_DeInit                                        Libraries\STM32F10x_StdPeriph_Driver\src\stm32f10x_i2c.o
                                                  src\AccMag.o
I2C_DualAddressCmd                                Libraries\STM32F10x_StdPeriph_Driver\src\stm32f10x_i2c.o
I2C_FastModeDutyCycleConfig                       Libraries\STM32F10x_StdPeriph_Driver\src\stm32f10x_i2c.o
I2C_GeneralCallCmd                                Libraries\STM32F10x_StdPeriph_Driver\src\stm32f10x_i2c.o
I2C_GenerateSTART                                 Libraries\STM32F10x_StdPeriph_Driver\src\stm32f10x_i2c.o
                                                  src\AccMag.o
I2C_GenerateSTOP                                  Libraries\STM32F10x_StdPeriph_Driver\src\stm32f10x_i2c.o
                                                  src\AccMag.o
I2C_GetFlagStatus                                 Libraries\STM32F10x_StdPeriph_Driver\src\stm32f10x_i2c.o
                                                  src\AccMag.o
I2C_GetITStatus                                   Libraries\STM32F10x_StdPeriph_Driver\src\stm32f10x_i2c.o
I2C_GetLastEvent                                  Libraries\STM32F10x_StdPeriph_Driver\src\stm32f10x_i2c.o
I2C_GetPEC                                        Libraries\STM32F10x_StdPeriph_Driver\src\stm32f10x_i2c.o
I2C_ITConfig                                      Libraries\STM32F10x_StdPeriph_Driver\src\stm32f10x_i2c.o
I2C_Init                                          Libraries\STM32F10x_StdPeriph_Driver\src\stm32f10x_i2c.o
                                                  src\AccMag.o
I2C_NACKPositionConfig                            Libraries\STM32F10x_StdPeriph_Driver\src\stm32f10x_i2c.o
I2C_OwnAddress2Config                             Libraries\STM32F10x_StdPeriph_Driver\src\stm32f10x_i2c.o
I2C_PECPositionConfig                             Libraries\STM32F10x_StdPeriph_Driver\src\stm32f10x_i2c.o
I2C_ReadRegister                                  Libraries\STM32F10x_StdPeriph_Driver\src\stm32f10x_i2c.o
I2C_ReceiveData                                   Libraries\STM32F10x_StdPeriph_Driver\src\stm32f10x_i2c.o
                                                  src\AccMag.o
I2C_SMBusAlertConfig                              Libraries\STM32F10x_StdPeriph_Driver\src\stm32f10x_i2c.o
I2C_Send7bitAddress                               Libraries\STM32F10x_StdPeriph_Driver\src\stm32f10x_i2c.o
                                                  src\AccMag.o
I2C_SendData                                      Libraries\STM32F10x_StdPeriph_Driver\src\stm32f10x_i2c.o
                                                  src\AccMag.o
I2C_SoftwareResetCmd                              Libraries\STM32F10x_StdPeriph_Driver\src\stm32f10x_i2c.o
I2C_StretchClockCmd                               Libraries\STM32F10x_StdPeriph_Driver\src\stm32f10x_i2c.o
I2C_StructInit                                    Libraries\STM32F10x_StdPeriph_Driver\src\stm32f10x_i2c.o
I2C_TransmitPEC                                   Libraries\STM32F10x_StdPeriph_Driver\src\stm32f10x_i2c.o
I2S_Cmd                                           Libraries\STM32F10x_StdPeriph_Driver\src\stm32f10x_spi.o
I2S_Init                                          Libraries\STM32F10x_StdPeriph_Driver\src\stm32f10x_spi.o
I2S_StructInit                                    Libraries\STM32F10x_StdPeriph_Driver\src\stm32f10x_spi.o
IWDG_Enable                                       Libraries\STM32F10x_StdPeriph_Driver\src\stm32f10x_iwdg.o
IWDG_GetFlagStatus                                Libraries\STM32F10x_StdPeriph_Driver\src\stm32f10x_iwdg.o
IWDG_ReloadCounter                                Libraries\STM32F10x_StdPeriph_Driver\src\stm32f10x_iwdg.o
IWDG_SetPrescaler                                 Libraries\STM32F10x_StdPeriph_Driver\src\stm32f10x_iwdg.o
IWDG_SetReload                                    Libraries\STM32F10x_StdPeriph_Driver\src\stm32f10x_iwdg.o
IWDG_WriteAccessCmd                               Libraries\STM32F10x_StdPeriph_Driver\src\stm32f10x_iwdg.o
MemManage_Handler                                 src\stm32f10x_it.o
                                                  src\stm32f1xx_it.o
NMI_Handler                                       src\stm32f10x_it.o
                                                  src\stm32f1xx_it.o
NVIC_Init                                         Libraries\STM32F10x_StdPeriph_Driver\src\misc.o
                                                  src\XBEE.o
NVIC_PriorityGroupConfig                          Libraries\STM32F10x_StdPeriph_Driver\src\misc.o
NVIC_SetVectorTable                               Libraries\STM32F10x_StdPeriph_Driver\src\misc.o
NVIC_SystemLPConfig                               Libraries\STM32F10x_StdPeriph_Driver\src\misc.o
PVD_IRQHandler                                    src\startup_stm32f10x_hd.o
PWR_BackupAccessCmd                               Libraries\STM32F10x_StdPeriph_Driver\src\stm32f10x_pwr.o
PWR_ClearFlag                                     Libraries\STM32F10x_StdPeriph_Driver\src\stm32f10x_pwr.o
PWR_DeInit                                        Libraries\STM32F10x_StdPeriph_Driver\src\stm32f10x_pwr.o
PWR_EnterSTANDBYMode                              Libraries\STM32F10x_StdPeriph_Driver\src\stm32f10x_pwr.o
PWR_EnterSTOPMode                                 Libraries\STM32F10x_StdPeriph_Driver\src\stm32f10x_pwr.o
PWR_GetFlagStatus                                 Libraries\STM32F10x_StdPeriph_Driver\src\stm32f10x_pwr.o
PWR_PVDCmd                                        Libraries\STM32F10x_StdPeriph_Driver\src\stm32f10x_pwr.o
PWR_PVDLevelConfig                                Libraries\STM32F10x_StdPeriph_Driver\src\stm32f10x_pwr.o
PWR_WakeUpPinCmd                                  Libraries\STM32F10x_StdPeriph_Driver\src\stm32f10x_pwr.o
PendSV_Handler                                    src\stm32f10x_it.o
                                                  src\stm32f1xx_it.o
RCC_ADCCLKConfig                                  Libraries\STM32F10x_StdPeriph_Driver\src\stm32f10x_rcc.o
RCC_AHBPeriphClockCmd                             Libraries\STM32F10x_StdPeriph_Driver\src\stm32f10x_rcc.o
                                                  src\XBEE.o
RCC_APB1PeriphClockCmd                            Libraries\STM32F10x_StdPeriph_Driver\src\stm32f10x_rcc.o
                                                  src\AccMag.o
                                                  src\XBEE.o
                                                  src\gyro.o
RCC_APB1PeriphResetCmd                            Libraries\STM32F10x_StdPeriph_Driver\src\stm32f10x_rcc.o
                                                  Libraries\STM32F10x_StdPeriph_Driver\src\stm32f10x_can.o
                                                  Libraries\STM32F10x_StdPeriph_Driver\src\stm32f10x_cec.o
                                                  Libraries\STM32F10x_StdPeriph_Driver\src\stm32f10x_dac.o
                                                  Libraries\STM32F10x_StdPeriph_Driver\src\stm32f10x_i2c.o
                                                  Libraries\STM32F10x_StdPeriph_Driver\src\stm32f10x_pwr.o
                                                  Libraries\STM32F10x_StdPeriph_Driver\src\stm32f10x_spi.o
                                                  Libraries\STM32F10x_StdPeriph_Driver\src\stm32f10x_tim.o
                                                  Libraries\STM32F10x_StdPeriph_Driver\src\stm32f10x_usart.o
                                                  Libraries\STM32F10x_StdPeriph_Driver\src\stm32f10x_wwdg.o
RCC_APB2PeriphClockCmd                            Libraries\STM32F10x_StdPeriph_Driver\src\stm32f10x_rcc.o
                                                  src\AccMag.o
                                                  src\XBEE.o
                                                  src\gyro.o
RCC_APB2PeriphResetCmd                            Libraries\STM32F10x_StdPeriph_Driver\src\stm32f10x_rcc.o
                                                  Libraries\STM32F10x_StdPeriph_Driver\src\stm32f10x_adc.o
                                                  Libraries\STM32F10x_StdPeriph_Driver\src\stm32f10x_gpio.o
                                                  Libraries\STM32F10x_StdPeriph_Driver\src\stm32f10x_spi.o
                                                  Libraries\STM32F10x_StdPeriph_Driver\src\stm32f10x_tim.o
                                                  Libraries\STM32F10x_StdPeriph_Driver\src\stm32f10x_usart.o
RCC_AdjustHSICalibrationValue                     Libraries\STM32F10x_StdPeriph_Driver\src\stm32f10x_rcc.o
RCC_BackupResetCmd                                Libraries\STM32F10x_StdPeriph_Driver\src\stm32f10x_rcc.o
                                                  Libraries\STM32F10x_StdPeriph_Driver\src\stm32f10x_bkp.o
RCC_ClearFlag                                     Libraries\STM32F10x_StdPeriph_Driver\src\stm32f10x_rcc.o
RCC_ClearITPendingBit                             Libraries\STM32F10x_StdPeriph_Driver\src\stm32f10x_rcc.o
RCC_ClockSecuritySystemCmd                        Libraries\STM32F10x_StdPeriph_Driver\src\stm32f10x_rcc.o
RCC_DeInit                                        Libraries\STM32F10x_StdPeriph_Driver\src\stm32f10x_rcc.o
RCC_GetClocksFreq                                 Libraries\STM32F10x_StdPeriph_Driver\src\stm32f10x_rcc.o
                                                  Libraries\STM32F10x_StdPeriph_Driver\src\stm32f10x_i2c.o
                                                  Libraries\STM32F10x_StdPeriph_Driver\src\stm32f10x_spi.o
                                                  Libraries\STM32F10x_StdPeriph_Driver\src\stm32f10x_usart.o
RCC_GetFlagStatus                                 Libraries\STM32F10x_StdPeriph_Driver\src\stm32f10x_rcc.o
RCC_GetITStatus                                   Libraries\STM32F10x_StdPeriph_Driver\src\stm32f10x_rcc.o
RCC_GetSYSCLKSource                               Libraries\STM32F10x_StdPeriph_Driver\src\stm32f10x_rcc.o
RCC_HCLKConfig                                    Libraries\STM32F10x_StdPeriph_Driver\src\stm32f10x_rcc.o
RCC_HSEConfig                                     Libraries\STM32F10x_StdPeriph_Driver\src\stm32f10x_rcc.o
RCC_HSICmd                                        Libraries\STM32F10x_StdPeriph_Driver\src\stm32f10x_rcc.o
RCC_IRQHandler                                    src\startup_stm32f10x_hd.o
RCC_ITConfig                                      Libraries\STM32F10x_StdPeriph_Driver\src\stm32f10x_rcc.o
RCC_LSEConfig                                     Libraries\STM32F10x_StdPeriph_Driver\src\stm32f10x_rcc.o
RCC_LSICmd                                        Libraries\STM32F10x_StdPeriph_Driver\src\stm32f10x_rcc.o
RCC_MCOConfig                                     Libraries\STM32F10x_StdPeriph_Driver\src\stm32f10x_rcc.o
RCC_PCLK1Config                                   Libraries\STM32F10x_StdPeriph_Driver\src\stm32f10x_rcc.o
RCC_PCLK2Config                                   Libraries\STM32F10x_StdPeriph_Driver\src\stm32f10x_rcc.o
RCC_PLLCmd                                        Libraries\STM32F10x_StdPeriph_Driver\src\stm32f10x_rcc.o
RCC_PLLConfig                                     Libraries\STM32F10x_StdPeriph_Driver\src\stm32f10x_rcc.o
RCC_RTCCLKCmd                                     Libraries\STM32F10x_StdPeriph_Driver\src\stm32f10x_rcc.o
RCC_RTCCLKConfig                                  Libraries\STM32F10x_StdPeriph_Driver\src\stm32f10x_rcc.o
RCC_SYSCLKConfig                                  Libraries\STM32F10x_StdPeriph_Driver\src\stm32f10x_rcc.o
RCC_USBCLKConfig                                  Libraries\STM32F10x_StdPeriph_Driver\src\stm32f10x_rcc.o
RCC_WaitForHSEStartUp                             Libraries\STM32F10x_StdPeriph_Driver\src\stm32f10x_rcc.o
RTCAlarm_IRQHandler                               src\startup_stm32f10x_hd.o
RTC_ClearFlag                                     Libraries\STM32F10x_StdPeriph_Driver\src\stm32f10x_rtc.o
RTC_ClearITPendingBit                             Libraries\STM32F10x_StdPeriph_Driver\src\stm32f10x_rtc.o
RTC_EnterConfigMode                               Libraries\STM32F10x_StdPeriph_Driver\src\stm32f10x_rtc.o
RTC_ExitConfigMode                                Libraries\STM32F10x_StdPeriph_Driver\src\stm32f10x_rtc.o
RTC_GetCounter                                    Libraries\STM32F10x_StdPeriph_Driver\src\stm32f10x_rtc.o
RTC_GetDivider                                    Libraries\STM32F10x_StdPeriph_Driver\src\stm32f10x_rtc.o
RTC_GetFlagStatus                                 Libraries\STM32F10x_StdPeriph_Driver\src\stm32f10x_rtc.o
RTC_GetITStatus                                   Libraries\STM32F10x_StdPeriph_Driver\src\stm32f10x_rtc.o
RTC_IRQHandler                                    src\startup_stm32f10x_hd.o
RTC_ITConfig                                      Libraries\STM32F10x_StdPeriph_Driver\src\stm32f10x_rtc.o
RTC_SetAlarm                                      Libraries\STM32F10x_StdPeriph_Driver\src\stm32f10x_rtc.o
RTC_SetCounter                                    Libraries\STM32F10x_StdPeriph_Driver\src\stm32f10x_rtc.o
RTC_SetPrescaler                                  Libraries\STM32F10x_StdPeriph_Driver\src\stm32f10x_rtc.o
RTC_WaitForLastTask                               Libraries\STM32F10x_StdPeriph_Driver\src\stm32f10x_rtc.o
RTC_WaitForSynchro                                Libraries\STM32F10x_StdPeriph_Driver\src\stm32f10x_rtc.o
Reset_Handler                                     src\startup_stm32f10x_hd.o
SDIO_CEATAITCmd                                   Libraries\STM32F10x_StdPeriph_Driver\src\stm32f10x_sdio.o
SDIO_ClearFlag                                    Libraries\STM32F10x_StdPeriph_Driver\src\stm32f10x_sdio.o
SDIO_ClearITPendingBit                            Libraries\STM32F10x_StdPeriph_Driver\src\stm32f10x_sdio.o
SDIO_ClockCmd                                     Libraries\STM32F10x_StdPeriph_Driver\src\stm32f10x_sdio.o
SDIO_CmdStructInit                                Libraries\STM32F10x_StdPeriph_Driver\src\stm32f10x_sdio.o
SDIO_CommandCompletionCmd                         Libraries\STM32F10x_StdPeriph_Driver\src\stm32f10x_sdio.o
SDIO_DMACmd                                       Libraries\STM32F10x_StdPeriph_Driver\src\stm32f10x_sdio.o
SDIO_DataConfig                                   Libraries\STM32F10x_StdPeriph_Driver\src\stm32f10x_sdio.o
SDIO_DataStructInit                               Libraries\STM32F10x_StdPeriph_Driver\src\stm32f10x_sdio.o
SDIO_DeInit                                       Libraries\STM32F10x_StdPeriph_Driver\src\stm32f10x_sdio.o
SDIO_GetCommandResponse                           Libraries\STM32F10x_StdPeriph_Driver\src\stm32f10x_sdio.o
SDIO_GetDataCounter                               Libraries\STM32F10x_StdPeriph_Driver\src\stm32f10x_sdio.o
SDIO_GetFIFOCount                                 Libraries\STM32F10x_StdPeriph_Driver\src\stm32f10x_sdio.o
SDIO_GetFlagStatus                                Libraries\STM32F10x_StdPeriph_Driver\src\stm32f10x_sdio.o
SDIO_GetITStatus                                  Libraries\STM32F10x_StdPeriph_Driver\src\stm32f10x_sdio.o
SDIO_GetPowerState                                Libraries\STM32F10x_StdPeriph_Driver\src\stm32f10x_sdio.o
SDIO_GetResponse                                  Libraries\STM32F10x_StdPeriph_Driver\src\stm32f10x_sdio.o
SDIO_IRQHandler                                   src\startup_stm32f10x_hd.o
SDIO_ITConfig                                     Libraries\STM32F10x_StdPeriph_Driver\src\stm32f10x_sdio.o
SDIO_Init                                         Libraries\STM32F10x_StdPeriph_Driver\src\stm32f10x_sdio.o
SDIO_ReadData                                     Libraries\STM32F10x_StdPeriph_Driver\src\stm32f10x_sdio.o
SDIO_SendCEATACmd                                 Libraries\STM32F10x_StdPeriph_Driver\src\stm32f10x_sdio.o
SDIO_SendCommand                                  Libraries\STM32F10x_StdPeriph_Driver\src\stm32f10x_sdio.o
SDIO_SendSDIOSuspendCmd                           Libraries\STM32F10x_StdPeriph_Driver\src\stm32f10x_sdio.o
SDIO_SetPowerState                                Libraries\STM32F10x_StdPeriph_Driver\src\stm32f10x_sdio.o
SDIO_SetSDIOOperation                             Libraries\STM32F10x_StdPeriph_Driver\src\stm32f10x_sdio.o
SDIO_SetSDIOReadWaitMode                          Libraries\STM32F10x_StdPeriph_Driver\src\stm32f10x_sdio.o
SDIO_StartSDIOReadWait                            Libraries\STM32F10x_StdPeriph_Driver\src\stm32f10x_sdio.o
SDIO_StopSDIOReadWait                             Libraries\STM32F10x_StdPeriph_Driver\src\stm32f10x_sdio.o
SDIO_StructInit                                   Libraries\STM32F10x_StdPeriph_Driver\src\stm32f10x_sdio.o
SDIO_WriteData                                    Libraries\STM32F10x_StdPeriph_Driver\src\stm32f10x_sdio.o
SPI1_IRQHandler                                   src\startup_stm32f10x_hd.o
SPI2_IRQHandler                                   src\startup_stm32f10x_hd.o
SPI3_IRQHandler                                   src\startup_stm32f10x_hd.o
SPI_BiDirectionalLineConfig                       Libraries\STM32F10x_StdPeriph_Driver\src\stm32f10x_spi.o
SPI_CalculateCRC                                  Libraries\STM32F10x_StdPeriph_Driver\src\stm32f10x_spi.o
SPI_Cmd                                           Libraries\STM32F10x_StdPeriph_Driver\src\stm32f10x_spi.o
                                                  src\gyro.o
SPI_DataSizeConfig                                Libraries\STM32F10x_StdPeriph_Driver\src\stm32f10x_spi.o
SPI_GetCRC                                        Libraries\STM32F10x_StdPeriph_Driver\src\stm32f10x_spi.o
SPI_GetCRCPolynomial                              Libraries\STM32F10x_StdPeriph_Driver\src\stm32f10x_spi.o
SPI_I2S_ClearFlag                                 Libraries\STM32F10x_StdPeriph_Driver\src\stm32f10x_spi.o
SPI_I2S_ClearITPendingBit                         Libraries\STM32F10x_StdPeriph_Driver\src\stm32f10x_spi.o
SPI_I2S_DMACmd                                    Libraries\STM32F10x_StdPeriph_Driver\src\stm32f10x_spi.o
SPI_I2S_DeInit                                    Libraries\STM32F10x_StdPeriph_Driver\src\stm32f10x_spi.o
                                                  src\gyro.o
SPI_I2S_GetFlagStatus                             Libraries\STM32F10x_StdPeriph_Driver\src\stm32f10x_spi.o
                                                  src\gyro.o
SPI_I2S_GetITStatus                               Libraries\STM32F10x_StdPeriph_Driver\src\stm32f10x_spi.o
SPI_I2S_ITConfig                                  Libraries\STM32F10x_StdPeriph_Driver\src\stm32f10x_spi.o
SPI_I2S_ReceiveData                               Libraries\STM32F10x_StdPeriph_Driver\src\stm32f10x_spi.o
                                                  src\gyro.o
SPI_I2S_SendData                                  Libraries\STM32F10x_StdPeriph_Driver\src\stm32f10x_spi.o
                                                  src\gyro.o
SPI_Init                                          Libraries\STM32F10x_StdPeriph_Driver\src\stm32f10x_spi.o
                                                  src\gyro.o
SPI_NSSInternalSoftwareConfig                     Libraries\STM32F10x_StdPeriph_Driver\src\stm32f10x_spi.o
SPI_SSOutputCmd                                   Libraries\STM32F10x_StdPeriph_Driver\src\stm32f10x_spi.o
SPI_StructInit                                    Libraries\STM32F10x_StdPeriph_Driver\src\stm32f10x_spi.o
SPI_TransmitCRC                                   Libraries\STM32F10x_StdPeriph_Driver\src\stm32f10x_spi.o
SVC_Handler                                       src\stm32f10x_it.o
                                                  src\stm32f1xx_it.o
S_DMA                                             src\XBEE.o
SysTick_CLKSourceConfig                           Libraries\STM32F10x_StdPeriph_Driver\src\misc.o
SysTick_Handler                                   src\stm32f10x_it.o
                                                  src\stm32f1xx_it.o
SystemCoreClock                                   src\system_stm32f10x.o
SystemCoreClockUpdate                             src\system_stm32f10x.o
SystemInit                                        src\system_stm32f10x.o
                                                  src\startup_stm32f10x_hd.o
TAMPER_IRQHandler                                 src\startup_stm32f10x_hd.o
TIM1_BRK_IRQHandler                               src\startup_stm32f10x_hd.o
TIM1_CC_IRQHandler                                src\startup_stm32f10x_hd.o
TIM1_TRG_COM_IRQHandler                           src\startup_stm32f10x_hd.o
TIM1_UP_IRQHandler                                src\startup_stm32f10x_hd.o
TIM2_IRQHandler                                   src\startup_stm32f10x_hd.o
TIM3_IRQHandler                                   src\startup_stm32f10x_hd.o
TIM4_IRQHandler                                   src\startup_stm32f10x_hd.o
TIM5_IRQHandler                                   src\startup_stm32f10x_hd.o
TIM6_IRQHandler                                   src\startup_stm32f10x_hd.o
TIM7_IRQHandler                                   src\startup_stm32f10x_hd.o
TIM8_BRK_IRQHandler                               src\startup_stm32f10x_hd.o
TIM8_CC_IRQHandler                                src\startup_stm32f10x_hd.o
TIM8_TRG_COM_IRQHandler                           src\startup_stm32f10x_hd.o
TIM8_UP_IRQHandler                                src\startup_stm32f10x_hd.o
TIM_ARRPreloadConfig                              Libraries\STM32F10x_StdPeriph_Driver\src\stm32f10x_tim.o
TIM_BDTRConfig                                    Libraries\STM32F10x_StdPeriph_Driver\src\stm32f10x_tim.o
TIM_BDTRStructInit                                Libraries\STM32F10x_StdPeriph_Driver\src\stm32f10x_tim.o
TIM_CCPreloadControl                              Libraries\STM32F10x_StdPeriph_Driver\src\stm32f10x_tim.o
TIM_CCxCmd                                        Libraries\STM32F10x_StdPeriph_Driver\src\stm32f10x_tim.o
TIM_CCxNCmd                                       Libraries\STM32F10x_StdPeriph_Driver\src\stm32f10x_tim.o
TIM_ClearFlag                                     Libraries\STM32F10x_StdPeriph_Driver\src\stm32f10x_tim.o
TIM_ClearITPendingBit                             Libraries\STM32F10x_StdPeriph_Driver\src\stm32f10x_tim.o
TIM_ClearOC1Ref                                   Libraries\STM32F10x_StdPeriph_Driver\src\stm32f10x_tim.o
TIM_ClearOC2Ref                                   Libraries\STM32F10x_StdPeriph_Driver\src\stm32f10x_tim.o
TIM_ClearOC3Ref                                   Libraries\STM32F10x_StdPeriph_Driver\src\stm32f10x_tim.o
TIM_ClearOC4Ref                                   Libraries\STM32F10x_StdPeriph_Driver\src\stm32f10x_tim.o
TIM_Cmd                                           Libraries\STM32F10x_StdPeriph_Driver\src\stm32f10x_tim.o
TIM_CounterModeConfig                             Libraries\STM32F10x_StdPeriph_Driver\src\stm32f10x_tim.o
TIM_CtrlPWMOutputs                                Libraries\STM32F10x_StdPeriph_Driver\src\stm32f10x_tim.o
TIM_DMACmd                                        Libraries\STM32F10x_StdPeriph_Driver\src\stm32f10x_tim.o
TIM_DMAConfig                                     Libraries\STM32F10x_StdPeriph_Driver\src\stm32f10x_tim.o
TIM_DeInit                                        Libraries\STM32F10x_StdPeriph_Driver\src\stm32f10x_tim.o
TIM_ETRClockMode1Config                           Libraries\STM32F10x_StdPeriph_Driver\src\stm32f10x_tim.o
TIM_ETRClockMode2Config                           Libraries\STM32F10x_StdPeriph_Driver\src\stm32f10x_tim.o
TIM_ETRConfig                                     Libraries\STM32F10x_StdPeriph_Driver\src\stm32f10x_tim.o
TIM_EncoderInterfaceConfig                        Libraries\STM32F10x_StdPeriph_Driver\src\stm32f10x_tim.o
TIM_ForcedOC1Config                               Libraries\STM32F10x_StdPeriph_Driver\src\stm32f10x_tim.o
TIM_ForcedOC2Config                               Libraries\STM32F10x_StdPeriph_Driver\src\stm32f10x_tim.o
TIM_ForcedOC3Config                               Libraries\STM32F10x_StdPeriph_Driver\src\stm32f10x_tim.o
TIM_ForcedOC4Config                               Libraries\STM32F10x_StdPeriph_Driver\src\stm32f10x_tim.o
TIM_GenerateEvent                                 Libraries\STM32F10x_StdPeriph_Driver\src\stm32f10x_tim.o
TIM_GetCapture1                                   Libraries\STM32F10x_StdPeriph_Driver\src\stm32f10x_tim.o
TIM_GetCapture2                                   Libraries\STM32F10x_StdPeriph_Driver\src\stm32f10x_tim.o