Archive member included because of file (symbol)

c:/program files (x86)/atollic/truestudio for arm lite 5.2.2/armtools/bin/../lib/gcc/arm-atollic-eabi/4.8.3/../../../../arm-atollic-eabi/lib/armv7-m\libc_s.a(lib_a-init.o)
                              src\startup_stm32f10x_hd.o (__libc_init_array)
c:/program files (x86)/atollic/truestudio for arm lite 5.2.2/armtools/bin/../lib/gcc/arm-atollic-eabi/4.8.3/../../../../arm-atollic-eabi/lib/armv7-m\libc_s.a(lib_a-strlen.o)
                              src\tiny_printf.o (strlen)
c:/program files (x86)/atollic/truestudio for arm lite 5.2.2/armtools/bin/../lib/gcc/arm-atollic-eabi/4.8.3/../../../../arm-atollic-eabi/lib/armv7-m\libc_s.a(lib_a-syscalls.o)
                              src\tiny_printf.o (_write)
c:/program files (x86)/atollic/truestudio for arm lite 5.2.2/armtools/bin/../lib/gcc/arm-atollic-eabi/4.8.3/../../../../arm-atollic-eabi/lib/armv7-m\libc_s.a(lib_a-reent.o)
                              c:/program files (x86)/atollic/truestudio for arm lite 5.2.2/armtools/bin/../lib/gcc/arm-atollic-eabi/4.8.3/../../../../arm-atollic-eabi/lib/armv7-m\libc_s.a(lib_a-syscalls.o) (errno)
c:/program files (x86)/atollic/truestudio for arm lite 5.2.2/armtools/bin/../lib/gcc/arm-atollic-eabi/4.8.3/../../../../arm-atollic-eabi/lib/armv7-m\libc_s.a(lib_a-impure.o)
                              c:/program files (x86)/atollic/truestudio for arm lite 5.2.2/armtools/bin/../lib/gcc/arm-atollic-eabi/4.8.3/../../../../arm-atollic-eabi/lib/armv7-m\libc_s.a(lib_a-reent.o) (_impure_ptr)
c:/program files (x86)/atollic/truestudio for arm lite 5.2.2/armtools/bin/../lib/gcc/arm-atollic-eabi/4.8.3/../../../../arm-atollic-eabi/lib/armv7-m\libc_s.a(lib_a-nano-freer.o)
                              c:/program files (x86)/atollic/truestudio for arm lite 5.2.2/armtools/bin/../lib/gcc/arm-atollic-eabi/4.8.3/../../../../arm-atollic-eabi/lib/armv7-m\libc_s.a(lib_a-reent.o) (_free_r)
c:/program files (x86)/atollic/truestudio for arm lite 5.2.2/armtools/bin/../lib/gcc/arm-atollic-eabi/4.8.3/../../../../arm-atollic-eabi/lib/armv7-m\libc_s.a(lib_a-nano-mallocr.o)
                              c:/program files (x86)/atollic/truestudio for arm lite 5.2.2/armtools/bin/../lib/gcc/arm-atollic-eabi/4.8.3/../../../../arm-atollic-eabi/lib/armv7-m\libc_s.a(lib_a-nano-freer.o) (__malloc_free_list)
c:/program files (x86)/atollic/truestudio for arm lite 5.2.2/armtools/bin/../lib/gcc/arm-atollic-eabi/4.8.3/../../../../arm-atollic-eabi/lib/armv7-m\libc_s.a(lib_a-sbrkr.o)
                              c:/program files (x86)/atollic/truestudio for arm lite 5.2.2/armtools/bin/../lib/gcc/arm-atollic-eabi/4.8.3/../../../../arm-atollic-eabi/lib/armv7-m\libc_s.a(lib_a-nano-mallocr.o) (_sbrk_r)

Allocating common symbols
Common symbol       size              file

gyro8               0x6               src\wirelessComms.o
Avg_Slope           0x2               src\stm32f10x_it.o
t                   0x8c              src\wirelessComms.o
Tx_chars            0x2               src\wirelessComms.o
recVal              0x2               src\wirelessComms.o
V25                 0x2               src\stm32f10x_it.o
p                   0x4               src\wirelessComms.o
dataTXdata          0x12              src\wirelessComms.o
errno               0x4               c:/program files (x86)/atollic/truestudio for arm lite 5.2.2/armtools/bin/../lib/gcc/arm-atollic-eabi/4.8.3/../../../../arm-atollic-eabi/lib/armv7-m\libc_s.a(lib_a-reent.o)
dataS4              0x23              src\wirelessComms.o
AD_value            0x2               src\stm32f10x_it.o
dataS2              0x23              src\wirelessComms.o
TemperatureC        0x2               src\stm32f10x_it.o
temp8               0x2               src\wirelessComms.o
dataTXtemp          0x2               src\wirelessComms.o
lengthS1            0x2               src\wirelessComms.o
dataS3              0x23              src\wirelessComms.o
dataS1              0x23              src\wirelessComms.o
proceed             0x1               src\stm32f10x_it.o
mag8                0x6               src\wirelessComms.o
dum                 0x2               src\wirelessComms.o
acc8                0x6               src\wirelessComms.o
TxBuff              0x23              src\wirelessComms.o
dataRXPacket        0x1               src\wirelessComms.o

Discarded input sections

 .text          0x00000000        0x0 c:/program files (x86)/atollic/truestudio for arm lite 5.2.2/armtools/bin/../lib/gcc/arm-atollic-eabi/4.8.3/armv7-m/crti.o
 .data          0x00000000        0x0 c:/program files (x86)/atollic/truestudio for arm lite 5.2.2/armtools/bin/../lib/gcc/arm-atollic-eabi/4.8.3/armv7-m/crti.o
 .bss           0x00000000        0x0 c:/program files (x86)/atollic/truestudio for arm lite 5.2.2/armtools/bin/../lib/gcc/arm-atollic-eabi/4.8.3/armv7-m/crti.o
[...]
Memory Configuration

Name             Origin             Length             Attributes
FLASH            0x08000000         0x00080000         xr
RAM              0x20000000         0x00010000         xrw
MEMORY_B1        0x60000000         0x00000000         xr
*default*        0x00000000         0xffffffff

Linker script and memory map

LOAD c:/program files (x86)/atollic/truestudio for arm lite 5.2.2/armtools/bin/../lib/gcc/arm-atollic-eabi/4.8.3/armv7-m/crti.o
LOAD c:/program files (x86)/atollic/truestudio for arm lite 5.2.2/armtools/bin/../lib/gcc/arm-atollic-eabi/4.8.3/armv7-m/crtbegin.o
LOAD src\wirelessComms.o
LOAD src\tiny_printf.o
LOAD src\system_stm32f10x.o
LOAD src\stm32f10x_it.o
LOAD src\startup_stm32f10x_hd.o
LOAD src\serial_terminal.o
LOAD src\main.o
LOAD src\gyro.o
LOAD src\controlLoopTimer.o
LOAD src\control.o
LOAD src\XBEE.o
LOAD src\CRC.o
LOAD src\AccMag.o
LOAD Libraries\STM32F10x_StdPeriph_Driver\src\stm32f10x_wwdg.o
LOAD Libraries\STM32F10x_StdPeriph_Driver\src\stm32f10x_usart.o
LOAD Libraries\STM32F10x_StdPeriph_Driver\src\stm32f10x_tim.o
LOAD Libraries\STM32F10x_StdPeriph_Driver\src\stm32f10x_spi.o
LOAD Libraries\STM32F10x_StdPeriph_Driver\src\stm32f10x_sdio.o
LOAD Libraries\STM32F10x_StdPeriph_Driver\src\stm32f10x_rtc.o
LOAD Libraries\STM32F10x_StdPeriph_Driver\src\stm32f10x_rcc.o
LOAD Libraries\STM32F10x_StdPeriph_Driver\src\stm32f10x_pwr.o
LOAD Libraries\STM32F10x_StdPeriph_Driver\src\stm32f10x_iwdg.o
LOAD Libraries\STM32F10x_StdPeriph_Driver\src\stm32f10x_i2c.o
LOAD Libraries\STM32F10x_StdPeriph_Driver\src\stm32f10x_gpio.o
LOAD Libraries\STM32F10x_StdPeriph_Driver\src\stm32f10x_fsmc.o
LOAD Libraries\STM32F10x_StdPeriph_Driver\src\stm32f10x_flash.o
LOAD Libraries\STM32F10x_StdPeriph_Driver\src\stm32f10x_exti.o
LOAD Libraries\STM32F10x_StdPeriph_Driver\src\stm32f10x_dma.o
LOAD Libraries\STM32F10x_StdPeriph_Driver\src\stm32f10x_dbgmcu.o
LOAD Libraries\STM32F10x_StdPeriph_Driver\src\stm32f10x_dac.o
LOAD Libraries\STM32F10x_StdPeriph_Driver\src\stm32f10x_crc.o
LOAD Libraries\STM32F10x_StdPeriph_Driver\src\stm32f10x_cec.o
LOAD Libraries\STM32F10x_StdPeriph_Driver\src\stm32f10x_can.o
LOAD Libraries\STM32F10x_StdPeriph_Driver\src\stm32f10x_bkp.o
LOAD Libraries\STM32F10x_StdPeriph_Driver\src\stm32f10x_adc.o
LOAD Libraries\STM32F10x_StdPeriph_Driver\src\misc.o
START GROUP
LOAD c:/program files (x86)/atollic/truestudio for arm lite 5.2.2/armtools/bin/../lib/gcc/arm-atollic-eabi/4.8.3/../../../../arm-atollic-eabi/lib/armv7-m\libc_s.a
LOAD c:/program files (x86)/atollic/truestudio for arm lite 5.2.2/armtools/bin/../lib/gcc/arm-atollic-eabi/4.8.3/../../../../arm-atollic-eabi/lib/armv7-m\libm.a
END GROUP
                0x00001000                malloc_getpagesize_P = 0x1000
START GROUP
LOAD c:/program files (x86)/atollic/truestudio for arm lite 5.2.2/armtools/bin/../lib/gcc/arm-atollic-eabi/4.8.3/armv7-m\libgcc.a
LOAD c:/program files (x86)/atollic/truestudio for arm lite 5.2.2/armtools/bin/../lib/gcc/arm-atollic-eabi/4.8.3/../../../../arm-atollic-eabi/lib/armv7-m\libc.a
END GROUP
LOAD c:/program files (x86)/atollic/truestudio for arm lite 5.2.2/armtools/bin/../lib/gcc/arm-atollic-eabi/4.8.3/armv7-m/crtend.o
LOAD c:/program files (x86)/atollic/truestudio for arm lite 5.2.2/armtools/bin/../lib/gcc/arm-atollic-eabi/4.8.3/armv7-m/crtn.o
                0x20010000                _estack = 0x20010000
                0x00000000                _Min_Heap_Size = 0x0
                0x00000200                _Min_Stack_Size = 0x200

.isr_vector     0x08000000      0x1e4
                0x08000000                . = ALIGN (0x4)
 *(.isr_vector)
 .isr_vector    0x08000000      0x1e4 src\startup_stm32f10x_hd.o
                0x08000000                g_pfnVectors
                0x080001e4                . = ALIGN (0x4)

.text           0x080001e4     0x29e4
                0x080001e4                . = ALIGN (0x4)
 *(.text)
 .text          0x080001e4       0x40 c:/program files (x86)/atollic/truestudio for arm lite 5.2.2/armtools/bin/../lib/gcc/arm-atollic-eabi/4.8.3/armv7-m/crtbegin.o
 *(.text*)
 .text.EXTI2_IRQHandler
                0x08000224       0xd0 src\wirelessComms.o
                0x08000224                EXTI2_IRQHandler
 .text.addAckPacket
                0x080002f4       0xa0 src\wirelessComms.o
                0x080002f4                addAckPacket
 .text.initSPI  0x08000394       0xfc src\wirelessComms.o
                0x08000394                initSPI
 .text.setUpRegisters
                0x08000490      0x128 src\wirelessComms.o
                0x08000490                setUpRegisters
 .text.chipEnable
                0x080005b8       0x14 src\wirelessComms.o
                0x080005b8                chipEnable
 .text.chipDisable
                0x080005cc       0x14 src\wirelessComms.o
                0x080005cc                chipDisable
 .text.chipSelect
                0x080005e0       0x14 src\wirelessComms.o
                0x080005e0                chipSelect
 .text.chipDeSelect
                0x080005f4       0x14 src\wirelessComms.o
                0x080005f4                chipDeSelect
 .text.delay100ms
                0x08000608      0x354 src\wirelessComms.o
                0x08000608                delay100ms
 .text.delay130micro
                0x0800095c       0x5c src\wirelessComms.o
                0x0800095c                delay130micro
 .text.writeSPIcomms
                0x080009b8       0x8c src\wirelessComms.o
                0x080009b8                writeSPIcomms
 .text.setADDR  0x08000a44      0x168 src\wirelessComms.o
                0x08000a44                setADDR
 .text.setADDRshort
                0x08000bac       0x90 src\wirelessComms.o
                0x08000bac                setADDRshort
 .text.readPacket
                0x08000c3c       0xb8 src\wirelessComms.o
                0x08000c3c                readPacket
 .text.flushTX  0x08000cf4       0x58 src\wirelessComms.o
                0x08000cf4                flushTX
 .text.flushRX  0x08000d4c       0x58 src\wirelessComms.o
                0x08000d4c                flushRX
 .text.SystemInit
                0x08000da4       0x68 src\system_stm32f10x.o
                0x08000da4                SystemInit
 .text.SetSysClock
                0x08000e0c        0xc src\system_stm32f10x.o
 .text.SetSysClockTo72
                0x08000e18      0x100 src\system_stm32f10x.o
 .text.NMI_Handler
                0x08000f18        0xc src\stm32f10x_it.o
                0x08000f18                NMI_Handler
 .text.HardFault_Handler
                0x08000f24        0x8 src\stm32f10x_it.o
                0x08000f24                HardFault_Handler
 .text.MemManage_Handler
                0x08000f2c        0x8 src\stm32f10x_it.o
                0x08000f2c                MemManage_Handler
 .text.BusFault_Handler
                0x08000f34        0x8 src\stm32f10x_it.o
                0x08000f34                BusFault_Handler
 .text.UsageFault_Handler
                0x08000f3c        0x8 src\stm32f10x_it.o
                0x08000f3c                UsageFault_Handler
 .text.SVC_Handler
                0x08000f44        0xc src\stm32f10x_it.o
                0x08000f44                SVC_Handler
 .text.DebugMon_Handler
                0x08000f50        0xc src\stm32f10x_it.o
                0x08000f50                DebugMon_Handler
 .text.PendSV_Handler
                0x08000f5c        0xc src\stm32f10x_it.o
                0x08000f5c                PendSV_Handler
 .text.SysTick_Handler
                0x08000f68        0xc src\stm32f10x_it.o
                0x08000f68                SysTick_Handler
 .text.Reset_Handler
                0x08000f74       0x58 src\startup_stm32f10x_hd.o
                0x08000f74                Reset_Handler
 .text.Default_Handler
                0x08000fcc        0x4 src\startup_stm32f10x_hd.o
                0x08000fcc                TIM8_TRG_COM_IRQHandler
                0x08000fcc                TIM8_CC_IRQHandler
                0x08000fcc                TIM1_CC_IRQHandler
                0x08000fcc                TIM6_IRQHandler
                0x08000fcc                PVD_IRQHandler
                0x08000fcc                SDIO_IRQHandler
                0x08000fcc                EXTI3_IRQHandler
                0x08000fcc                EXTI0_IRQHandler
                0x08000fcc                I2C2_EV_IRQHandler
                0x08000fcc                ADC1_2_IRQHandler
                0x08000fcc                SPI1_IRQHandler
                0x08000fcc                TAMPER_IRQHandler
                0x08000fcc                TIM8_UP_IRQHandler
                0x08000fcc                DMA2_Channel2_IRQHandler
                0x08000fcc                DMA1_Channel4_IRQHandler
                0x08000fcc                USART3_IRQHandler
                0x08000fcc                RTC_IRQHandler
                0x08000fcc                DMA1_Channel7_IRQHandler
                0x08000fcc                CAN1_RX1_IRQHandler
                0x08000fcc                UART5_IRQHandler
                0x08000fcc                ADC3_IRQHandler
                0x08000fcc                TIM4_IRQHandler
                0x08000fcc                DMA2_Channel1_IRQHandler
                0x08000fcc                I2C1_EV_IRQHandler
                0x08000fcc                DMA1_Channel6_IRQHandler
                0x08000fcc                UART4_IRQHandler
                0x08000fcc                TIM3_IRQHandler
                0x08000fcc                RCC_IRQHandler
                0x08000fcc                TIM1_TRG_COM_IRQHandler
                0x08000fcc                DMA1_Channel1_IRQHandler
                0x08000fcc                Default_Handler
                0x08000fcc                EXTI15_10_IRQHandler
                0x08000fcc                TIM7_IRQHandler
                0x08000fcc                TIM5_IRQHandler
                0x08000fcc                EXTI9_5_IRQHandler
                0x08000fcc                SPI2_IRQHandler
                0x08000fcc                DMA1_Channel5_IRQHandler
                0x08000fcc                EXTI4_IRQHandler
                0x08000fcc                USB_LP_CAN1_RX0_IRQHandler
                0x08000fcc                USB_HP_CAN1_TX_IRQHandler
                0x08000fcc                DMA1_Channel3_IRQHandler
                0x08000fcc                FSMC_IRQHandler
                0x08000fcc                TIM1_UP_IRQHandler
                0x08000fcc                WWDG_IRQHandler
                0x08000fcc                TIM2_IRQHandler
                0x08000fcc                TIM1_BRK_IRQHandler
                0x08000fcc                EXTI1_IRQHandler
                0x08000fcc                RTCAlarm_IRQHandler
                0x08000fcc                DMA2_Channel4_5_IRQHandler
                0x08000fcc                USART2_IRQHandler
                0x08000fcc                I2C2_ER_IRQHandler
                0x08000fcc                DMA1_Channel2_IRQHandler
                0x08000fcc                TIM8_BRK_IRQHandler
                0x08000fcc                CAN1_SCE_IRQHandler
                0x08000fcc                FLASH_IRQHandler
                0x08000fcc                USART1_IRQHandler
                0x08000fcc                SPI3_IRQHandler
                0x08000fcc                I2C1_ER_IRQHandler
                0x08000fcc                USBWakeUp_IRQHandler
                0x08000fcc                DMA2_Channel3_IRQHandler
 .text.serialTerminal_Init
                0x08000fd0        0xc src\serial_terminal.o
                0x08000fd0                serialTerminal_Init
 .text.main     0x08000fdc      0x1fc src\main.o
                0x08000fdc                main
 .text.setUpGyro
                0x080011d8       0x10 src\gyro.o
                0x080011d8                setUpGyro
 .text.initSPIgyro
                0x080011e8       0xa4 src\gyro.o
                0x080011e8                initSPIgyro
 .text.spiGyroRegisterSetup
                0x0800128c       0x20 src\gyro.o
                0x0800128c                spiGyroRegisterSetup
 .text.writeSPIgyro
                0x080012ac       0xa4 src\gyro.o
                0x080012ac                writeSPIgyro
 .text.getGyro  0x08001350       0x1c src\gyro.o
                0x08001350                getGyro
 .text.getTemp  0x0800136c       0x2c src\gyro.o
                0x0800136c                getTemp
 .text.setUpADC
                0x08001398       0x98 src\gyro.o
                0x08001398                setUpADC
 .text.readADCtempValue
                0x08001430       0x70 src\gyro.o
                0x08001430                readADCtempValue
 .text.initCRC  0x080014a0       0x18 src\CRC.o
                0x080014a0                initCRC
 .text.buildTable
                0x080014b8       0x74 src\CRC.o
 .text.setUpEcompass
                0x0800152c       0x10 src\AccMag.o
                0x0800152c                setUpEcompass
 .text.initI2CEcompass
                0x0800153c       0x7c src\AccMag.o
                0x0800153c                initI2CEcompass
 .text.initRegistersEcompass
                0x080015b8      0x2a4 src\AccMag.o
                0x080015b8                initRegistersEcompass
 .text.eCompassRead
                0x0800185c      0x10c src\AccMag.o
                0x0800185c                eCompassRead
 .text.eCompassRead2
                0x08001968      0x108 src\AccMag.o
                0x08001968                eCompassRead2
 .text.getAcc   0x08001a70       0x6c src\AccMag.o
                0x08001a70                getAcc
 .text.getMag   0x08001adc       0x70 src\AccMag.o
                0x08001adc                getMag
 .text.SPI_I2S_DeInit
                0x08001b4c       0x74 Libraries\STM32F10x_StdPeriph_Driver\src\stm32f10x_spi.o
                0x08001b4c                SPI_I2S_DeInit
 .text.SPI_Init
                0x08001bc0       0x88 Libraries\STM32F10x_StdPeriph_Driver\src\stm32f10x_spi.o
                0x08001bc0                SPI_Init
 .text.SPI_Cmd  0x08001c48       0x40 Libraries\STM32F10x_StdPeriph_Driver\src\stm32f10x_spi.o
                0x08001c48                SPI_Cmd
 .text.SPI_I2S_SendData
                0x08001c88       0x1c Libraries\STM32F10x_StdPeriph_Driver\src\stm32f10x_spi.o
                0x08001c88                SPI_I2S_SendData
 .text.SPI_I2S_ReceiveData
                0x08001ca4       0x1c Libraries\STM32F10x_StdPeriph_Driver\src\stm32f10x_spi.o
                0x08001ca4                SPI_I2S_ReceiveData
 .text.SPI_I2S_GetFlagStatus
                0x08001cc0       0x38 Libraries\STM32F10x_StdPeriph_Driver\src\stm32f10x_spi.o
                0x08001cc0                SPI_I2S_GetFlagStatus
 .text.RCC_GetClocksFreq
                0x08001cf8      0x164 Libraries\STM32F10x_StdPeriph_Driver\src\stm32f10x_rcc.o
                0x08001cf8                RCC_GetClocksFreq
 .text.RCC_APB2PeriphClockCmd
                0x08001e5c       0x3c Libraries\STM32F10x_StdPeriph_Driver\src\stm32f10x_rcc.o
                0x08001e5c                RCC_APB2PeriphClockCmd
 .text.RCC_APB1PeriphClockCmd
                0x08001e98       0x3c Libraries\STM32F10x_StdPeriph_Driver\src\stm32f10x_rcc.o
                0x08001e98                RCC_APB1PeriphClockCmd
 .text.RCC_APB2PeriphResetCmd
                0x08001ed4       0x3c Libraries\STM32F10x_StdPeriph_Driver\src\stm32f10x_rcc.o
                0x08001ed4                RCC_APB2PeriphResetCmd
 .text.RCC_APB1PeriphResetCmd
                0x08001f10       0x3c Libraries\STM32F10x_StdPeriph_Driver\src\stm32f10x_rcc.o
                0x08001f10                RCC_APB1PeriphResetCmd
 .text.I2C_DeInit
                0x08001f4c       0x44 Libraries\STM32F10x_StdPeriph_Driver\src\stm32f10x_i2c.o
                0x08001f4c                I2C_DeInit
 .text.I2C_Init
                0x08001f90      0x184 Libraries\STM32F10x_StdPeriph_Driver\src\stm32f10x_i2c.o
                0x08001f90                I2C_Init
 .text.I2C_Cmd  0x08002114       0x40 Libraries\STM32F10x_StdPeriph_Driver\src\stm32f10x_i2c.o
                0x08002114                I2C_Cmd
 .text.I2C_GenerateSTART
                0x08002154       0x40 Libraries\STM32F10x_StdPeriph_Driver\src\stm32f10x_i2c.o
                0x08002154                I2C_GenerateSTART
 .text.I2C_GenerateSTOP
                0x08002194       0x40 Libraries\STM32F10x_StdPeriph_Driver\src\stm32f10x_i2c.o
                0x08002194                I2C_GenerateSTOP
 .text.I2C_AcknowledgeConfig
                0x080021d4       0x40 Libraries\STM32F10x_StdPeriph_Driver\src\stm32f10x_i2c.o
                0x080021d4                I2C_AcknowledgeConfig
 .text.I2C_SendData
                0x08002214       0x20 Libraries\STM32F10x_StdPeriph_Driver\src\stm32f10x_i2c.o
                0x08002214                I2C_SendData
 .text.I2C_ReceiveData
                0x08002234       0x1c Libraries\STM32F10x_StdPeriph_Driver\src\stm32f10x_i2c.o
                0x08002234                I2C_ReceiveData
 .text.I2C_Send7bitAddress
                0x08002250       0x3c Libraries\STM32F10x_StdPeriph_Driver\src\stm32f10x_i2c.o
                0x08002250                I2C_Send7bitAddress
 .text.I2C_CheckEvent
                0x0800228c       0x60 Libraries\STM32F10x_StdPeriph_Driver\src\stm32f10x_i2c.o
                0x0800228c                I2C_CheckEvent
 .text.I2C_GetFlagStatus
                0x080022ec       0x68 Libraries\STM32F10x_StdPeriph_Driver\src\stm32f10x_i2c.o
                0x080022ec                I2C_GetFlagStatus
 .text.GPIO_Init
                0x08002354      0x178 Libraries\STM32F10x_StdPeriph_Driver\src\stm32f10x_gpio.o
                0x08002354                GPIO_Init
 .text.GPIO_SetBits
                0x080024cc       0x1c Libraries\STM32F10x_StdPeriph_Driver\src\stm32f10x_gpio.o
                0x080024cc                GPIO_SetBits
 .text.GPIO_ResetBits
                0x080024e8       0x1c Libraries\STM32F10x_StdPeriph_Driver\src\stm32f10x_gpio.o
                0x080024e8                GPIO_ResetBits
 .text.GPIO_EXTILineConfig
                0x08002504       0x7c Libraries\STM32F10x_StdPeriph_Driver\src\stm32f10x_gpio.o
                0x08002504                GPIO_EXTILineConfig
 .text.EXTI_Init
                0x08002580       0xdc Libraries\STM32F10x_StdPeriph_Driver\src\stm32f10x_exti.o
                0x08002580                EXTI_Init
 .text.EXTI_GetITStatus
                0x0800265c       0x48 Libraries\STM32F10x_StdPeriph_Driver\src\stm32f10x_exti.o
                0x0800265c                EXTI_GetITStatus
 .text.EXTI_ClearITPendingBit
                0x080026a4       0x1c Libraries\STM32F10x_StdPeriph_Driver\src\stm32f10x_exti.o
                0x080026a4                EXTI_ClearITPendingBit
 .text.ADC_Init
                0x080026c0       0xa4 Libraries\STM32F10x_StdPeriph_Driver\src\stm32f10x_adc.o
                0x080026c0                ADC_Init
 .text.ADC_Cmd  0x08002764       0x38 Libraries\STM32F10x_StdPeriph_Driver\src\stm32f10x_adc.o
                0x08002764                ADC_Cmd
 .text.ADC_ResetCalibration
                0x0800279c       0x20 Libraries\STM32F10x_StdPeriph_Driver\src\stm32f10x_adc.o
                0x0800279c                ADC_ResetCalibration
 .text.ADC_GetResetCalibrationStatus
                0x080027bc       0x30 Libraries\STM32F10x_StdPeriph_Driver\src\stm32f10x_adc.o
                0x080027bc                ADC_GetResetCalibrationStatus
 .text.ADC_StartCalibration
                0x080027ec       0x20 Libraries\STM32F10x_StdPeriph_Driver\src\stm32f10x_adc.o
                0x080027ec                ADC_StartCalibration
 .text.ADC_GetCalibrationStatus
                0x0800280c       0x30 Libraries\STM32F10x_StdPeriph_Driver\src\stm32f10x_adc.o
                0x0800280c                ADC_GetCalibrationStatus
 .text.ADC_SoftwareStartConvCmd
                0x0800283c       0x38 Libraries\STM32F10x_StdPeriph_Driver\src\stm32f10x_adc.o
                0x0800283c                ADC_SoftwareStartConvCmd
 .text.ADC_RegularChannelConfig
                0x08002874      0x188 Libraries\STM32F10x_StdPeriph_Driver\src\stm32f10x_adc.o
                0x08002874                ADC_RegularChannelConfig
 .text.ADC_GetConversionValue
                0x080029fc       0x1c Libraries\STM32F10x_StdPeriph_Driver\src\stm32f10x_adc.o
                0x080029fc                ADC_GetConversionValue
 .text.ADC_TempSensorVrefintCmd
                0x08002a18       0x38 Libraries\STM32F10x_StdPeriph_Driver\src\stm32f10x_adc.o
                0x08002a18                ADC_TempSensorVrefintCmd
 .text.ADC_GetFlagStatus
                0x08002a50       0x34 Libraries\STM32F10x_StdPeriph_Driver\src\stm32f10x_adc.o
                0x08002a50                ADC_GetFlagStatus
 .text.ADC_ClearFlag
                0x08002a84       0x20 Libraries\STM32F10x_StdPeriph_Driver\src\stm32f10x_adc.o
                0x08002a84                ADC_ClearFlag
 .text.NVIC_Init
                0x08002aa4       0xc0 Libraries\STM32F10x_StdPeriph_Driver\src\misc.o
                0x08002aa4                NVIC_Init
 .text.__libc_init_array
                0x08002b64       0x4c c:/program files (x86)/atollic/truestudio for arm lite 5.2.2/armtools/bin/../lib/gcc/arm-atollic-eabi/4.8.3/../../../../arm-atollic-eabi/lib/armv7-m\libc_s.a(lib_a-init.o)
                0x08002b64                __libc_init_array
 *(.glue_7)
 .glue_7        0x00000000        0x0 linker stubs
 *(.glue_7t)
 .glue_7t       0x00000000        0x0 linker stubs
 *(.eh_frame)
 .eh_frame      0x08002bb0        0x0 c:/program files (x86)/atollic/truestudio for arm lite 5.2.2/armtools/bin/../lib/gcc/arm-atollic-eabi/4.8.3/armv7-m/crtbegin.o
 *(.init)
 .init          0x08002bb0        0x4 c:/program files (x86)/atollic/truestudio for arm lite 5.2.2/armtools/bin/../lib/gcc/arm-atollic-eabi/4.8.3/armv7-m/crti.o
                0x08002bb0                _init
 .init          0x08002bb4        0x8 c:/program files (x86)/atollic/truestudio for arm lite 5.2.2/armtools/bin/../lib/gcc/arm-atollic-eabi/4.8.3/armv7-m/crtn.o
 *(.fini)
 .fini          0x08002bbc        0x4 c:/program files (x86)/atollic/truestudio for arm lite 5.2.2/armtools/bin/../lib/gcc/arm-atollic-eabi/4.8.3/armv7-m/crti.o
                0x08002bbc                _fini
 .fini          0x08002bc0        0x8 c:/program files (x86)/atollic/truestudio for arm lite 5.2.2/armtools/bin/../lib/gcc/arm-atollic-eabi/4.8.3/armv7-m/crtn.o
                0x08002bc8                . = ALIGN (0x4)
                0x08002bc8                _etext = .

.vfp11_veneer   0x08002bc8        0x0
 .vfp11_veneer  0x00000000        0x0 linker stubs

.v4_bx          0x08002bc8        0x0
 .v4_bx         0x00000000        0x0 linker stubs

.iplt           0x08002bc8        0x0
 .iplt          0x00000000        0x0 c:/program files (x86)/atollic/truestudio for arm lite 5.2.2/armtools/bin/../lib/gcc/arm-atollic-eabi/4.8.3/armv7-m/crtbegin.o

.rel.dyn        0x08002bc8        0x0
 .rel.iplt      0x00000000        0x0 c:/program files (x86)/atollic/truestudio for arm lite 5.2.2/armtools/bin/../lib/gcc/arm-atollic-eabi/4.8.3/armv7-m/crtbegin.o

.rodata         0x08002bc8        0x0
                0x08002bc8                . = ALIGN (0x4)
 *(.rodata)
 *(.rodata*)
                0x08002bc8                . = ALIGN (0x4)

.ARM.extab
 *(.ARM.extab* .gnu.linkonce.armextab.*)

.ARM            0x08002bc8        0x0
                0x08002bc8                __exidx_start = .
 *(.ARM.exidx*)
                0x08002bc8                __exidx_end = .

.preinit_array  0x08002bc8        0x0
                0x08002bc8                PROVIDE (__preinit_array_start, .)
 *(.preinit_array*)
                0x08002bc8                PROVIDE (__preinit_array_end, .)

.init_array     0x08002bc8        0x4
                0x08002bc8                PROVIDE (__init_array_start, .)
 *(SORT(.init_array.*))
 *(.init_array*)
 .init_array    0x08002bc8        0x4 c:/program files (x86)/atollic/truestudio for arm lite 5.2.2/armtools/bin/../lib/gcc/arm-atollic-eabi/4.8.3/armv7-m/crtbegin.o
                0x08002bcc                PROVIDE (__init_array_end, .)

.fini_array     0x08002bcc        0x4
                0x08002bcc                PROVIDE (__fini_array_start, .)
 *(SORT(.fini_array.*))
 *(.fini_array*)
 .fini_array    0x08002bcc        0x4 c:/program files (x86)/atollic/truestudio for arm lite 5.2.2/armtools/bin/../lib/gcc/arm-atollic-eabi/4.8.3/armv7-m/crtbegin.o
                0x08002bd0                PROVIDE (__fini_array_end, .)
                0x08002bd0                _sidata = LOADADDR (.data)

.data           0x20000000       0x18 load address 0x08002bd0
                0x20000000                . = ALIGN (0x4)
                0x20000000                _sdata = .
 *(.data)
 *(.data*)
 .data.responseCode
                0x20000000        0x1 src\main.o
                0x20000000                responseCode
 *fill*         0x20000001        0x3 
 .data.APBAHBPrescTable
                0x20000004       0x10 Libraries\STM32F10x_StdPeriph_Driver\src\stm32f10x_rcc.o
 .data.ADCPrescTable
                0x20000014        0x4 Libraries\STM32F10x_StdPeriph_Driver\src\stm32f10x_rcc.o
                0x20000018                . = ALIGN (0x4)
                0x20000018                _edata = .

.igot.plt       0x20000018        0x0 load address 0x08002be8
 .igot.plt      0x00000000        0x0 c:/program files (x86)/atollic/truestudio for arm lite 5.2.2/armtools/bin/../lib/gcc/arm-atollic-eabi/4.8.3/armv7-m/crtbegin.o
                0x20000018                . = ALIGN (0x4)

.bss            0x20000018      0x5a8 load address 0x08002be8
                0x20000018                _sbss = .
                0x20000018                __bss_start__ = _sbss
 *(.bss)
 .bss           0x20000018       0x1c c:/program files (x86)/atollic/truestudio for arm lite 5.2.2/armtools/bin/../lib/gcc/arm-atollic-eabi/4.8.3/armv7-m/crtbegin.o
 *(.bss*)
 .bss.crcTable  0x20000034      0x400 src\CRC.o
 .bss.currentCRC
                0x20000434        0x4 src\CRC.o
 *(COMMON)
 COMMON         0x20000438      0x17d src\wirelessComms.o
                0x20000438                gyro8
                0x20000440                t
                0x200004cc                Tx_chars
                0x200004ce                recVal
                0x200004d0                p
                0x200004d4                dataTXdata
                0x200004e8                dataS4
                0x2000050c                dataS2
                0x20000530                temp8
                0x20000534                dataTXtemp
                0x20000536                lengthS1
                0x20000538                dataS3
                0x2000055c                dataS1
                0x20000580                mag8
                0x20000586                dum
                0x20000588                acc8
                0x20000590                TxBuff
                0x200005b4                dataRXPacket
 *fill*         0x200005b5        0x1 
 COMMON         0x200005b6        0x9 src\stm32f10x_it.o
                0x200005b6                Avg_Slope
                0x200005b8                V25
                0x200005ba                AD_value
                0x200005bc                TemperatureC
                0x200005be                proceed
                0x200005c0                . = ALIGN (0x4)
 *fill*         0x200005bf        0x1 
                0x200005c0                _ebss = .
                0x200005c0                __bss_end__ = _ebss

._user_heap_stack
                0x200005c0      0x200 load address 0x08002be8
                0x200005c0                . = ALIGN (0x4)
                0x200005c0                PROVIDE (end, .)
                0x200005c0                PROVIDE (_end, .)
                0x200005c0                . = (. + _Min_Heap_Size)
                0x200007c0                . = (. + _Min_Stack_Size)
 *fill*         0x200005c0      0x200 
                0x200007c0                . = ALIGN (0x4)

.memory_b1_text
 *(.mb1text)
 *(.mb1text*)
 *(.mb1rodata)
 *(.mb1rodata*)

/DISCARD/
 libc.a(*)
 libm.a(*)
 libgcc.a(*)

.ARM.attributes
                0x00000000       0x29
 *(.ARM.attributes)
 .ARM.attributes
                0x00000000       0x1d c:/program files (x86)/atollic/truestudio for arm lite 5.2.2/armtools/bin/../lib/gcc/arm-atollic-eabi/4.8.3/armv7-m/crti.o
 .ARM.attributes
                0x0000001d       0x2d c:/program files (x86)/atollic/truestudio for arm lite 5.2.2/armtools/bin/../lib/gcc/arm-atollic-eabi/4.8.3/armv7-m/crtbegin.o
 .ARM.attributes
                0x0000004a       0x33 src\wirelessComms.o
 .ARM.attributes
                0x0000007d       0x33 src\system_stm32f10x.o
 .ARM.attributes
                0x000000b0       0x33 src\stm32f10x_it.o
 .ARM.attributes
                0x000000e3       0x21 src\startup_stm32f10x_hd.o
 .ARM.attributes
                0x00000104       0x33 src\serial_terminal.o
 .ARM.attributes
                0x00000137       0x33 src\main.o
 .ARM.attributes
                0x0000016a       0x33 src\gyro.o
 .ARM.attributes
                0x0000019d       0x33 src\CRC.o
 .ARM.attributes
                0x000001d0       0x33 src\AccMag.o
 .ARM.attributes
                0x00000203       0x33 Libraries\STM32F10x_StdPeriph_Driver\src\stm32f10x_spi.o
 .ARM.attributes
                0x00000236       0x33 Libraries\STM32F10x_StdPeriph_Driver\src\stm32f10x_rcc.o
 .ARM.attributes
                0x00000269       0x33 Libraries\STM32F10x_StdPeriph_Driver\src\stm32f10x_i2c.o
 .ARM.attributes
                0x0000029c       0x33 Libraries\STM32F10x_StdPeriph_Driver\src\stm32f10x_gpio.o
 .ARM.attributes
                0x000002cf       0x33 Libraries\STM32F10x_StdPeriph_Driver\src\stm32f10x_exti.o
 .ARM.attributes
                0x00000302       0x33 Libraries\STM32F10x_StdPeriph_Driver\src\stm32f10x_adc.o
 .ARM.attributes
                0x00000335       0x33 Libraries\STM32F10x_StdPeriph_Driver\src\misc.o
 .ARM.attributes
                0x00000368       0x2d c:/program files (x86)/atollic/truestudio for arm lite 5.2.2/armtools/bin/../lib/gcc/arm-atollic-eabi/4.8.3/../../../../arm-atollic-eabi/lib/armv7-m\libc_s.a(lib_a-init.o)
 .ARM.attributes
                0x00000395       0x1d c:/program files (x86)/atollic/truestudio for arm lite 5.2.2/armtools/bin/../lib/gcc/arm-atollic-eabi/4.8.3/armv7-m/crtn.o
OUTPUT(tailSensorSPI.elf elf32-littlearm)

.debug_info     0x00000000     0x61cc
 .debug_info    0x00000000      0xb21 src\wirelessComms.o
 .debug_info    0x00000b21      0x47d src\system_stm32f10x.o
 .debug_info    0x00000f9e      0x349 src\stm32f10x_it.o
 .debug_info    0x000012e7       0x9f src\startup_stm32f10x_hd.o
 .debug_info    0x00001386      0x333 src\serial_terminal.o
 .debug_info    0x000016b9      0x4dd src\main.o
 .debug_info    0x00001b96      0x77b src\gyro.o
 .debug_info    0x00002311      0x1bf src\CRC.o
 .debug_info    0x000024d0      0x587 src\AccMag.o
 .debug_info    0x00002a57      0x8f7 Libraries\STM32F10x_StdPeriph_Driver\src\stm32f10x_spi.o
 .debug_info    0x0000334e      0x891 Libraries\STM32F10x_StdPeriph_Driver\src\stm32f10x_rcc.o
 .debug_info    0x00003bdf      0xb04 Libraries\STM32F10x_StdPeriph_Driver\src\stm32f10x_i2c.o
 .debug_info    0x000046e3      0x6eb Libraries\STM32F10x_StdPeriph_Driver\src\stm32f10x_gpio.o
 .debug_info    0x00004dce      0x345 Libraries\STM32F10x_StdPeriph_Driver\src\stm32f10x_exti.o
 .debug_info    0x00005113      0xb78 Libraries\STM32F10x_StdPeriph_Driver\src\stm32f10x_adc.o
 .debug_info    0x00005c8b      0x541 Libraries\STM32F10x_StdPeriph_Driver\src\misc.o

.debug_abbrev   0x00000000     0x162c
 .debug_abbrev  0x00000000      0x24c src\wirelessComms.o
 .debug_abbrev  0x0000024c      0x14e src\system_stm32f10x.o
 .debug_abbrev  0x0000039a       0x9b src\stm32f10x_it.o
 .debug_abbrev  0x00000435       0x12 src\startup_stm32f10x_hd.o
 .debug_abbrev  0x00000447      0x121 src\serial_terminal.o
 .debug_abbrev  0x00000568      0x190 src\main.o
 .debug_abbrev  0x000006f8      0x219 src\gyro.o
 .debug_abbrev  0x00000911       0xce src\CRC.o
 .debug_abbrev  0x000009df      0x1ad src\AccMag.o
 .debug_abbrev  0x00000b8c      0x180 Libraries\STM32F10x_StdPeriph_Driver\src\stm32f10x_spi.o
 .debug_abbrev  0x00000d0c      0x1bc Libraries\STM32F10x_StdPeriph_Driver\src\stm32f10x_rcc.o
 .debug_abbrev  0x00000ec8      0x166 Libraries\STM32F10x_StdPeriph_Driver\src\stm32f10x_i2c.o
 .debug_abbrev  0x0000102e      0x1ca Libraries\STM32F10x_StdPeriph_Driver\src\stm32f10x_gpio.o
 .debug_abbrev  0x000011f8      0x153 Libraries\STM32F10x_StdPeriph_Driver\src\stm32f10x_exti.o
 .debug_abbrev  0x0000134b      0x19a Libraries\STM32F10x_StdPeriph_Driver\src\stm32f10x_adc.o
 .debug_abbrev  0x000014e5      0x147 Libraries\STM32F10x_StdPeriph_Driver\src\misc.o

.debug_aranges  0x00000000      0x830
 .debug_aranges
                0x00000000       0xa0 src\wirelessComms.o
 .debug_aranges
                0x000000a0       0x38 src\system_stm32f10x.o
 .debug_aranges
                0x000000d8       0x60 src\stm32f10x_it.o
 .debug_aranges
                0x00000138       0x28 src\startup_stm32f10x_hd.o
 .debug_aranges
                0x00000160       0x28 src\serial_terminal.o
 .debug_aranges
                0x00000188       0x30 src\main.o
 .debug_aranges
                0x000001b8       0x68 src\gyro.o
 .debug_aranges
                0x00000220       0x30 src\CRC.o
 .debug_aranges
                0x00000250       0x60 src\AccMag.o
 .debug_aranges
                0x000002b0       0xd0 Libraries\STM32F10x_StdPeriph_Driver\src\stm32f10x_spi.o
 .debug_aranges
                0x00000380      0x118 Libraries\STM32F10x_StdPeriph_Driver\src\stm32f10x_rcc.o
 .debug_aranges
                0x00000498      0x120 Libraries\STM32F10x_StdPeriph_Driver\src\stm32f10x_i2c.o
 .debug_aranges
                0x000005b8       0xa8 Libraries\STM32F10x_StdPeriph_Driver\src\stm32f10x_gpio.o
 .debug_aranges
                0x00000660       0x58 Libraries\STM32F10x_StdPeriph_Driver\src\stm32f10x_exti.o
 .debug_aranges
                0x000006b8      0x138 Libraries\STM32F10x_StdPeriph_Driver\src\stm32f10x_adc.o
 .debug_aranges
                0x000007f0       0x40 Libraries\STM32F10x_StdPeriph_Driver\src\misc.o

.debug_ranges   0x00000000      0x738
 .debug_ranges  0x00000000       0x90 src\wirelessComms.o
 .debug_ranges  0x00000090       0x28 src\system_stm32f10x.o
 .debug_ranges  0x000000b8       0x50 src\stm32f10x_it.o
 .debug_ranges  0x00000108       0x20 src\startup_stm32f10x_hd.o
 .debug_ranges  0x00000128       0x18 src\serial_terminal.o
 .debug_ranges  0x00000140       0x20 src\main.o
 .debug_ranges  0x00000160       0x58 src\gyro.o
 .debug_ranges  0x000001b8       0x20 src\CRC.o
 .debug_ranges  0x000001d8       0x50 src\AccMag.o
 .debug_ranges  0x00000228       0xc0 Libraries\STM32F10x_StdPeriph_Driver\src\stm32f10x_spi.o
 .debug_ranges  0x000002e8      0x108 Libraries\STM32F10x_StdPeriph_Driver\src\stm32f10x_rcc.o
 .debug_ranges  0x000003f0      0x110 Libraries\STM32F10x_StdPeriph_Driver\src\stm32f10x_i2c.o
 .debug_ranges  0x00000500       0x98 Libraries\STM32F10x_StdPeriph_Driver\src\stm32f10x_gpio.o
 .debug_ranges  0x00000598       0x48 Libraries\STM32F10x_StdPeriph_Driver\src\stm32f10x_exti.o
 .debug_ranges  0x000005e0      0x128 Libraries\STM32F10x_StdPeriph_Driver\src\stm32f10x_adc.o
 .debug_ranges  0x00000708       0x30 Libraries\STM32F10x_StdPeriph_Driver\src\misc.o

.debug_line     0x00000000     0x363e
 .debug_line    0x00000000      0x7c6 src\wirelessComms.o
 .debug_line    0x000007c6      0x226 src\system_stm32f10x.o
 .debug_line    0x000009ec      0x240 src\stm32f10x_it.o
 .debug_line    0x00000c2c       0x7c src\startup_stm32f10x_hd.o
 .debug_line    0x00000ca8      0x226 src\serial_terminal.o
 .debug_line    0x00000ece      0x2f2 src\main.o
 .debug_line    0x000011c0      0x341 src\gyro.o
 .debug_line    0x00001501      0x17c src\CRC.o
 .debug_line    0x0000167d      0x465 src\AccMag.o
 .debug_line    0x00001ae2      0x41f Libraries\STM32F10x_StdPeriph_Driver\src\stm32f10x_spi.o
 .debug_line    0x00001f01      0x4ba Libraries\STM32F10x_StdPeriph_Driver\src\stm32f10x_rcc.o
 .debug_line    0x000023bb      0x4d4 Libraries\STM32F10x_StdPeriph_Driver\src\stm32f10x_i2c.o
 .debug_line    0x0000288f      0x3ac Libraries\STM32F10x_StdPeriph_Driver\src\stm32f10x_gpio.o
 .debug_line    0x00002c3b      0x2a2 Libraries\STM32F10x_StdPeriph_Driver\src\stm32f10x_exti.o
 .debug_line    0x00002edd      0x51f Libraries\STM32F10x_StdPeriph_Driver\src\stm32f10x_adc.o
 .debug_line    0x000033fc      0x242 Libraries\STM32F10x_StdPeriph_Driver\src\misc.o

.debug_str      0x00000000     0x24b8
 .debug_str     0x00000000      0xa96 src\wirelessComms.o
                                0xb08 (size before relaxing)
 .debug_str     0x00000a96      0x144 src\system_stm32f10x.o
                                0x346 (size before relaxing)
 .debug_str     0x00000bda       0xce src\stm32f10x_it.o
                                0x30e (size before relaxing)
 .debug_str     0x00000ca8      0x191 src\serial_terminal.o
                                0x396 (size before relaxing)
 .debug_str     0x00000e39       0x4c src\main.o
                                0x409 (size before relaxing)
 .debug_str     0x00000e85      0x18f src\gyro.o
                                0x621 (size before relaxing)
 .debug_str     0x00001014       0x6e src\CRC.o
                                0x235 (size before relaxing)
 .debug_str     0x00001082      0x147 src\AccMag.o
                                0x4dd (size before relaxing)
 .debug_str     0x000011c9      0x355 Libraries\STM32F10x_StdPeriph_Driver\src\stm32f10x_spi.o
                                0x678 (size before relaxing)
 .debug_str     0x0000151e      0x375 Libraries\STM32F10x_StdPeriph_Driver\src\stm32f10x_rcc.o
                                0x695 (size before relaxing)
 .debug_str     0x00001893      0x33a Libraries\STM32F10x_StdPeriph_Driver\src\stm32f10x_i2c.o
                                0x6e1 (size before relaxing)
 .debug_str     0x00001bcd      0x24a Libraries\STM32F10x_StdPeriph_Driver\src\stm32f10x_gpio.o
                                0x594 (size before relaxing)
 .debug_str     0x00001e17       0xf3 Libraries\STM32F10x_StdPeriph_Driver\src\stm32f10x_exti.o
                                0x3c4 (size before relaxing)
 .debug_str     0x00001f0a      0x461 Libraries\STM32F10x_StdPeriph_Driver\src\stm32f10x_adc.o
                                0x776 (size before relaxing)
 .debug_str     0x0000236b      0x14d Libraries\STM32F10x_StdPeriph_Driver\src\misc.o
                                0x439 (size before relaxing)

.comment        0x00000000       0x83
 .comment       0x00000000       0x83 src\wirelessComms.o
                                 0x84 (size before relaxing)
 .comment       0x00000000       0x84 src\system_stm32f10x.o
 .comment       0x00000000       0x84 src\stm32f10x_it.o
 .comment       0x00000000       0x84 src\serial_terminal.o
 .comment       0x00000000       0x84 src\main.o
 .comment       0x00000000       0x84 src\gyro.o
 .comment       0x00000000       0x84 src\CRC.o
 .comment       0x00000000       0x84 src\AccMag.o
 .comment       0x00000000       0x84 Libraries\STM32F10x_StdPeriph_Driver\src\stm32f10x_spi.o
 .comment       0x00000000       0x84 Libraries\STM32F10x_StdPeriph_Driver\src\stm32f10x_rcc.o
 .comment       0x00000000       0x84 Libraries\STM32F10x_StdPeriph_Driver\src\stm32f10x_i2c.o
 .comment       0x00000000       0x84 Libraries\STM32F10x_StdPeriph_Driver\src\stm32f10x_gpio.o
 .comment       0x00000000       0x84 Libraries\STM32F10x_StdPeriph_Driver\src\stm32f10x_exti.o
 .comment       0x00000000       0x84 Libraries\STM32F10x_StdPeriph_Driver\src\stm32f10x_adc.o
 .comment       0x00000000       0x84 Libraries\STM32F10x_StdPeriph_Driver\src\misc.o

.debug_frame    0x00000000     0x1890
 .debug_frame   0x00000000      0x20c src\wirelessComms.o
 .debug_frame   0x0000020c       0x80 src\system_stm32f10x.o
 .debug_frame   0x0000028c       0xe8 src\stm32f10x_it.o
 .debug_frame   0x00000374       0x4c src\serial_terminal.o
 .debug_frame   0x000003c0       0x6c src\main.o
 .debug_frame   0x0000042c      0x13c src\gyro.o
 .debug_frame   0x00000568       0x64 src\CRC.o
 .debug_frame   0x000005cc      0x128 src\AccMag.o
 .debug_frame   0x000006f4      0x29c Libraries\STM32F10x_StdPeriph_Driver\src\stm32f10x_spi.o
 .debug_frame   0x00000990      0x388 Libraries\STM32F10x_StdPeriph_Driver\src\stm32f10x_rcc.o
 .debug_frame   0x00000d18      0x3b4 Libraries\STM32F10x_StdPeriph_Driver\src\stm32f10x_i2c.o
 .debug_frame   0x000010cc      0x210 Libraries\STM32F10x_StdPeriph_Driver\src\stm32f10x_gpio.o
 .debug_frame   0x000012dc       0xec Libraries\STM32F10x_StdPeriph_Driver\src\stm32f10x_exti.o
 .debug_frame   0x000013c8      0x400 Libraries\STM32F10x_StdPeriph_Driver\src\stm32f10x_adc.o
 .debug_frame   0x000017c8       0x9c Libraries\STM32F10x_StdPeriph_Driver\src\misc.o
 .debug_frame   0x00001864       0x2c c:/program files (x86)/atollic/truestudio for arm lite 5.2.2/armtools/bin/../lib/gcc/arm-atollic-eabi/4.8.3/../../../../arm-atollic-eabi/lib/armv7-m\libc_s.a(lib_a-init.o)

Cross Reference Table

Symbol                                            File
ADC1_2_IRQHandler                                 src\startup_stm32f10x_hd.o
ADC3_IRQHandler                                   src\startup_stm32f10x_hd.o
ADC_AnalogWatchdogCmd                             Libraries\STM32F10x_StdPeriph_Driver\src\stm32f10x_adc.o
ADC_AnalogWatchdogSingleChannelConfig             Libraries\STM32F10x_StdPeriph_Driver\src\stm32f10x_adc.o
ADC_AnalogWatchdogThresholdsConfig                Libraries\STM32F10x_StdPeriph_Driver\src\stm32f10x_adc.o
ADC_AutoInjectedConvCmd                           Libraries\STM32F10x_StdPeriph_Driver\src\stm32f10x_adc.o
ADC_ClearFlag                                     Libraries\STM32F10x_StdPeriph_Driver\src\stm32f10x_adc.o
                                                  src\gyro.o
ADC_ClearITPendingBit                             Libraries\STM32F10x_StdPeriph_Driver\src\stm32f10x_adc.o
ADC_Cmd                                           Libraries\STM32F10x_StdPeriph_Driver\src\stm32f10x_adc.o
                                                  src\gyro.o
ADC_DMACmd                                        Libraries\STM32F10x_StdPeriph_Driver\src\stm32f10x_adc.o
ADC_DeInit                                        Libraries\STM32F10x_StdPeriph_Driver\src\stm32f10x_adc.o
ADC_DiscModeChannelCountConfig                    Libraries\STM32F10x_StdPeriph_Driver\src\stm32f10x_adc.o
ADC_DiscModeCmd                                   Libraries\STM32F10x_StdPeriph_Driver\src\stm32f10x_adc.o
ADC_ExternalTrigConvCmd                           Libraries\STM32F10x_StdPeriph_Driver\src\stm32f10x_adc.o
ADC_ExternalTrigInjectedConvCmd                   Libraries\STM32F10x_StdPeriph_Driver\src\stm32f10x_adc.o
ADC_ExternalTrigInjectedConvConfig                Libraries\STM32F10x_StdPeriph_Driver\src\stm32f10x_adc.o
ADC_GetCalibrationStatus                          Libraries\STM32F10x_StdPeriph_Driver\src\stm32f10x_adc.o
                                                  src\gyro.o
ADC_GetConversionValue                            Libraries\STM32F10x_StdPeriph_Driver\src\stm32f10x_adc.o
                                                  src\gyro.o
ADC_GetDualModeConversionValue                    Libraries\STM32F10x_StdPeriph_Driver\src\stm32f10x_adc.o
ADC_GetFlagStatus                                 Libraries\STM32F10x_StdPeriph_Driver\src\stm32f10x_adc.o
                                                  src\gyro.o
ADC_GetITStatus                                   Libraries\STM32F10x_StdPeriph_Driver\src\stm32f10x_adc.o
ADC_GetInjectedConversionValue                    Libraries\STM32F10x_StdPeriph_Driver\src\stm32f10x_adc.o
ADC_GetResetCalibrationStatus                     Libraries\STM32F10x_StdPeriph_Driver\src\stm32f10x_adc.o
                                                  src\gyro.o
ADC_GetSoftwareStartConvStatus                    Libraries\STM32F10x_StdPeriph_Driver\src\stm32f10x_adc.o
ADC_GetSoftwareStartInjectedConvCmdStatus         Libraries\STM32F10x_StdPeriph_Driver\src\stm32f10x_adc.o
ADC_ITConfig                                      Libraries\STM32F10x_StdPeriph_Driver\src\stm32f10x_adc.o
ADC_Init                                          Libraries\STM32F10x_StdPeriph_Driver\src\stm32f10x_adc.o
                                                  src\gyro.o
ADC_InjectedChannelConfig                         Libraries\STM32F10x_StdPeriph_Driver\src\stm32f10x_adc.o
ADC_InjectedDiscModeCmd                           Libraries\STM32F10x_StdPeriph_Driver\src\stm32f10x_adc.o
ADC_InjectedSequencerLengthConfig                 Libraries\STM32F10x_StdPeriph_Driver\src\stm32f10x_adc.o
ADC_RegularChannelConfig                          Libraries\STM32F10x_StdPeriph_Driver\src\stm32f10x_adc.o
                                                  src\gyro.o
ADC_ResetCalibration                              Libraries\STM32F10x_StdPeriph_Driver\src\stm32f10x_adc.o
                                                  src\gyro.o
ADC_SetInjectedOffset                             Libraries\STM32F10x_StdPeriph_Driver\src\stm32f10x_adc.o
ADC_SoftwareStartConvCmd                          Libraries\STM32F10x_StdPeriph_Driver\src\stm32f10x_adc.o
                                                  src\gyro.o
ADC_SoftwareStartInjectedConvCmd                  Libraries\STM32F10x_StdPeriph_Driver\src\stm32f10x_adc.o
ADC_StartCalibration                              Libraries\STM32F10x_StdPeriph_Driver\src\stm32f10x_adc.o
                                                  src\gyro.o
ADC_StructInit                                    Libraries\STM32F10x_StdPeriph_Driver\src\stm32f10x_adc.o
ADC_TempSensorVrefintCmd                          Libraries\STM32F10x_StdPeriph_Driver\src\stm32f10x_adc.o
                                                  src\gyro.o
AD_value                                          src\control.o
                                                  src\gyro.o
                                                  src\main.o
                                                  src\stm32f10x_it.o
AHBPrescTable                                     src\system_stm32f10x.o
Avg_Slope                                         src\control.o
                                                  src\gyro.o
                                                  src\main.o
                                                  src\stm32f10x_it.o
BKP_ClearFlag                                     Libraries\STM32F10x_StdPeriph_Driver\src\stm32f10x_bkp.o
BKP_ClearITPendingBit                             Libraries\STM32F10x_StdPeriph_Driver\src\stm32f10x_bkp.o
BKP_DeInit                                        Libraries\STM32F10x_StdPeriph_Driver\src\stm32f10x_bkp.o
BKP_GetFlagStatus                                 Libraries\STM32F10x_StdPeriph_Driver\src\stm32f10x_bkp.o
BKP_GetITStatus                                   Libraries\STM32F10x_StdPeriph_Driver\src\stm32f10x_bkp.o
BKP_ITConfig                                      Libraries\STM32F10x_StdPeriph_Driver\src\stm32f10x_bkp.o
BKP_RTCOutputConfig                               Libraries\STM32F10x_StdPeriph_Driver\src\stm32f10x_bkp.o
BKP_ReadBackupRegister                            Libraries\STM32F10x_StdPeriph_Driver\src\stm32f10x_bkp.o
BKP_SetRTCCalibrationValue                        Libraries\STM32F10x_StdPeriph_Driver\src\stm32f10x_bkp.o
BKP_TamperPinCmd                                  Libraries\STM32F10x_StdPeriph_Driver\src\stm32f10x_bkp.o
BKP_TamperPinLevelConfig                          Libraries\STM32F10x_StdPeriph_Driver\src\stm32f10x_bkp.o
BKP_WriteBackupRegister                           Libraries\STM32F10x_StdPeriph_Driver\src\stm32f10x_bkp.o
BusFault_Handler                                  src\stm32f10x_it.o
CAN1_RX1_IRQHandler                               src\startup_stm32f10x_hd.o
CAN1_SCE_IRQHandler                               src\startup_stm32f10x_hd.o
CAN_CancelTransmit                                Libraries\STM32F10x_StdPeriph_Driver\src\stm32f10x_can.o
CAN_ClearFlag                                     Libraries\STM32F10x_StdPeriph_Driver\src\stm32f10x_can.o
CAN_ClearITPendingBit                             Libraries\STM32F10x_StdPeriph_Driver\src\stm32f10x_can.o
CAN_DBGFreeze                                     Libraries\STM32F10x_StdPeriph_Driver\src\stm32f10x_can.o
CAN_DeInit                                        Libraries\STM32F10x_StdPeriph_Driver\src\stm32f10x_can.o
CAN_FIFORelease                                   Libraries\STM32F10x_StdPeriph_Driver\src\stm32f10x_can.o
CAN_FilterInit                                    Libraries\STM32F10x_StdPeriph_Driver\src\stm32f10x_can.o
CAN_GetFlagStatus                                 Libraries\STM32F10x_StdPeriph_Driver\src\stm32f10x_can.o
CAN_GetITStatus                                   Libraries\STM32F10x_StdPeriph_Driver\src\stm32f10x_can.o
CAN_GetLSBTransmitErrorCounter                    Libraries\STM32F10x_StdPeriph_Driver\src\stm32f10x_can.o
CAN_GetLastErrorCode                              Libraries\STM32F10x_StdPeriph_Driver\src\stm32f10x_can.o
CAN_GetReceiveErrorCounter                        Libraries\STM32F10x_StdPeriph_Driver\src\stm32f10x_can.o
CAN_ITConfig                                      Libraries\STM32F10x_StdPeriph_Driver\src\stm32f10x_can.o
CAN_Init                                          Libraries\STM32F10x_StdPeriph_Driver\src\stm32f10x_can.o
CAN_MessagePending                                Libraries\STM32F10x_StdPeriph_Driver\src\stm32f10x_can.o
CAN_OperatingModeRequest                          Libraries\STM32F10x_StdPeriph_Driver\src\stm32f10x_can.o
CAN_Receive                                       Libraries\STM32F10x_StdPeriph_Driver\src\stm32f10x_can.o
CAN_SlaveStartBank                                Libraries\STM32F10x_StdPeriph_Driver\src\stm32f10x_can.o
CAN_Sleep                                         Libraries\STM32F10x_StdPeriph_Driver\src\stm32f10x_can.o
CAN_StructInit                                    Libraries\STM32F10x_StdPeriph_Driver\src\stm32f10x_can.o
CAN_TTComModeCmd                                  Libraries\STM32F10x_StdPeriph_Driver\src\stm32f10x_can.o
CAN_Transmit                                      Libraries\STM32F10x_StdPeriph_Driver\src\stm32f10x_can.o
CAN_TransmitStatus                                Libraries\STM32F10x_StdPeriph_Driver\src\stm32f10x_can.o
CAN_WakeUp                                        Libraries\STM32F10x_StdPeriph_Driver\src\stm32f10x_can.o
CEC_ClearFlag                                     Libraries\STM32F10x_StdPeriph_Driver\src\stm32f10x_cec.o
CEC_ClearITPendingBit                             Libraries\STM32F10x_StdPeriph_Driver\src\stm32f10x_cec.o
CEC_Cmd                                           Libraries\STM32F10x_StdPeriph_Driver\src\stm32f10x_cec.o
CEC_DeInit                                        Libraries\STM32F10x_StdPeriph_Driver\src\stm32f10x_cec.o
CEC_EndOfMessageCmd                               Libraries\STM32F10x_StdPeriph_Driver\src\stm32f10x_cec.o
CEC_GetFlagStatus                                 Libraries\STM32F10x_StdPeriph_Driver\src\stm32f10x_cec.o
CEC_GetITStatus                                   Libraries\STM32F10x_StdPeriph_Driver\src\stm32f10x_cec.o
CEC_ITConfig                                      Libraries\STM32F10x_StdPeriph_Driver\src\stm32f10x_cec.o
CEC_Init                                          Libraries\STM32F10x_StdPeriph_Driver\src\stm32f10x_cec.o
CEC_OwnAddressConfig                              Libraries\STM32F10x_StdPeriph_Driver\src\stm32f10x_cec.o
CEC_ReceiveDataByte                               Libraries\STM32F10x_StdPeriph_Driver\src\stm32f10x_cec.o
CEC_SendDataByte                                  Libraries\STM32F10x_StdPeriph_Driver\src\stm32f10x_cec.o
CEC_SetPrescaler                                  Libraries\STM32F10x_StdPeriph_Driver\src\stm32f10x_cec.o
CEC_StartOfMessage                                Libraries\STM32F10x_StdPeriph_Driver\src\stm32f10x_cec.o
CRC_CalcBlockCRC                                  Libraries\STM32F10x_StdPeriph_Driver\src\stm32f10x_crc.o
CRC_CalcCRC                                       Libraries\STM32F10x_StdPeriph_Driver\src\stm32f10x_crc.o
CRC_GetCRC                                        Libraries\STM32F10x_StdPeriph_Driver\src\stm32f10x_crc.o
CRC_GetIDRegister                                 Libraries\STM32F10x_StdPeriph_Driver\src\stm32f10x_crc.o
CRC_ResetDR                                       Libraries\STM32F10x_StdPeriph_Driver\src\stm32f10x_crc.o
CRC_SetIDRegister                                 Libraries\STM32F10x_StdPeriph_Driver\src\stm32f10x_crc.o
DAC_Cmd                                           Libraries\STM32F10x_StdPeriph_Driver\src\stm32f10x_dac.o
DAC_DMACmd                                        Libraries\STM32F10x_StdPeriph_Driver\src\stm32f10x_dac.o
DAC_DeInit                                        Libraries\STM32F10x_StdPeriph_Driver\src\stm32f10x_dac.o
DAC_DualSoftwareTriggerCmd                        Libraries\STM32F10x_StdPeriph_Driver\src\stm32f10x_dac.o
DAC_GetDataOutputValue                            Libraries\STM32F10x_StdPeriph_Driver\src\stm32f10x_dac.o
DAC_Init                                          Libraries\STM32F10x_StdPeriph_Driver\src\stm32f10x_dac.o
DAC_SetChannel1Data                               Libraries\STM32F10x_StdPeriph_Driver\src\stm32f10x_dac.o
DAC_SetChannel2Data                               Libraries\STM32F10x_StdPeriph_Driver\src\stm32f10x_dac.o
DAC_SetDualChannelData                            Libraries\STM32F10x_StdPeriph_Driver\src\stm32f10x_dac.o
DAC_SoftwareTriggerCmd                            Libraries\STM32F10x_StdPeriph_Driver\src\stm32f10x_dac.o
DAC_StructInit                                    Libraries\STM32F10x_StdPeriph_Driver\src\stm32f10x_dac.o
DAC_WaveGenerationCmd                             Libraries\STM32F10x_StdPeriph_Driver\src\stm32f10x_dac.o
DBGMCU_Config                                     Libraries\STM32F10x_StdPeriph_Driver\src\stm32f10x_dbgmcu.o
DBGMCU_GetDEVID                                   Libraries\STM32F10x_StdPeriph_Driver\src\stm32f10x_dbgmcu.o
DBGMCU_GetREVID                                   Libraries\STM32F10x_StdPeriph_Driver\src\stm32f10x_dbgmcu.o
DMA1_Channel1_IRQHandler                          src\startup_stm32f10x_hd.o
DMA1_Channel2_IRQHandler                          src\startup_stm32f10x_hd.o
DMA1_Channel3_IRQHandler                          src\startup_stm32f10x_hd.o
DMA1_Channel4_IRQHandler                          src\startup_stm32f10x_hd.o
DMA1_Channel5_IRQHandler                          src\startup_stm32f10x_hd.o
DMA1_Channel6_IRQHandler                          src\startup_stm32f10x_hd.o
DMA1_Channel7_IRQHandler                          src\startup_stm32f10x_hd.o
DMA2_Channel1_IRQHandler                          src\startup_stm32f10x_hd.o
DMA2_Channel2_IRQHandler                          src\startup_stm32f10x_hd.o
DMA2_Channel3_IRQHandler                          src\startup_stm32f10x_hd.o
DMA2_Channel4_5_IRQHandler                        src\startup_stm32f10x_hd.o
DMA_ClearFlag                                     Libraries\STM32F10x_StdPeriph_Driver\src\stm32f10x_dma.o
                                                  src\XBEE.o
DMA_ClearITPendingBit                             Libraries\STM32F10x_StdPeriph_Driver\src\stm32f10x_dma.o
DMA_Cmd                                           Libraries\STM32F10x_StdPeriph_Driver\src\stm32f10x_dma.o
                                                  src\XBEE.o
DMA_DeInit                                        Libraries\STM32F10x_StdPeriph_Driver\src\stm32f10x_dma.o
                                                  src\XBEE.o
DMA_GetCurrDataCounter                            Libraries\STM32F10x_StdPeriph_Driver\src\stm32f10x_dma.o
DMA_GetFlagStatus                                 Libraries\STM32F10x_StdPeriph_Driver\src\stm32f10x_dma.o
                                                  src\XBEE.o
DMA_GetITStatus                                   Libraries\STM32F10x_StdPeriph_Driver\src\stm32f10x_dma.o
DMA_ITConfig                                      Libraries\STM32F10x_StdPeriph_Driver\src\stm32f10x_dma.o
                                                  src\XBEE.o
DMA_Init                                          Libraries\STM32F10x_StdPeriph_Driver\src\stm32f10x_dma.o
                                                  src\XBEE.o
DMA_SetCurrDataCounter                            Libraries\STM32F10x_StdPeriph_Driver\src\stm32f10x_dma.o
DMA_StructInit                                    Libraries\STM32F10x_StdPeriph_Driver\src\stm32f10x_dma.o
                                                  src\XBEE.o
DebugMon_Handler                                  src\stm32f10x_it.o
Default_Handler                                   src\startup_stm32f10x_hd.o
EXTI0_IRQHandler                                  src\startup_stm32f10x_hd.o
EXTI15_10_IRQHandler                              src\startup_stm32f10x_hd.o
EXTI1_IRQHandler                                  src\startup_stm32f10x_hd.o
EXTI2_IRQHandler                                  src\wirelessComms.o
EXTI3_IRQHandler                                  src\startup_stm32f10x_hd.o
EXTI4_IRQHandler                                  src\startup_stm32f10x_hd.o
EXTI9_5_IRQHandler                                src\startup_stm32f10x_hd.o
EXTI_ClearFlag                                    Libraries\STM32F10x_StdPeriph_Driver\src\stm32f10x_exti.o
EXTI_ClearITPendingBit                            Libraries\STM32F10x_StdPeriph_Driver\src\stm32f10x_exti.o
                                                  src\main.o
                                                  src\wirelessComms.o
EXTI_DeInit                                       Libraries\STM32F10x_StdPeriph_Driver\src\stm32f10x_exti.o
EXTI_GenerateSWInterrupt                          Libraries\STM32F10x_StdPeriph_Driver\src\stm32f10x_exti.o
EXTI_GetFlagStatus                                Libraries\STM32F10x_StdPeriph_Driver\src\stm32f10x_exti.o
EXTI_GetITStatus                                  Libraries\STM32F10x_StdPeriph_Driver\src\stm32f10x_exti.o
                                                  src\wirelessComms.o
EXTI_Init                                         Libraries\STM32F10x_StdPeriph_Driver\src\stm32f10x_exti.o
                                                  src\wirelessComms.o
EXTI_StructInit                                   Libraries\STM32F10x_StdPeriph_Driver\src\stm32f10x_exti.o
FLASH_ClearFlag                                   Libraries\STM32F10x_StdPeriph_Driver\src\stm32f10x_flash.o
FLASH_EnableWriteProtection                       Libraries\STM32F10x_StdPeriph_Driver\src\stm32f10x_flash.o
FLASH_EraseAllBank1Pages                          Libraries\STM32F10x_StdPeriph_Driver\src\stm32f10x_flash.o
FLASH_EraseAllPages                               Libraries\STM32F10x_StdPeriph_Driver\src\stm32f10x_flash.o
FLASH_EraseOptionBytes                            Libraries\STM32F10x_StdPeriph_Driver\src\stm32f10x_flash.o
FLASH_ErasePage                                   Libraries\STM32F10x_StdPeriph_Driver\src\stm32f10x_flash.o
FLASH_GetBank1Status                              Libraries\STM32F10x_StdPeriph_Driver\src\stm32f10x_flash.o
FLASH_GetFlagStatus                               Libraries\STM32F10x_StdPeriph_Driver\src\stm32f10x_flash.o
FLASH_GetPrefetchBufferStatus                     Libraries\STM32F10x_StdPeriph_Driver\src\stm32f10x_flash.o
FLASH_GetReadOutProtectionStatus                  Libraries\STM32F10x_StdPeriph_Driver\src\stm32f10x_flash.o
FLASH_GetStatus                                   Libraries\STM32F10x_StdPeriph_Driver\src\stm32f10x_flash.o
FLASH_GetUserOptionByte                           Libraries\STM32F10x_StdPeriph_Driver\src\stm32f10x_flash.o
FLASH_GetWriteProtectionOptionByte                Libraries\STM32F10x_StdPeriph_Driver\src\stm32f10x_flash.o
FLASH_HalfCycleAccessCmd                          Libraries\STM32F10x_StdPeriph_Driver\src\stm32f10x_flash.o
FLASH_IRQHandler                                  src\startup_stm32f10x_hd.o
FLASH_ITConfig                                    Libraries\STM32F10x_StdPeriph_Driver\src\stm32f10x_flash.o
FLASH_Lock                                        Libraries\STM32F10x_StdPeriph_Driver\src\stm32f10x_flash.o
FLASH_LockBank1                                   Libraries\STM32F10x_StdPeriph_Driver\src\stm32f10x_flash.o
FLASH_PrefetchBufferCmd                           Libraries\STM32F10x_StdPeriph_Driver\src\stm32f10x_flash.o
FLASH_ProgramHalfWord                             Libraries\STM32F10x_StdPeriph_Driver\src\stm32f10x_flash.o
FLASH_ProgramOptionByteData                       Libraries\STM32F10x_StdPeriph_Driver\src\stm32f10x_flash.o
FLASH_ProgramWord                                 Libraries\STM32F10x_StdPeriph_Driver\src\stm32f10x_flash.o
FLASH_ReadOutProtection                           Libraries\STM32F10x_StdPeriph_Driver\src\stm32f10x_flash.o
FLASH_SetLatency                                  Libraries\STM32F10x_StdPeriph_Driver\src\stm32f10x_flash.o
FLASH_Unlock                                      Libraries\STM32F10x_StdPeriph_Driver\src\stm32f10x_flash.o
FLASH_UnlockBank1                                 Libraries\STM32F10x_StdPeriph_Driver\src\stm32f10x_flash.o
FLASH_UserOptionByteConfig                        Libraries\STM32F10x_StdPeriph_Driver\src\stm32f10x_flash.o
FLASH_WaitForLastBank1Operation                   Libraries\STM32F10x_StdPeriph_Driver\src\stm32f10x_flash.o
FLASH_WaitForLastOperation                        Libraries\STM32F10x_StdPeriph_Driver\src\stm32f10x_flash.o
FSMC_ClearFlag                                    Libraries\STM32F10x_StdPeriph_Driver\src\stm32f10x_fsmc.o
FSMC_ClearITPendingBit                            Libraries\STM32F10x_StdPeriph_Driver\src\stm32f10x_fsmc.o
FSMC_GetECC                                       Libraries\STM32F10x_StdPeriph_Driver\src\stm32f10x_fsmc.o
FSMC_GetFlagStatus                                Libraries\STM32F10x_StdPeriph_Driver\src\stm32f10x_fsmc.o
FSMC_GetITStatus                                  Libraries\STM32F10x_StdPeriph_Driver\src\stm32f10x_fsmc.o
FSMC_IRQHandler                                   src\startup_stm32f10x_hd.o
FSMC_ITConfig                                     Libraries\STM32F10x_StdPeriph_Driver\src\stm32f10x_fsmc.o
FSMC_NANDCmd                                      Libraries\STM32F10x_StdPeriph_Driver\src\stm32f10x_fsmc.o
FSMC_NANDDeInit                                   Libraries\STM32F10x_StdPeriph_Driver\src\stm32f10x_fsmc.o
FSMC_NANDECCCmd                                   Libraries\STM32F10x_StdPeriph_Driver\src\stm32f10x_fsmc.o
FSMC_NANDInit                                     Libraries\STM32F10x_StdPeriph_Driver\src\stm32f10x_fsmc.o
FSMC_NANDStructInit                               Libraries\STM32F10x_StdPeriph_Driver\src\stm32f10x_fsmc.o
FSMC_NORSRAMCmd                                   Libraries\STM32F10x_StdPeriph_Driver\src\stm32f10x_fsmc.o
FSMC_NORSRAMDeInit                                Libraries\STM32F10x_StdPeriph_Driver\src\stm32f10x_fsmc.o
FSMC_NORSRAMInit                                  Libraries\STM32F10x_StdPeriph_Driver\src\stm32f10x_fsmc.o
FSMC_NORSRAMStructInit                            Libraries\STM32F10x_StdPeriph_Driver\src\stm32f10x_fsmc.o
FSMC_PCCARDCmd                                    Libraries\STM32F10x_StdPeriph_Driver\src\stm32f10x_fsmc.o
FSMC_PCCARDDeInit                                 Libraries\STM32F10x_StdPeriph_Driver\src\stm32f10x_fsmc.o
FSMC_PCCARDInit                                   Libraries\STM32F10x_StdPeriph_Driver\src\stm32f10x_fsmc.o
FSMC_PCCARDStructInit                             Libraries\STM32F10x_StdPeriph_Driver\src\stm32f10x_fsmc.o
GPIO_AFIODeInit                                   Libraries\STM32F10x_StdPeriph_Driver\src\stm32f10x_gpio.o
GPIO_DeInit                                       Libraries\STM32F10x_StdPeriph_Driver\src\stm32f10x_gpio.o
GPIO_ETH_MediaInterfaceConfig                     Libraries\STM32F10x_StdPeriph_Driver\src\stm32f10x_gpio.o
GPIO_EXTILineConfig                               Libraries\STM32F10x_StdPeriph_Driver\src\stm32f10x_gpio.o
                                                  src\wirelessComms.o
GPIO_EventOutputCmd                               Libraries\STM32F10x_StdPeriph_Driver\src\stm32f10x_gpio.o
GPIO_EventOutputConfig                            Libraries\STM32F10x_StdPeriph_Driver\src\stm32f10x_gpio.o
GPIO_Init                                         Libraries\STM32F10x_StdPeriph_Driver\src\stm32f10x_gpio.o
                                                  src\AccMag.o
                                                  src\XBEE.o
                                                  src\gyro.o
                                                  src\main.o
                                                  src\wirelessComms.o
GPIO_PinLockConfig                                Libraries\STM32F10x_StdPeriph_Driver\src\stm32f10x_gpio.o
GPIO_PinRemapConfig                               Libraries\STM32F10x_StdPeriph_Driver\src\stm32f10x_gpio.o
GPIO_ReadInputData                                Libraries\STM32F10x_StdPeriph_Driver\src\stm32f10x_gpio.o
GPIO_ReadInputDataBit                             Libraries\STM32F10x_StdPeriph_Driver\src\stm32f10x_gpio.o
GPIO_ReadOutputData                               Libraries\STM32F10x_StdPeriph_Driver\src\stm32f10x_gpio.o
GPIO_ReadOutputDataBit                            Libraries\STM32F10x_StdPeriph_Driver\src\stm32f10x_gpio.o
GPIO_ResetBits                                    Libraries\STM32F10x_StdPeriph_Driver\src\stm32f10x_gpio.o
                                                  src\gyro.o
                                                  src\wirelessComms.o
GPIO_SetBits                                      Libraries\STM32F10x_StdPeriph_Driver\src\stm32f10x_gpio.o
                                                  src\gyro.o
                                                  src\main.o
                                                  src\wirelessComms.o
GPIO_StructInit                                   Libraries\STM32F10x_StdPeriph_Driver\src\stm32f10x_gpio.o
GPIO_Write                                        Libraries\STM32F10x_StdPeriph_Driver\src\stm32f10x_gpio.o
GPIO_WriteBit                                     Libraries\STM32F10x_StdPeriph_Driver\src\stm32f10x_gpio.o
HardFault_Handler                                 src\stm32f10x_it.o
I2C1_ER_IRQHandler                                src\startup_stm32f10x_hd.o
I2C1_EV_IRQHandler                                src\startup_stm32f10x_hd.o
I2C2_ER_IRQHandler                                src\startup_stm32f10x_hd.o
I2C2_EV_IRQHandler                                src\startup_stm32f10x_hd.o
I2C_ARPCmd                                        Libraries\STM32F10x_StdPeriph_Driver\src\stm32f10x_i2c.o
I2C_AcknowledgeConfig                             Libraries\STM32F10x_StdPeriph_Driver\src\stm32f10x_i2c.o
                                                  src\AccMag.o
I2C_CalculatePEC                                  Libraries\STM32F10x_StdPeriph_Driver\src\stm32f10x_i2c.o
I2C_CheckEvent                                    Libraries\STM32F10x_StdPeriph_Driver\src\stm32f10x_i2c.o
                                                  src\AccMag.o
I2C_ClearFlag                                     Libraries\STM32F10x_StdPeriph_Driver\src\stm32f10x_i2c.o
I2C_ClearITPendingBit                             Libraries\STM32F10x_StdPeriph_Driver\src\stm32f10x_i2c.o
I2C_Cmd                                           Libraries\STM32F10x_StdPeriph_Driver\src\stm32f10x_i2c.o
                                                  src\AccMag.o
I2C_DMACmd                                        Libraries\STM32F10x_StdPeriph_Driver\src\stm32f10x_i2c.o
I2C_DMALastTransferCmd                            Libraries\STM32F10x_StdPeriph_Driver\src\stm32f10x_i2c.o
I2C_DeInit                                        Libraries\STM32F10x_StdPeriph_Driver\src\stm32f10x_i2c.o
                                                  src\AccMag.o
I2C_DualAddressCmd                                Libraries\STM32F10x_StdPeriph_Driver\src\stm32f10x_i2c.o
I2C_FastModeDutyCycleConfig                       Libraries\STM32F10x_StdPeriph_Driver\src\stm32f10x_i2c.o
I2C_GeneralCallCmd                                Libraries\STM32F10x_StdPeriph_Driver\src\stm32f10x_i2c.o
I2C_GenerateSTART                                 Libraries\STM32F10x_StdPeriph_Driver\src\stm32f10x_i2c.o
                                                  src\AccMag.o
I2C_GenerateSTOP                                  Libraries\STM32F10x_StdPeriph_Driver\src\stm32f10x_i2c.o
                                                  src\AccMag.o
I2C_GetFlagStatus                                 Libraries\STM32F10x_StdPeriph_Driver\src\stm32f10x_i2c.o
                                                  src\AccMag.o
I2C_GetITStatus                                   Libraries\STM32F10x_StdPeriph_Driver\src\stm32f10x_i2c.o
I2C_GetLastEvent                                  Libraries\STM32F10x_StdPeriph_Driver\src\stm32f10x_i2c.o
I2C_GetPEC                                        Libraries\STM32F10x_StdPeriph_Driver\src\stm32f10x_i2c.o
I2C_ITConfig                                      Libraries\STM32F10x_StdPeriph_Driver\src\stm32f10x_i2c.o
I2C_Init                                          Libraries\STM32F10x_StdPeriph_Driver\src\stm32f10x_i2c.o
                                                  src\AccMag.o
I2C_NACKPositionConfig                            Libraries\STM32F10x_StdPeriph_Driver\src\stm32f10x_i2c.o
I2C_OwnAddress2Config                             Libraries\STM32F10x_StdPeriph_Driver\src\stm32f10x_i2c.o
I2C_PECPositionConfig                             Libraries\STM32F10x_StdPeriph_Driver\src\stm32f10x_i2c.o
I2C_ReadRegister                                  Libraries\STM32F10x_StdPeriph_Driver\src\stm32f10x_i2c.o
I2C_ReceiveData                                   Libraries\STM32F10x_StdPeriph_Driver\src\stm32f10x_i2c.o
                                                  src\AccMag.o
I2C_SMBusAlertConfig                              Libraries\STM32F10x_StdPeriph_Driver\src\stm32f10x_i2c.o
I2C_Send7bitAddress                               Libraries\STM32F10x_StdPeriph_Driver\src\stm32f10x_i2c.o
                                                  src\AccMag.o
I2C_SendData                                      Libraries\STM32F10x_StdPeriph_Driver\src\stm32f10x_i2c.o
                                                  src\AccMag.o
I2C_SoftwareResetCmd                              Libraries\STM32F10x_StdPeriph_Driver\src\stm32f10x_i2c.o
I2C_StretchClockCmd                               Libraries\STM32F10x_StdPeriph_Driver\src\stm32f10x_i2c.o
I2C_StructInit                                    Libraries\STM32F10x_StdPeriph_Driver\src\stm32f10x_i2c.o
I2C_TransmitPEC                                   Libraries\STM32F10x_StdPeriph_Driver\src\stm32f10x_i2c.o
I2S_Cmd                                           Libraries\STM32F10x_StdPeriph_Driver\src\stm32f10x_spi.o
I2S_Init                                          Libraries\STM32F10x_StdPeriph_Driver\src\stm32f10x_spi.o
I2S_StructInit                                    Libraries\STM32F10x_StdPeriph_Driver\src\stm32f10x_spi.o
IWDG_Enable                                       Libraries\STM32F10x_StdPeriph_Driver\src\stm32f10x_iwdg.o
IWDG_GetFlagStatus                                Libraries\STM32F10x_StdPeriph_Driver\src\stm32f10x_iwdg.o
IWDG_ReloadCounter                                Libraries\STM32F10x_StdPeriph_Driver\src\stm32f10x_iwdg.o
IWDG_SetPrescaler                                 Libraries\STM32F10x_StdPeriph_Driver\src\stm32f10x_iwdg.o
IWDG_SetReload                                    Libraries\STM32F10x_StdPeriph_Driver\src\stm32f10x_iwdg.o
IWDG_WriteAccessCmd                               Libraries\STM32F10x_StdPeriph_Driver\src\stm32f10x_iwdg.o
MemManage_Handler                                 src\stm32f10x_it.o
NMI_Handler                                       src\stm32f10x_it.o
NVIC_Init                                         Libraries\STM32F10x_StdPeriph_Driver\src\misc.o
                                                  src\XBEE.o
                                                  src\wirelessComms.o
NVIC_PriorityGroupConfig                          Libraries\STM32F10x_StdPeriph_Driver\src\misc.o
NVIC_SetVectorTable                               Libraries\STM32F10x_StdPeriph_Driver\src\misc.o
NVIC_SystemLPConfig                               Libraries\STM32F10x_StdPeriph_Driver\src\misc.o
PVD_IRQHandler                                    src\startup_stm32f10x_hd.o
PWR_BackupAccessCmd                               Libraries\STM32F10x_StdPeriph_Driver\src\stm32f10x_pwr.o
PWR_ClearFlag                                     Libraries\STM32F10x_StdPeriph_Driver\src\stm32f10x_pwr.o
PWR_DeInit                                        Libraries\STM32F10x_StdPeriph_Driver\src\stm32f10x_pwr.o
PWR_EnterSTANDBYMode                              Libraries\STM32F10x_StdPeriph_Driver\src\stm32f10x_pwr.o
PWR_EnterSTOPMode                                 Libraries\STM32F10x_StdPeriph_Driver\src\stm32f10x_pwr.o
PWR_GetFlagStatus                                 Libraries\STM32F10x_StdPeriph_Driver\src\stm32f10x_pwr.o
PWR_PVDCmd                                        Libraries\STM32F10x_StdPeriph_Driver\src\stm32f10x_pwr.o
PWR_PVDLevelConfig                                Libraries\STM32F10x_StdPeriph_Driver\src\stm32f10x_pwr.o
PWR_WakeUpPinCmd                                  Libraries\STM32F10x_StdPeriph_Driver\src\stm32f10x_pwr.o
PendSV_Handler                                    src\stm32f10x_it.o
RCC_ADCCLKConfig                                  Libraries\STM32F10x_StdPeriph_Driver\src\stm32f10x_rcc.o
RCC_AHBPeriphClockCmd                             Libraries\STM32F10x_StdPeriph_Driver\src\stm32f10x_rcc.o
                                                  src\XBEE.o
RCC_APB1PeriphClockCmd                            Libraries\STM32F10x_StdPeriph_Driver\src\stm32f10x_rcc.o
                                                  src\AccMag.o
                                                  src\XBEE.o
                                                  src\gyro.o
RCC_APB1PeriphResetCmd                            Libraries\STM32F10x_StdPeriph_Driver\src\stm32f10x_rcc.o
                                                  Libraries\STM32F10x_StdPeriph_Driver\src\stm32f10x_can.o
                                                  Libraries\STM32F10x_StdPeriph_Driver\src\stm32f10x_cec.o
                                                  Libraries\STM32F10x_StdPeriph_Driver\src\stm32f10x_dac.o
                                                  Libraries\STM32F10x_StdPeriph_Driver\src\stm32f10x_i2c.o
                                                  Libraries\STM32F10x_StdPeriph_Driver\src\stm32f10x_pwr.o
                                                  Libraries\STM32F10x_StdPeriph_Driver\src\stm32f10x_spi.o
                                                  Libraries\STM32F10x_StdPeriph_Driver\src\stm32f10x_tim.o
                                                  Libraries\STM32F10x_StdPeriph_Driver\src\stm32f10x_usart.o
                                                  Libraries\STM32F10x_StdPeriph_Driver\src\stm32f10x_wwdg.o
RCC_APB2PeriphClockCmd                            Libraries\STM32F10x_StdPeriph_Driver\src\stm32f10x_rcc.o
                                                  src\AccMag.o
                                                  src\XBEE.o
                                                  src\gyro.o
                                                  src\main.o
                                                  src\wirelessComms.o
RCC_APB2PeriphResetCmd                            Libraries\STM32F10x_StdPeriph_Driver\src\stm32f10x_rcc.o
                                                  Libraries\STM32F10x_StdPeriph_Driver\src\stm32f10x_adc.o
                                                  Libraries\STM32F10x_StdPeriph_Driver\src\stm32f10x_gpio.o
                                                  Libraries\STM32F10x_StdPeriph_Driver\src\stm32f10x_spi.o
                                                  Libraries\STM32F10x_StdPeriph_Driver\src\stm32f10x_tim.o
                                                  Libraries\STM32F10x_StdPeriph_Driver\src\stm32f10x_usart.o
RCC_AdjustHSICalibrationValue                     Libraries\STM32F10x_StdPeriph_Driver\src\stm32f10x_rcc.o
RCC_BackupResetCmd                                Libraries\STM32F10x_StdPeriph_Driver\src\stm32f10x_rcc.o
                                                  Libraries\STM32F10x_StdPeriph_Driver\src\stm32f10x_bkp.o
RCC_ClearFlag                                     Libraries\STM32F10x_StdPeriph_Driver\src\stm32f10x_rcc.o
RCC_ClearITPendingBit                             Libraries\STM32F10x_StdPeriph_Driver\src\stm32f10x_rcc.o
RCC_ClockSecuritySystemCmd                        Libraries\STM32F10x_StdPeriph_Driver\src\stm32f10x_rcc.o
RCC_DeInit                                        Libraries\STM32F10x_StdPeriph_Driver\src\stm32f10x_rcc.o
RCC_GetClocksFreq                                 Libraries\STM32F10x_StdPeriph_Driver\src\stm32f10x_rcc.o
                                                  Libraries\STM32F10x_StdPeriph_Driver\src\stm32f10x_i2c.o
                                                  Libraries\STM32F10x_StdPeriph_Driver\src\stm32f10x_spi.o
                                                  Libraries\STM32F10x_StdPeriph_Driver\src\stm32f10x_usart.o
RCC_GetFlagStatus                                 Libraries\STM32F10x_StdPeriph_Driver\src\stm32f10x_rcc.o
RCC_GetITStatus                                   Libraries\STM32F10x_StdPeriph_Driver\src\stm32f10x_rcc.o
RCC_GetSYSCLKSource                               Libraries\STM32F10x_StdPeriph_Driver\src\stm32f10x_rcc.o
RCC_HCLKConfig                                    Libraries\STM32F10x_StdPeriph_Driver\src\stm32f10x_rcc.o
RCC_HSEConfig                                     Libraries\STM32F10x_StdPeriph_Driver\src\stm32f10x_rcc.o
RCC_HSICmd                                        Libraries\STM32F10x_StdPeriph_Driver\src\stm32f10x_rcc.o
RCC_IRQHandler                                    src\startup_stm32f10x_hd.o
RCC_ITConfig                                      Libraries\STM32F10x_StdPeriph_Driver\src\stm32f10x_rcc.o
RCC_LSEConfig                                     Libraries\STM32F10x_StdPeriph_Driver\src\stm32f10x_rcc.o
RCC_LSICmd                                        Libraries\STM32F10x_StdPeriph_Driver\src\stm32f10x_rcc.o
RCC_MCOConfig                                     Libraries\STM32F10x_StdPeriph_Driver\src\stm32f10x_rcc.o
RCC_PCLK1Config                                   Libraries\STM32F10x_StdPeriph_Driver\src\stm32f10x_rcc.o
RCC_PCLK2Config                                   Libraries\STM32F10x_StdPeriph_Driver\src\stm32f10x_rcc.o
RCC_PLLCmd                                        Libraries\STM32F10x_StdPeriph_Driver\src\stm32f10x_rcc.o
RCC_PLLConfig                                     Libraries\STM32F10x_StdPeriph_Driver\src\stm32f10x_rcc.o
RCC_RTCCLKCmd                                     Libraries\STM32F10x_StdPeriph_Driver\src\stm32f10x_rcc.o
RCC_RTCCLKConfig                                  Libraries\STM32F10x_StdPeriph_Driver\src\stm32f10x_rcc.o
RCC_SYSCLKConfig                                  Libraries\STM32F10x_StdPeriph_Driver\src\stm32f10x_rcc.o
RCC_USBCLKConfig                                  Libraries\STM32F10x_StdPeriph_Driver\src\stm32f10x_rcc.o
RCC_WaitForHSEStartUp                             Libraries\STM32F10x_StdPeriph_Driver\src\stm32f10x_rcc.o
RTCAlarm_IRQHandler                               src\startup_stm32f10x_hd.o
RTC_ClearFlag                                     Libraries\STM32F10x_StdPeriph_Driver\src\stm32f10x_rtc.o
RTC_ClearITPendingBit                             Libraries\STM32F10x_StdPeriph_Driver\src\stm32f10x_rtc.o
RTC_EnterConfigMode                               Libraries\STM32F10x_StdPeriph_Driver\src\stm32f10x_rtc.o
RTC_ExitConfigMode                                Libraries\STM32F10x_StdPeriph_Driver\src\stm32f10x_rtc.o
RTC_GetCounter                                    Libraries\STM32F10x_StdPeriph_Driver\src\stm32f10x_rtc.o
RTC_GetDivider                                    Libraries\STM32F10x_StdPeriph_Driver\src\stm32f10x_rtc.o
RTC_GetFlagStatus                                 Libraries\STM32F10x_StdPeriph_Driver\src\stm32f10x_rtc.o
RTC_GetITStatus                                   Libraries\STM32F10x_StdPeriph_Driver\src\stm32f10x_rtc.o
RTC_IRQHandler                                    src\startup_stm32f10x_hd.o
RTC_ITConfig                                      Libraries\STM32F10x_StdPeriph_Driver\src\stm32f10x_rtc.o
RTC_SetAlarm                                      Libraries\STM32F10x_StdPeriph_Driver\src\stm32f10x_rtc.o
RTC_SetCounter                                    Libraries\STM32F10x_StdPeriph_Driver\src\stm32f10x_rtc.o
RTC_SetPrescaler                                  Libraries\STM32F10x_StdPeriph_Driver\src\stm32f10x_rtc.o
RTC_WaitForLastTask                               Libraries\STM32F10x_StdPeriph_Driver\src\stm32f10x_rtc.o
RTC_WaitForSynchro                                Libraries\STM32F10x_StdPeriph_Driver\src\stm32f10x_rtc.o
Reset_Handler                                     src\startup_stm32f10x_hd.o
SDIO_CEATAITCmd                                   Libraries\STM32F10x_StdPeriph_Driver\src\stm32f10x_sdio.o
SDIO_ClearFlag                                    Libraries\STM32F10x_StdPeriph_Driver\src\stm32f10x_sdio.o
SDIO_ClearITPendingBit                            Libraries\STM32F10x_StdPeriph_Driver\src\stm32f10x_sdio.o
SDIO_ClockCmd                                     Libraries\STM32F10x_StdPeriph_Driver\src\stm32f10x_sdio.o
SDIO_CmdStructInit                                Libraries\STM32F10x_StdPeriph_Driver\src\stm32f10x_sdio.o
SDIO_CommandCompletionCmd                         Libraries\STM32F10x_StdPeriph_Driver\src\stm32f10x_sdio.o
SDIO_DMACmd                                       Libraries\STM32F10x_StdPeriph_Driver\src\stm32f10x_sdio.o
SDIO_DataConfig                                   Libraries\STM32F10x_StdPeriph_Driver\src\stm32f10x_sdio.o
SDIO_DataStructInit                               Libraries\STM32F10x_StdPeriph_Driver\src\stm32f10x_sdio.o
SDIO_DeInit                                       Libraries\STM32F10x_StdPeriph_Driver\src\stm32f10x_sdio.o
SDIO_GetCommandResponse                           Libraries\STM32F10x_StdPeriph_Driver\src\stm32f10x_sdio.o
SDIO_GetDataCounter                               Libraries\STM32F10x_StdPeriph_Driver\src\stm32f10x_sdio.o
SDIO_GetFIFOCount                                 Libraries\STM32F10x_StdPeriph_Driver\src\stm32f10x_sdio.o
SDIO_GetFlagStatus                                Libraries\STM32F10x_StdPeriph_Driver\src\stm32f10x_sdio.o
SDIO_GetITStatus                                  Libraries\STM32F10x_StdPeriph_Driver\src\stm32f10x_sdio.o
SDIO_GetPowerState                                Libraries\STM32F10x_StdPeriph_Driver\src\stm32f10x_sdio.o
SDIO_GetResponse                                  Libraries\STM32F10x_StdPeriph_Driver\src\stm32f10x_sdio.o
SDIO_IRQHandler                                   src\startup_stm32f10x_hd.o
SDIO_ITConfig                                     Libraries\STM32F10x_StdPeriph_Driver\src\stm32f10x_sdio.o
SDIO_Init                                         Libraries\STM32F10x_StdPeriph_Driver\src\stm32f10x_sdio.o
SDIO_ReadData                                     Libraries\STM32F10x_StdPeriph_Driver\src\stm32f10x_sdio.o
SDIO_SendCEATACmd                                 Libraries\STM32F10x_StdPeriph_Driver\src\stm32f10x_sdio.o
SDIO_SendCommand                                  Libraries\STM32F10x_StdPeriph_Driver\src\stm32f10x_sdio.o
SDIO_SendSDIOSuspendCmd                           Libraries\STM32F10x_StdPeriph_Driver\src\stm32f10x_sdio.o
SDIO_SetPowerState                                Libraries\STM32F10x_StdPeriph_Driver\src\stm32f10x_sdio.o
SDIO_SetSDIOOperation                             Libraries\STM32F10x_StdPeriph_Driver\src\stm32f10x_sdio.o
SDIO_SetSDIOReadWaitMode                          Libraries\STM32F10x_StdPeriph_Driver\src\stm32f10x_sdio.o
SDIO_StartSDIOReadWait                            Libraries\STM32F10x_StdPeriph_Driver\src\stm32f10x_sdio.o
SDIO_StopSDIOReadWait                             Libraries\STM32F10x_StdPeriph_Driver\src\stm32f10x_sdio.o
SDIO_StructInit                                   Libraries\STM32F10x_StdPeriph_Driver\src\stm32f10x_sdio.o
SDIO_WriteData                                    Libraries\STM32F10x_StdPeriph_Driver\src\stm32f10x_sdio.o
SPI1_IRQHandler                                   src\startup_stm32f10x_hd.o
SPI2_IRQHandler                                   src\startup_stm32f10x_hd.o
SPI3_IRQHandler                                   src\startup_stm32f10x_hd.o
SPI_BiDirectionalLineConfig                       Libraries\STM32F10x_StdPeriph_Driver\src\stm32f10x_spi.o
SPI_CalculateCRC                                  Libraries\STM32F10x_StdPeriph_Driver\src\stm32f10x_spi.o
SPI_Cmd                                           Libraries\STM32F10x_StdPeriph_Driver\src\stm32f10x_spi.o
                                                  src\gyro.o
                                                  src\wirelessComms.o
SPI_DataSizeConfig                                Libraries\STM32F10x_StdPeriph_Driver\src\stm32f10x_spi.o
SPI_GetCRC                                        Libraries\STM32F10x_StdPeriph_Driver\src\stm32f10x_spi.o
SPI_GetCRCPolynomial                              Libraries\STM32F10x_StdPeriph_Driver\src\stm32f10x_spi.o
SPI_I2S_ClearFlag                                 Libraries\STM32F10x_StdPeriph_Driver\src\stm32f10x_spi.o
SPI_I2S_ClearITPendingBit                         Libraries\STM32F10x_StdPeriph_Driver\src\stm32f10x_spi.o
SPI_I2S_DMACmd                                    Libraries\STM32F10x_StdPeriph_Driver\src\stm32f10x_spi.o
SPI_I2S_DeInit                                    Libraries\STM32F10x_StdPeriph_Driver\src\stm32f10x_spi.o
                                                  src\gyro.o
                                                  src\wirelessComms.o
SPI_I2S_GetFlagStatus                             Libraries\STM32F10x_StdPeriph_Driver\src\stm32f10x_spi.o
                                                  src\gyro.o
                                                  src\wirelessComms.o
SPI_I2S_GetITStatus                               Libraries\STM32F10x_StdPeriph_Driver\src\stm32f10x_spi.o
SPI_I2S_ITConfig                                  Libraries\STM32F10x_StdPeriph_Driver\src\stm32f10x_spi.o
SPI_I2S_ReceiveData                               Libraries\STM32F10x_StdPeriph_Driver\src\stm32f10x_spi.o
                                                  src\gyro.o
                                                  src\wirelessComms.o
SPI_I2S_SendData                                  Libraries\STM32F10x_StdPeriph_Driver\src\stm32f10x_spi.o
                                                  src\gyro.o
                                                  src\wirelessComms.o
SPI_Init                                          Libraries\STM32F10x_StdPeriph_Driver\src\stm32f10x_spi.o
                                                  src\gyro.o
                                                  src\wirelessComms.o
SPI_NSSInternalSoftwareConfig                     Libraries\STM32F10x_StdPeriph_Driver\src\stm32f10x_spi.o
SPI_SSOutputCmd                                   Libraries\STM32F10x_StdPeriph_Driver\src\stm32f10x_spi.o
SPI_StructInit                                    Libraries\STM32F10x_StdPeriph_Driver\src\stm32f10x_spi.o
SPI_TransmitCRC                                   Libraries\STM32F10x_StdPeriph_Driver\src\stm32f10x_spi.o
SVC_Handler                                       src\stm32f10x_it.o
S_DMA                                             src\XBEE.o
SysTick_CLKSourceConfig                           Libraries\STM32F10x_StdPeriph_Driver\src\misc.o
SysTick_Handler                                   src\stm32f10x_it.o
SystemCoreClock                                   src\system_stm32f10x.o
SystemCoreClockUpdate                             src\system_stm32f10x.o
SystemInit                                        src\system_stm32f10x.o
                                                  src\startup_stm32f10x_hd.o
TAMPER_IRQHandler                                 src\startup_stm32f10x_hd.o
TIM1_BRK_IRQHandler                               src\startup_stm32f10x_hd.o
TIM1_CC_IRQHandler                                src\startup_stm32f10x_hd.o
TIM1_TRG_COM_IRQHandler                           src\startup_stm32f10x_hd.o
TIM1_UP_IRQHandler                                src\startup_stm32f10x_hd.o
TIM2_IRQHandler                                   src\startup_stm32f10x_hd.o
TIM3_IRQHandler                                   src\startup_stm32f10x_hd.o
TIM4_IRQHandler                                   src\startup_stm32f10x_hd.o
TIM5_IRQHandler                                   src\startup_stm32f10x_hd.o
TIM6_IRQHandler                                   src\startup_stm32f10x_hd.o
TIM7_IRQHandler                                   src\startup_stm32f10x_hd.o
TIM8_BRK_IRQHandler                               src\startup_stm32f10x_hd.o
TIM8_CC_IRQHandler                                src\startup_stm32f10x_hd.o
TIM8_TRG_COM_IRQHandler                           src\startup_stm32f10x_hd.o
TIM8_UP_IRQHandler                                src\startup_stm32f10x_hd.o
TIM_ARRPreloadConfig                              Libraries\STM32F10x_StdPeriph_Driver\src\stm32f10x_tim.o
TIM_BDTRConfig                                    Libraries\STM32F10x_StdPeriph_Driver\src\stm32f10x_tim.o
TIM_BDTRStructInit                                Libraries\STM32F10x_StdPeriph_Driver\src\stm32f10x_tim.o
TIM_CCPreloadControl                              Libraries\STM32F10x_StdPeriph_Driver\src\stm32f10x_tim.o
TIM_CCxCmd                                        Libraries\STM32F10x_StdPeriph_Driver\src\stm32f10x_tim.o
TIM_CCxNCmd                                       Libraries\STM32F10x_StdPeriph_Driver\src\stm32f10x_tim.o
TIM_ClearFlag                                     Libraries\STM32F10x_StdPeriph_Driver\src\stm32f10x_tim.o
TIM_ClearITPendingBit                             Libraries\STM32F10x_StdPeriph_Driver\src\stm32f10x_tim.o
TIM_ClearOC1Ref                                   Libraries\STM32F10x_StdPeriph_Driver\src\stm32f10x_tim.o
TIM_ClearOC2Ref                                   Libraries\STM32F10x_StdPeriph_Driver\src\stm32f10x_tim.o
TIM_ClearOC3Ref                                   Libraries\STM32F10x_StdPeriph_Driver\src\stm32f10x_tim.o
TIM_ClearOC4Ref                                   Libraries\STM32F10x_StdPeriph_Driver\src\stm32f10x_tim.o
TIM_Cmd                                           Libraries\STM32F10x_StdPeriph_Driver\src\stm32f10x_tim.o
TIM_CounterModeConfig                             Libraries\STM32F10x_StdPeriph_Driver\src\stm32f10x_tim.o
TIM_CtrlPWMOutputs                                Libraries\STM32F10x_StdPeriph_Driver\src\stm32f10x_tim.o
TIM_DMACmd                                        Libraries\STM32F10x_StdPeriph_Driver\src\stm32f10x_tim.o
TIM_DMAConfig                                     Libraries\STM32F10x_StdPeriph_Driver\src\stm32f10x_tim.o
TIM_DeInit                                        Libraries\STM32F10x_StdPeriph_Driver\src\stm32f10x_tim.o
TIM_ETRClockMode1Config                           Libraries\STM32F10x_StdPeriph_Driver\src\stm32f10x_tim.o
TIM_ETRClockMode2Config                           Libraries\STM32F10x_StdPeriph_Driver\src\stm32f10x_tim.o
TIM_ETRConfig                                     Libraries\STM32F10x_StdPeriph_Driver\src\stm32f10x_tim.o
TIM_EncoderInterfaceConfig                        Libraries\STM32F10x_StdPeriph_Driver\src\stm32f10x_tim.o
TIM_ForcedOC1Config                               Libraries\STM32F10x_StdPeriph_Driver\src\stm32f10x_tim.o
TIM_ForcedOC2Config                               Libraries\STM32F10x_StdPeriph_Driver\src\stm32f10x_tim.o
TIM_ForcedOC3Config                               Libraries\STM32F10x_StdPeriph_Driver\src\stm32f10x_tim.o
TIM_ForcedOC4Config                               Libraries\STM32F10x_StdPeriph_Driver\src\stm32f10x_tim.o
TIM_GenerateEvent                                 Libraries\STM32F10x_StdPeriph_Driver\src\stm32f10x_tim.o
TIM_GetCapture1                                   Libraries\STM32F10x_StdPeriph_Driver\src\stm32f10x_tim.o
TIM_GetCapture2                                   Libraries\STM32F10x_StdPeriph_Driver\src\stm32f10x_tim.o
TIM_GetCapture3                                   Libraries\STM32F10x_StdPeriph_Driver\src\stm32f10x_tim.o
TIM_GetCapture4                                   Libraries\STM32F10x_StdPeriph_Driver\src\stm32f10x_tim.o
TIM_GetCounter                                    Libraries\STM32F10x_StdPeriph_Driver\src\stm32f10x_tim.o
TIM_GetFlagStatus                                 Libraries\STM32F10x_StdPeriph_Driver\src\stm32f10x_tim.o
TIM_GetITStatus                                   Libraries\STM32F10x_StdPeriph_Driver\src\stm32f10x_tim.o
TIM_GetPrescaler                                  Libraries\STM32F10x_StdPeriph_Driver\src\stm32f10x_tim.o
TIM_ICInit                                        Libraries\STM32F10x_StdPeriph_Driver\src\stm32f10x_tim.o
TIM_ICStructInit                                  Libraries\STM32F10x_StdPeriph_Driver\src\stm32f10x_tim.o
TIM_ITConfig                                      Libraries\STM32F10x_StdPeriph_Driver\src\stm32f10x_tim.o
TIM_ITRxExternalClockConfig                       Libraries\STM32F10x_StdPeriph_Driver\src\stm32f10x_tim.o
TIM_InternalClockConfig                           Libraries\STM32F10x_StdPeriph_Driver\src\stm32f10x_tim.o
TIM_OC1FastConfig                                 Libraries\STM32F10x_StdPeriph_Driver\src\stm32f10x_tim.o
TIM_OC1Init                                       Libraries\STM32F10x_StdPeriph_Driver\src\stm32f10x_tim.o
TIM_OC1NPolarityConfig                            Libraries\STM32F10x_StdPeriph_Driver\src\stm32f10x_tim.o
TIM_OC1PolarityConfig                             Libraries\STM32F10x_StdPeriph_Driver\src\stm32f10x_tim.o
TIM_OC1PreloadConfig                              Libraries\STM32F10x_StdPeriph_Driver\src\stm32f10x_tim.o